
 Start         Length     Name                   Class
 0001:00000000 00093874H .text                   CODE
 0002:00000000 000020D0H .data                   DATA
 0002:000020D0 00001289H .bss                    BSS


Detailed map of segments

 0001:00000000 000057FB C=CODE     S=.text    G=(none)   M=System   ACBP=A9
 0001:000057FC 00000140 C=CODE     S=.text    G=(none)   M=SysInit  ACBP=A9
 0001:0000593C 000000BC C=CODE     S=.text    G=(none)   M=Types    ACBP=A9
 0001:000059F8 00000E18 C=CODE     S=.text    G=(none)   M=Windows  ACBP=A9
 0001:00006810 00000358 C=CODE     S=.text    G=(none)   M=SysConst ACBP=A9
 0001:00006B68 00006F78 C=CODE     S=.text    G=(none)   M=SysUtils ACBP=A9
 0001:0000DAE0 00000038 C=CODE     S=.text    G=(none)   M=Messages ACBP=A9
 0001:0000DB18 000007FB C=CODE     S=.text    G=(none)   M=VarUtils ACBP=A9
 0001:0000E314 000066BA C=CODE     S=.text    G=(none)   M=Variants ACBP=A9
 0001:000149D0 00000140 C=CODE     S=.text    G=(none)   M=RTLConsts ACBP=A9
 0001:00014B10 00000DB0 C=CODE     S=.text    G=(none)   M=TypInfo  ACBP=A9
 0001:000158C0 00000058 C=CODE     S=.text    G=(none)   M=ActiveX  ACBP=A9
 0001:00015918 0000D35E C=CODE     S=.text    G=(none)   M=Classes  ACBP=A9
 0001:00022C78 00000038 C=CODE     S=.text    G=(none)   M=ETypes   ACBP=A9
 0001:00022CB0 00000B14 C=CODE     S=.text    G=(none)   M=EConsts  ACBP=A9
 0001:000237C4 00001A2F C=CODE     S=.text    G=(none)   M=ECore    ACBP=A9
 0001:000251F4 00000A1B C=CODE     S=.text    G=(none)   M=EHook    ACBP=A9
 0001:00025C10 000000C4 C=CODE     S=.text    G=(none)   M=ELang    ACBP=A9
 0001:00025CD4 000000A0 C=CODE     S=.text    G=(none)   M=WinSock  ACBP=A9
 0001:00025D74 00000BC4 C=CODE     S=.text    G=(none)   M=ESockets ACBP=A9
 0001:00026938 0000E452 C=CODE     S=.text    G=(none)   M=ExceptionLog ACBP=A9
 0001:00034D8C 000002B0 C=CODE     S=.text    G=(none)   M=Consts   ACBP=A9
 0001:0003503C 00007383 C=CODE     S=.text    G=(none)   M=Graphics ACBP=A9
 0001:0003C3C0 00000048 C=CODE     S=.text    G=(none)   M=Math     ACBP=A9
 0001:0003C408 000002B8 C=CODE     S=.text    G=(none)   M=Contnrs  ACBP=A9
 0001:0003C6C0 000005C0 C=CODE     S=.text    G=(none)   M=CommCtrl ACBP=A9
 0001:0003CC80 00000787 C=CODE     S=.text    G=(none)   M=MultiMon ACBP=A9
 0001:0003D408 00000038 C=CODE     S=.text    G=(none)   M=Imm      ACBP=A9
 0001:0003D440 00000FF8 C=CODE     S=.text    G=(none)   M=HelpIntfs ACBP=A9
 0001:0003E438 00000038 C=CODE     S=.text    G=(none)   M=WinSpool ACBP=A9
 0001:0003E470 00000044 C=CODE     S=.text    G=(none)   M=Printers ACBP=A9
 0001:0003E4B4 0000031F C=CODE     S=.text    G=(none)   M=FlatSB   ACBP=A9
 0001:0003E7D4 000001A4 C=CODE     S=.text    G=(none)   M=SyncObjs ACBP=A9
 0001:0003E978 000009BB C=CODE     S=.text    G=(none)   M=UxTheme  ACBP=A9
 0001:0003F334 00000038 C=CODE     S=.text    G=(none)   M=RichEdit ACBP=A9
 0001:0003F36C 00000038 C=CODE     S=.text    G=(none)   M=ToolWin  ACBP=A9
 0001:0003F3A4 00000038 C=CODE     S=.text    G=(none)   M=ShellAPI ACBP=A9
 0001:0003F3DC 00000038 C=CODE     S=.text    G=(none)   M=RegStr   ACBP=A9
 0001:0003F414 00000038 C=CODE     S=.text    G=(none)   M=WinInet  ACBP=A9
 0001:0003F44C 00000038 C=CODE     S=.text    G=(none)   M=UrlMon   ACBP=A9
 0001:0003F484 0000006C C=CODE     S=.text    G=(none)   M=ShlObj   ACBP=A9
 0001:0003F4F0 00000038 C=CODE     S=.text    G=(none)   M=CommDlg  ACBP=A9
 0001:0003F528 00000038 C=CODE     S=.text    G=(none)   M=Dlgs     ACBP=A9
 0001:0003F560 0000066D C=CODE     S=.text    G=(none)   M=Dialogs  ACBP=A9
 0001:0003FBD0 00000652 C=CODE     S=.text    G=(none)   M=ExtCtrls ACBP=A9
 0001:00040224 00000048 C=CODE     S=.text    G=(none)   M=ComStrs  ACBP=A9
 0001:0004026C 00000094 C=CODE     S=.text    G=(none)   M=Clipbrd  ACBP=A9
 0001:00040300 00000038 C=CODE     S=.text    G=(none)   M=StrUtils ACBP=A9
 0001:00040338 000000F5 C=CODE     S=.text    G=(none)   M=Buttons  ACBP=A9
 0001:00040430 00000038 C=CODE     S=.text    G=(none)   M=ExtDlgs  ACBP=A9
 0001:00040468 00001014 C=CODE     S=.text    G=(none)   M=IniFiles ACBP=A9
 0001:0004147C 00000068 C=CODE     S=.text    G=(none)   M=Registry ACBP=A9
 0001:000414E4 0000006C C=CODE     S=.text    G=(none)   M=Mapi     ACBP=A9
 0001:00041550 00000058 C=CODE     S=.text    G=(none)   M=ExtActns ACBP=A9
 0001:000415A8 00001C44 C=CODE     S=.text    G=(none)   M=ListActns ACBP=A9
 0001:000431EC 0000C83C C=CODE     S=.text    G=(none)   M=ComCtrls ACBP=A9
 0001:0004FA28 00000A5C C=CODE     S=.text    G=(none)   M=Themes   ACBP=A9
 0001:00050484 00002F78 C=CODE     S=.text    G=(none)   M=StdCtrls ACBP=A9
 0001:000533FC 00000168 C=CODE     S=.text    G=(none)   M=StdActns ACBP=A9
 0001:00053564 00000D1F C=CODE     S=.text    G=(none)   M=WinHelpViewer ACBP=A9
 0001:00054284 0001101F C=CODE     S=.text    G=(none)   M=Controls ACBP=A9
 0001:000652A4 00001326 C=CODE     S=.text    G=(none)   M=ActnList ACBP=A9
 0001:000665CC 00001738 C=CODE     S=.text    G=(none)   M=ImgList  ACBP=A9
 0001:00067D04 00006639 C=CODE     S=.text    G=(none)   M=Menus    ACBP=A9
 0001:0006E340 0000C43C C=CODE     S=.text    G=(none)   M=Forms    ACBP=A9
 0001:0007A77C 00000CA8 C=CODE     S=.text    G=(none)   M=IdException ACBP=A9
 0001:0007B424 00000358 C=CODE     S=.text    G=(none)   M=IdResourceStrings ACBP=A9
 0001:0007B77C 00001127 C=CODE     S=.text    G=(none)   M=IdWinSock2 ACBP=A9
 0001:0007C8A4 00000038 C=CODE     S=.text    G=(none)   M=IdStackConsts ACBP=A9
 0001:0007C8DC 00000A18 C=CODE     S=.text    G=(none)   M=IdStack  ACBP=A9
 0001:0007D2F4 00001114 C=CODE     S=.text    G=(none)   M=IdStackWindows ACBP=A9
 0001:0007E408 00000804 C=CODE     S=.text    G=(none)   M=IdURI    ACBP=A9
 0001:0007EC0C 00001888 C=CODE     S=.text    G=(none)   M=IdGlobal ACBP=A9
 0001:00080494 000000FC C=CODE     S=.text    G=(none)   M=IdBaseComponent ACBP=A9
 0001:00080590 000002EC C=CODE     S=.text    G=(none)   M=IdAntiFreezeBase ACBP=A9
 0001:0008087C 00000645 C=CODE     S=.text    G=(none)   M=IdComponent ACBP=A9
 0001:00080EC4 00000948 C=CODE     S=.text    G=(none)   M=IdSocketHandle ACBP=A9
 0001:0008180C 000003A4 C=CODE     S=.text    G=(none)   M=IdIntercept ACBP=A9
 0001:00081BB0 0000015C C=CODE     S=.text    G=(none)   M=IdIOHandler ACBP=A9
 0001:00081D0C 000003D8 C=CODE     S=.text    G=(none)   M=IdRFCReply ACBP=A9
 0001:000820E4 00000038 C=CODE     S=.text    G=(none)   M=IdAssignedNumbers ACBP=A9
 0001:0008211C 00000B58 C=CODE     S=.text    G=(none)   M=IdSocks  ACBP=A9
 0001:00082C74 00000038 C=CODE     S=.text    G=(none)   M=IdTCPStream ACBP=A9
 0001:00082CAC 00000038 C=CODE     S=.text    G=(none)   M=IdStream ACBP=A9
 0001:00082CE4 00000874 C=CODE     S=.text    G=(none)   M=IdIOHandlerSocket ACBP=A9
 0001:00083558 000020DC C=CODE     S=.text    G=(none)   M=IdTCPConnection ACBP=A9
 0001:00085634 000004A0 C=CODE     S=.text    G=(none)   M=IdTCPClient ACBP=A9
 0001:00085AD4 00000A84 C=CODE     S=.text    G=(none)   M=IdHeaderList ACBP=A9
 0001:00086558 00000260 C=CODE     S=.text    G=(none)   M=IdCoder  ACBP=A9
 0001:000867B8 00000688 C=CODE     S=.text    G=(none)   M=IdCoder3to4 ACBP=A9
 0001:00086E40 000001AB C=CODE     S=.text    G=(none)   M=IdCoderMIME ACBP=A9
 0001:00086FEC 00000918 C=CODE     S=.text    G=(none)   M=IdAuthentication ACBP=A9
 0001:00087904 00001D44 C=CODE     S=.text    G=(none)   M=IdHTTPHeaderInfo ACBP=A9
 0001:00089648 00001344 C=CODE     S=.text    G=(none)   M=IdSSLOpenSSLHeaders ACBP=A9
 0001:0008A98C 00000038 C=CODE     S=.text    G=(none)   M=IdThread ACBP=A9
 0001:0008A9C4 00000038 C=CODE     S=.text    G=(none)   M=IdThreadMgrDefault ACBP=A9
 0001:0008A9FC 0000011C C=CODE     S=.text    G=(none)   M=IdServerIOHandler ACBP=A9
 0001:0008AB18 00000038 C=CODE     S=.text    G=(none)   M=IdServerIOHandlerSocket ACBP=A9
 0001:0008AB50 00000038 C=CODE     S=.text    G=(none)   M=IdStrings ACBP=A9
 0001:0008AB88 00000038 C=CODE     S=.text    G=(none)   M=IdThreadSafe ACBP=A9
 0001:0008ABC0 00000038 C=CODE     S=.text    G=(none)   M=IdThreadMgr ACBP=A9
 0001:0008ABF8 00000038 C=CODE     S=.text    G=(none)   M=IdTCPServer ACBP=A9
 0001:0008AC30 00002720 C=CODE     S=.text    G=(none)   M=IdSSLOpenSSL ACBP=A9
 0001:0008D350 000016F8 C=CODE     S=.text    G=(none)   M=IdCookie ACBP=A9
 0001:0008EA48 00000854 C=CODE     S=.text    G=(none)   M=IdCookieManager ACBP=A9
 0001:0008F29C 00000204 C=CODE     S=.text    G=(none)   M=IdAuthenticationManager ACBP=A9
 0001:0008F4A0 00000038 C=CODE     S=.text    G=(none)   M=IdMultipartFormData ACBP=A9
 0001:0008F4D8 00003220 C=CODE     S=.text    G=(none)   M=IdHTTP   ACBP=A9
 0001:000926F8 000000C3 C=CODE     S=.text    G=(none)   M=CheckLst ACBP=A9
 0001:000927BC 00000CC8 C=CODE     S=.text    G=(none)   M=Unit1    ACBP=A9
 0001:00093484 000003ED C=CODE     S=.text    G=(none)   M=Update   ACBP=A9
 0002:00000000 000000A0 C=DATA     S=.data    G=DGROUP   M=System   ACBP=A9
 0002:000000A0 00000020 C=DATA     S=.data    G=DGROUP   M=SysInit  ACBP=A9
 0002:000000C0 00000254 C=DATA     S=.data    G=DGROUP   M=SysUtils ACBP=A9
 0002:00000314 00000008 C=DATA     S=.data    G=DGROUP   M=VarUtils ACBP=A9
 0002:0000031C 00000136 C=DATA     S=.data    G=DGROUP   M=Variants ACBP=A9
 0002:00000454 0000000C C=DATA     S=.data    G=DGROUP   M=TypInfo  ACBP=A9
 0002:00000460 00000100 C=DATA     S=.data    G=DGROUP   M=Classes  ACBP=A9
 0002:00000560 000001D4 C=DATA     S=.data    G=DGROUP   M=EConsts  ACBP=A9
 0002:00000734 00000004 C=DATA     S=.data    G=DGROUP   M=ECore    ACBP=A9
 0002:00000738 00000045 C=DATA     S=.data    G=DGROUP   M=ExceptionLog ACBP=A9
 0002:00000780 00000304 C=DATA     S=.data    G=DGROUP   M=Graphics ACBP=A9
 0002:00000A84 00000004 C=DATA     S=.data    G=DGROUP   M=Printers ACBP=A9
 0002:00000A88 00000010 C=DATA     S=.data    G=DGROUP   M=ShlObj   ACBP=A9
 0002:00000A98 00000074 C=DATA     S=.data    G=DGROUP   M=Dialogs  ACBP=A9
 0002:00000B0C 00000178 C=DATA     S=.data    G=DGROUP   M=ExtCtrls ACBP=A9
 0002:00000C84 0000002C C=DATA     S=.data    G=DGROUP   M=Buttons  ACBP=A9
 0002:00000CB0 00000008 C=DATA     S=.data    G=DGROUP   M=IniFiles ACBP=A9
 0002:00000CB8 00000008 C=DATA     S=.data    G=DGROUP   M=Registry ACBP=A9
 0002:00000CC0 00000008 C=DATA     S=.data    G=DGROUP   M=Mapi     ACBP=A9
 0002:00000CC8 00000104 C=DATA     S=.data    G=DGROUP   M=ComCtrls ACBP=A9
 0002:00000DCC 00000068 C=DATA     S=.data    G=DGROUP   M=Themes   ACBP=A9
 0002:00000E34 00000018 C=DATA     S=.data    G=DGROUP   M=StdCtrls ACBP=A9
 0002:00000E4C 0000013C C=DATA     S=.data    G=DGROUP   M=Controls ACBP=A9
 0002:00000F88 00000020 C=DATA     S=.data    G=DGROUP   M=ImgList  ACBP=A9
 0002:00000FA8 000000EC C=DATA     S=.data    G=DGROUP   M=Menus    ACBP=A9
 0002:00001094 0000011C C=DATA     S=.data    G=DGROUP   M=Forms    ACBP=A9
 0002:000011B0 00000544 C=DATA     S=.data    G=DGROUP   M=IdWinSock2 ACBP=A9
 0002:000016F4 00000004 C=DATA     S=.data    G=DGROUP   M=IdStackConsts ACBP=A9
 0002:000016F8 0000000C C=DATA     S=.data    G=DGROUP   M=IdStack  ACBP=A9
 0002:00001704 00000001 C=DATA     S=.data    G=DGROUP   M=IdStackWindows ACBP=A9
 0002:00001708 0000009C C=DATA     S=.data    G=DGROUP   M=IdGlobal ACBP=A9
 0002:000017A4 00000004 C=DATA     S=.data    G=DGROUP   M=IdAntiFreezeBase ACBP=A9
 0002:000017A8 00000028 C=DATA     S=.data    G=DGROUP   M=IdComponent ACBP=A9
 0002:000017D0 00000004 C=DATA     S=.data    G=DGROUP   M=IdCoderMIME ACBP=A9
 0002:000017D4 00000004 C=DATA     S=.data    G=DGROUP   M=IdAuthentication ACBP=A9
 0002:000017D8 00000140 C=DATA     S=.data    G=DGROUP   M=IdSSLOpenSSLHeaders ACBP=A9
 0002:00001918 00000004 C=DATA     S=.data    G=DGROUP   M=IdSSLOpenSSL ACBP=A9
 0002:0000191C 0000004C C=DATA     S=.data    G=DGROUP   M=IdCookie ACBP=A9
 0002:00001968 00000008 C=DATA     S=.data    G=DGROUP   M=IdHTTP   ACBP=A9
 0002:00003000 00000664 C=BSS      S=.bss     G=DGROUP   M=System   ACBP=A9
 0002:00003664 00000010 C=BSS      S=.bss     G=DGROUP   M=SysInit  ACBP=A9
 0002:00003674 00000004 C=BSS      S=.bss     G=DGROUP   M=Types    ACBP=A9
 0002:00003678 00000004 C=BSS      S=.bss     G=DGROUP   M=Windows  ACBP=A9
 0002:0000367C 00000004 C=BSS      S=.bss     G=DGROUP   M=SysConst ACBP=A9
 0002:00003680 00000120 C=BSS      S=.bss     G=DGROUP   M=SysUtils ACBP=A9
 0002:000037A0 00000004 C=BSS      S=.bss     G=DGROUP   M=Messages ACBP=A9
 0002:000037A4 0000005C C=BSS      S=.bss     G=DGROUP   M=VarUtils ACBP=A9
 0002:00003800 00000040 C=BSS      S=.bss     G=DGROUP   M=Variants ACBP=A9
 0002:00003840 00000004 C=BSS      S=.bss     G=DGROUP   M=RTLConsts ACBP=A9
 0002:00003844 00000004 C=BSS      S=.bss     G=DGROUP   M=TypInfo  ACBP=A9
 0002:00003848 00000004 C=BSS      S=.bss     G=DGROUP   M=ActiveX  ACBP=A9
 0002:0000384C 00000044 C=BSS      S=.bss     G=DGROUP   M=Classes  ACBP=A9
 0002:00003890 00000004 C=BSS      S=.bss     G=DGROUP   M=ETypes   ACBP=A9
 0002:00003894 00000004 C=BSS      S=.bss     G=DGROUP   M=EConsts  ACBP=A9
 0002:00003898 00000028 C=BSS      S=.bss     G=DGROUP   M=ECore    ACBP=A9
 0002:000038C0 0000000C C=BSS      S=.bss     G=DGROUP   M=EHook    ACBP=A9
 0002:000038CC 00000004 C=BSS      S=.bss     G=DGROUP   M=ELang    ACBP=A9
 0002:000038D0 00000004 C=BSS      S=.bss     G=DGROUP   M=WinSock  ACBP=A9
 0002:000038D4 00000004 C=BSS      S=.bss     G=DGROUP   M=ESockets ACBP=A9
 0002:000038D8 0000032D C=BSS      S=.bss     G=DGROUP   M=ExceptionLog ACBP=A9
 0002:00003C08 00000004 C=BSS      S=.bss     G=DGROUP   M=Consts   ACBP=A9
 0002:00003C0C 00000060 C=BSS      S=.bss     G=DGROUP   M=Graphics ACBP=A9
 0002:00003C6C 00000004 C=BSS      S=.bss     G=DGROUP   M=Math     ACBP=A9
 0002:00003C70 00000004 C=BSS      S=.bss     G=DGROUP   M=Contnrs  ACBP=A9
 0002:00003C74 0000000C C=BSS      S=.bss     G=DGROUP   M=CommCtrl ACBP=A9
 0002:00003C80 00000031 C=BSS      S=.bss     G=DGROUP   M=MultiMon ACBP=A9
 0002:00003CB4 00000004 C=BSS      S=.bss     G=DGROUP   M=Imm      ACBP=A9
 0002:00003CB8 00000008 C=BSS      S=.bss     G=DGROUP   M=HelpIntfs ACBP=A9
 0002:00003CC0 00000004 C=BSS      S=.bss     G=DGROUP   M=WinSpool ACBP=A9
 0002:00003CC4 00000004 C=BSS      S=.bss     G=DGROUP   M=Printers ACBP=A9
 0002:00003CC8 00000034 C=BSS      S=.bss     G=DGROUP   M=FlatSB   ACBP=A9
 0002:00003CFC 00000004 C=BSS      S=.bss     G=DGROUP   M=SyncObjs ACBP=A9
 0002:00003D00 000000CC C=BSS      S=.bss     G=DGROUP   M=UxTheme  ACBP=A9
 0002:00003DCC 00000004 C=BSS      S=.bss     G=DGROUP   M=RichEdit ACBP=A9
 0002:00003DD0 00000004 C=BSS      S=.bss     G=DGROUP   M=ToolWin  ACBP=A9
 0002:00003DD4 00000004 C=BSS      S=.bss     G=DGROUP   M=ShellAPI ACBP=A9
 0002:00003DD8 00000004 C=BSS      S=.bss     G=DGROUP   M=RegStr   ACBP=A9
 0002:00003DDC 00000004 C=BSS      S=.bss     G=DGROUP   M=WinInet  ACBP=A9
 0002:00003DE0 00000004 C=BSS      S=.bss     G=DGROUP   M=UrlMon   ACBP=A9
 0002:00003DE4 00000004 C=BSS      S=.bss     G=DGROUP   M=ShlObj   ACBP=A9
 0002:00003DE8 00000004 C=BSS      S=.bss     G=DGROUP   M=CommDlg  ACBP=A9
 0002:00003DEC 00000004 C=BSS      S=.bss     G=DGROUP   M=Dlgs     ACBP=A9
 0002:00003DF0 0000000C C=BSS      S=.bss     G=DGROUP   M=Dialogs  ACBP=A9
 0002:00003DFC 00000004 C=BSS      S=.bss     G=DGROUP   M=ExtCtrls ACBP=A9
 0002:00003E00 00000004 C=BSS      S=.bss     G=DGROUP   M=ComStrs  ACBP=A9
 0002:00003E04 0000000C C=BSS      S=.bss     G=DGROUP   M=Clipbrd  ACBP=A9
 0002:00003E10 00000004 C=BSS      S=.bss     G=DGROUP   M=StrUtils ACBP=A9
 0002:00003E14 00000030 C=BSS      S=.bss     G=DGROUP   M=Buttons  ACBP=A9
 0002:00003E44 00000004 C=BSS      S=.bss     G=DGROUP   M=ExtDlgs  ACBP=A9
 0002:00003E48 00000004 C=BSS      S=.bss     G=DGROUP   M=IniFiles ACBP=A9
 0002:00003E4C 00000004 C=BSS      S=.bss     G=DGROUP   M=Registry ACBP=A9
 0002:00003E50 00000004 C=BSS      S=.bss     G=DGROUP   M=Mapi     ACBP=A9
 0002:00003E54 00000009 C=BSS      S=.bss     G=DGROUP   M=ExtActns ACBP=A9
 0002:00003E60 00000004 C=BSS      S=.bss     G=DGROUP   M=ListActns ACBP=A9
 0002:00003E64 00000015 C=BSS      S=.bss     G=DGROUP   M=ComCtrls ACBP=A9
 0002:00003E7C 00000008 C=BSS      S=.bss     G=DGROUP   M=Themes   ACBP=A9
 0002:00003E84 00000004 C=BSS      S=.bss     G=DGROUP   M=StdCtrls ACBP=A9
 0002:00003E88 00000004 C=BSS      S=.bss     G=DGROUP   M=StdActns ACBP=A9
 0002:00003E8C 00000014 C=BSS      S=.bss     G=DGROUP   M=WinHelpViewer ACBP=A9
 0002:00003EA0 00000080 C=BSS      S=.bss     G=DGROUP   M=Controls ACBP=A9
 0002:00003F20 00000004 C=BSS      S=.bss     G=DGROUP   M=ActnList ACBP=A9
 0002:00003F24 0000000C C=BSS      S=.bss     G=DGROUP   M=ImgList  ACBP=A9
 0002:00003F30 00000010 C=BSS      S=.bss     G=DGROUP   M=Menus    ACBP=A9
 0002:00003F40 00000020 C=BSS      S=.bss     G=DGROUP   M=Forms    ACBP=A9
 0002:00003F60 00000004 C=BSS      S=.bss     G=DGROUP   M=IdException ACBP=A9
 0002:00003F64 00000004 C=BSS      S=.bss     G=DGROUP   M=IdResourceStrings ACBP=A9
 0002:00003F68 000001C8 C=BSS      S=.bss     G=DGROUP   M=IdWinSock2 ACBP=A9
 0002:00004130 00000004 C=BSS      S=.bss     G=DGROUP   M=IdStackConsts ACBP=A9
 0002:00004134 00000008 C=BSS      S=.bss     G=DGROUP   M=IdStack  ACBP=A9
 0002:0000413C 00000004 C=BSS      S=.bss     G=DGROUP   M=IdStackWindows ACBP=A9
 0002:00004140 00000004 C=BSS      S=.bss     G=DGROUP   M=IdURI    ACBP=A9
 0002:00004144 00000014 C=BSS      S=.bss     G=DGROUP   M=IdGlobal ACBP=A9
 0002:00004158 00000004 C=BSS      S=.bss     G=DGROUP   M=IdBaseComponent ACBP=A9
 0002:0000415C 00000004 C=BSS      S=.bss     G=DGROUP   M=IdAntiFreezeBase ACBP=A9
 0002:00004160 00000008 C=BSS      S=.bss     G=DGROUP   M=IdComponent ACBP=A9
 0002:00004168 00000004 C=BSS      S=.bss     G=DGROUP   M=IdSocketHandle ACBP=A9
 0002:0000416C 00000004 C=BSS      S=.bss     G=DGROUP   M=IdIntercept ACBP=A9
 0002:00004170 00000004 C=BSS      S=.bss     G=DGROUP   M=IdIOHandler ACBP=A9
 0002:00004174 00000004 C=BSS      S=.bss     G=DGROUP   M=IdRFCReply ACBP=A9
 0002:00004178 00000004 C=BSS      S=.bss     G=DGROUP   M=IdAssignedNumbers ACBP=A9
 0002:0000417C 00000004 C=BSS      S=.bss     G=DGROUP   M=IdSocks  ACBP=A9
 0002:00004180 00000004 C=BSS      S=.bss     G=DGROUP   M=IdTCPStream ACBP=A9
 0002:00004184 00000004 C=BSS      S=.bss     G=DGROUP   M=IdStream ACBP=A9
 0002:00004188 00000004 C=BSS      S=.bss     G=DGROUP   M=IdIOHandlerSocket ACBP=A9
 0002:0000418C 00000004 C=BSS      S=.bss     G=DGROUP   M=IdTCPConnection ACBP=A9
 0002:00004190 00000004 C=BSS      S=.bss     G=DGROUP   M=IdTCPClient ACBP=A9
 0002:00004194 00000004 C=BSS      S=.bss     G=DGROUP   M=IdHeaderList ACBP=A9
 0002:00004198 00000004 C=BSS      S=.bss     G=DGROUP   M=IdCoder  ACBP=A9
 0002:0000419C 00000004 C=BSS      S=.bss     G=DGROUP   M=IdCoder3to4 ACBP=A9
 0002:000041A0 00000084 C=BSS      S=.bss     G=DGROUP   M=IdCoderMIME ACBP=A9
 0002:00004224 00000004 C=BSS      S=.bss     G=DGROUP   M=IdAuthentication ACBP=A9
 0002:00004228 00000004 C=BSS      S=.bss     G=DGROUP   M=IdHTTPHeaderInfo ACBP=A9
 0002:0000422C 00000004 C=BSS      S=.bss     G=DGROUP   M=IdSSLOpenSSLHeaders ACBP=A9
 0002:00004230 00000004 C=BSS      S=.bss     G=DGROUP   M=IdThread ACBP=A9
 0002:00004234 00000004 C=BSS      S=.bss     G=DGROUP   M=IdThreadMgrDefault ACBP=A9
 0002:00004238 00000004 C=BSS      S=.bss     G=DGROUP   M=IdServerIOHandler ACBP=A9
 0002:0000423C 00000004 C=BSS      S=.bss     G=DGROUP   M=IdServerIOHandlerSocket ACBP=A9
 0002:00004240 00000004 C=BSS      S=.bss     G=DGROUP   M=IdStrings ACBP=A9
 0002:00004244 00000004 C=BSS      S=.bss     G=DGROUP   M=IdThreadSafe ACBP=A9
 0002:00004248 00000004 C=BSS      S=.bss     G=DGROUP   M=IdThreadMgr ACBP=A9
 0002:0000424C 00000004 C=BSS      S=.bss     G=DGROUP   M=IdTCPServer ACBP=A9
 0002:00004250 00000010 C=BSS      S=.bss     G=DGROUP   M=IdSSLOpenSSL ACBP=A9
 0002:00004260 00000004 C=BSS      S=.bss     G=DGROUP   M=IdCookie ACBP=A9
 0002:00004264 00000004 C=BSS      S=.bss     G=DGROUP   M=IdCookieManager ACBP=A9
 0002:00004268 00000004 C=BSS      S=.bss     G=DGROUP   M=IdAuthenticationManager ACBP=A9
 0002:0000426C 00000004 C=BSS      S=.bss     G=DGROUP   M=IdMultipartFormData ACBP=A9
 0002:00004270 00000004 C=BSS      S=.bss     G=DGROUP   M=IdHTTP   ACBP=A9
 0002:00004274 0000000C C=BSS      S=.bss     G=DGROUP   M=CheckLst ACBP=A9
 0002:00004280 00000008 C=BSS      S=.bss     G=DGROUP   M=Unit1    ACBP=A9


  Address         Publics by Name

 0002:00003C08       .1
 0002:000038CC       .1
 0002:00003DCC       .1
 0002:00003840       .1
 0002:00003F64       .1
 0002:00003DBC       .1
 0002:00003DD4       .1
 0002:00003DD8       .1
 0002:00003E50       .1
 0002:0000366C       .1
 0002:00003E10       .1
 0002:00003674       .1
 0002:000037A0       .1
 0002:0000422C       .1
 0002:0000367C       .1
 0002:00003DDC       .1
 0002:00003E94       .1
 0002:000038C0       .1
 0002:00003C74       .1
 0002:00003DE0       .1
 0002:00004130       .1
 0002:00003DE4       .1
 0002:00003DE8       .1
 0002:00003DEC       .1
 0002:00004240       .1
 0002:00003CE8       .1
 0002:00004178       .1
 0002:00003890       .1
 0002:00003CA0       .1
 0002:00003E00       .1
 0002:00003CB4       .1
 0002:000038D0       .1
 0002:0000414C       .11
 0002:00003DF0       .11
 0002:0000424C       .11
 0002:00003C10       .12
 0002:00003DFC       .12
 0002:00004238       .2
 0002:0000417C       .2
 0002:00003E7C       .2
 0002:00003E08       .2
 0002:00004180       .2
 0002:0000415C       .2
 0002:00004158       .2
 0002:00004264       .2
 0002:0000389C       .2
 0002:00003C6C       .2
 0002:00004284       .2
 0002:0000423C       .2
 0002:00003CB8       .2
 0002:00004188       .2
 0002:00004234       .2
 0002:00004190       .2
 0002:00004274       .2
 0002:00004170       .2
 0002:00004194       .2
 0002:00003C70       .21
 0002:00004250       .22
 0002:00003CC0       .3
 0002:00004184       .3
 0002:00003CC4       .3
 0002:00004128       .3
 0002:00003F24       .3
 0002:0000413C       .3
 0002:00004174       .3
 0002:00004198       .3
 0002:00004160       .3
 0002:00003E44       .3
 0002:00003678       .3
 0002:00004220       .3
 0002:00004140       .3
 0002:0000419C       .3
 0002:00003848       .3
 0002:0000418C       .31
 0002:00003790       .35
 0002:00003E64       .36
 0002:0000416C       .4
 0002:00003894       .4
 0002:00003E14       .4
 0002:00004248       .4
 0002:00004224       .4
 0002:00003DD0       .4
 0002:00004268       .4
 0002:000038D4       .4
 0002:00003F48       .41
 0002:00003E84       .42
 0002:00003858       .45
 0002:00004228       .5
 0002:00003E4C       .5
 0002:0000426C       .5
 0002:000035BC       .5
 0002:00004230       .5
 0002:000037FC       .5
 0002:00004138       .6
 0002:00003CFC       .6
 0002:000038E0       .6
 0002:00003844       .6
 0002:00003F60       .64
 0002:00004244       .7
 0002:00003E54       .72
 0002:00003EA8       .72
 0002:00003E88       .73
 0002:00003E60       .8
 0002:00003F20       .8
 0002:00003E48       .8
 0002:00004270       .8
 0002:00003820       .81
 0002:00004260       .9
 0002:00004168       .9
 0002:00003F38       .9
 0001:00001C34       @AbstractError
 0001:00004340       @AddRefArray
 0001:000042F8       @AddRefRecord
 0001:00002BD8       @AfterConstruction
 0001:000029E4       @AsClass
 0001:00003670       @Assert
 0001:00002070       @AStrCmp
 0001:00002BE8       @BeforeDestruction
 0001:00002774       @BoundErr
 0001:00002A30       @CallDynaInst
 0001:00005238       @CheckAutoResult
 0001:00002B80       @ClassCreate
 0001:00002BD0       @ClassDestroy
 0001:00001F6C       @Close
 0001:000018D4       @Copy
 0001:00004534       @CopyArray
 0001:00004418       @CopyRecord
 0001:0000464C       @DispCallByIDError
 0001:0000EEF4       @DispInvokeError
 0001:0000463C       @Dispose
 0001:00003128       @DoneExcept
 0001:00004AD4       @DynArrayAddRef
 0001:00004AAC       @DynArrayAsg
 0001:00004A70       @DynArrayClear
 0001:000048B0       @DynArrayHigh
 0001:000048A8       @DynArrayLength
 0001:00004A64       @DynArraySetLength
 0001:00003210       @ExceptionHandler
 0001:000020E0       @FillChar
 0001:000042EC       @Finalize
 0001:00004200       @FinalizeArray
 0001:000041B4       @FinalizeRecord
 0001:00001F60       @Flush
 0001:00002768       @FpuInit
 0001:000026A4       @FpuMaskInit
 0001:0000175C       @FreeMem
 0001:0000173C       @GetMem
 0001:00005874       @GetTls
 0001:00003658       @Halt
 0001:00003580       @Halt0
 0001:00002CFC       @HandleAnyException
 0001:00002FE8       @HandleAutoException
 0001:00002FB0       @HandleFinally
 0001:00002E28       @HandleOnException
 0001:000058C0       @InitExe
 0001:000041A8       @Initialize
 0001:00004114       @InitializeArray
 0001:000040E4       @InitializeRecord
 0001:00003444       @InitImports
 0001:0000341C       @InitResStringImports
 0001:000033F8       @InitResStrings
 0001:0000519C       @IntfAddRef
 0001:0000516C       @IntfCast
 0001:00005128       @IntfClear
 0001:00005140       @IntfCopy
 0001:000029C0       @IsClass
 0001:00002674       @isNECWindows
 0001:00001918       @LGetDir
 0001:00003BE0       @LStrAddRef
 0001:00003738       @LStrArrayClr
 0001:00003768       @LStrAsg
 0001:000039F8       @LStrCat
 0001:00003A3C       @LStrCat3
 0001:00003AB0       @LStrCatN
 0001:00003714       @LStrClr
 0001:00003B3C       @LStrCmp
 0001:00003C50       @LStrCopy
 0001:00003C90       @LStrDelete
 0001:00003984       @LStrFromArray
 0001:000038FC       @LStrFromChar
 0001:0000390C       @LStrFromPChar
 0001:00003804       @LStrFromPCharLen
 0001:0000393C       @LStrFromPWChar
 0001:00003870       @LStrFromPWCharLen
 0001:00003978       @LStrFromString
 0001:0000399C       @LStrFromWArray
 0001:000039B8       @LStrFromWStr
 0001:00003CD8       @LStrInsert
 0001:000037AC       @LStrLAsg
 0001:000039F0       @LStrLen
 0001:00003D34       @LStrPos
 0001:00003D7C       @LStrSetLength
 0001:00003BF0       @LStrToPChar
 0001:000039CC       @LStrToString
 0001:00004628       @New
 0001:000037D8       @NewAnsiString
 0001:00003E10       @NewWideString
 0001:00001B9C       @Pos
 0001:00002388       @Pow10
 0001:00001FEC       @PStrCmp
 0001:00001FC4       @PStrCpy
 0001:00001FD0       @PStrNCpy
 0001:000030D4       @RaiseAgain
 0001:000030AC       @RaiseExcept
 0001:0000177C       @ReallocMem
 0001:00001CA8       @RewritText
 0001:00001C04       @ROUND
 0001:00003664       @RunError
 0001:00002360       @SetEq
 0001:00001BDC       @SetLength
 0001:00002374       @SetUnion
 0001:000033B8       @StartExe
 0001:00000314       @strlen
 0001:00001C10       @TRUNC
 0001:00003158       @TryFinallyExit
 0001:00003C48       @UniqueStringA
 0001:00004678       @ValInt64
 0001:00002100       @ValLong
 0001:00004328       @VarAddRef
 0001:00013FA0       @VarAddRef
 0001:0000F7D4       @VarCast
 0001:0000F1E0       @VarClear
 0001:000041E8       @VarClr
 0001:0000F1F4       @VarClr
 0001:0001489C       @VarCmpEQ
 0001:0000F508       @VarCopy
 0001:00004400       @VarCopy
 0001:00013540       @VarFromBool
 0001:000133CC       @VarFromByte
 0001:00013590       @VarFromCurr
 0001:000134E8       @VarFromCurrency
 0001:00013514       @VarFromDate
 0001:00013634       @VarFromDisp
 0001:000134BC       @VarFromDouble
 0001:00013370       @VarFromInt
 0001:0001346C       @VarFromInt64
 0001:000133AC       @VarFromInteger
 0001:00013608       @VarFromIntf
 0001:0001340C       @VarFromLongWord
 0001:000135A4       @VarFromLStr
 0001:00013568       @VarFromReal
 0001:0001342C       @VarFromShortInt
 0001:00013498       @VarFromSingle
 0001:0001344C       @VarFromSmallInt
 0001:0001357C       @VarFromTDateTime
 0001:000133EC       @VarFromWord
 0001:000135D0       @VarFromWStr
 0001:0000EF48       @VarNull
 0001:00010FA0       @VarToBool
 0001:00010C58       @VarToBoolean
 0001:00010098       @VarToByte
 0001:00011E44       @VarToCurrency
 0001:000118DC       @VarToDate
 0001:000132C4       @VarToDisp
 0001:0001116C       @VarToDouble
 0001:0001065C       @VarToInt64
 0001:0000FB98       @VarToInteger
 0001:000131F8       @VarToIntf
 0001:00010310       @VarToLongWord
 0001:000124F8       @VarToLStr
 0001:000114E8       @VarToReal
 0001:0000FFE8       @VarToShortInt
 0001:00011504       @VarToSingle
 0001:00010140       @VarToSmallInt
 0001:00010238       @VarToWord
 0001:00012C20       @VarToWStr
 0001:00003DE0       @Write0LString
 0001:00002218       @WriteBytes
 0001:000022E8       @WriteLn
 0001:00003DE8       @WriteLString
 0001:0000226C       @WriteSpaces
 0001:000040C4       @WStrAddRef
 0001:00003E50       @WStrArrayClr
 0001:00003E74       @WStrAsg
 0001:00003E38       @WStrClr
 0001:00003FB0       @WStrCmp
 0001:00004034       @WStrCopy
 0001:00003F84       @WStrFromLStr
 0001:00003E98       @WStrFromPCharLen
 0001:00003F48       @WStrFromPWChar
 0001:00003F24       @WStrFromPWCharLen
 0001:00003FA4       @WStrLen
 0001:00004080       @WStrSetLength
 0001:00003F94       @WStrToPWChar
 0001:0000233C       @_CLenToPasStr
 0001:00002330       @_CToPasStr
 0001:000018A4       @_IOTest
 0001:00004654       @_llmul
 0001:0000BA10       Abort
 0001:00057144       AbsMin
 0001:0000BD94       AbstractErrorHandler
 0002:0000302C       AbstractErrorProc
 0002:00003F6C       accept
 0002:0000411C       AcceptEx
 0002:00000144       AccessMode
 0001:0000180C       AcquireExceptionObject
 0001:0002BEB8       ActicatePage
 0001:0001805C       ActivateClassGroup
 0001:00023FD8       ActivateInterlanLog
 0001:00005FFC       ActivateKeyboardLayout
 0002:00003EDC       ActiveDrag
 0002:000038B9       ActiveInternalLog
 0001:00015910       ActiveX
 0001:000665A0       ActnList
 0001:00000448       AddBlockAfter
 0001:0008D8AC       AddCookieFlag
 0001:0008D7EC       AddCookieProperty
 0002:00000460       AddDataModule
 0001:0000780C       AddExitProc
 0001:0001C170       AddFinished
 0001:00069938       AddIn
 0001:0002A16C       AddModule
 0001:00004FBC       AddModuleUnloadProc
 0001:00004FCC       AddModuleUnloadProc
 0001:0001C1A8       AddNotFinished
 0001:0001CBCC       AddSubComponentsToLoaded
 0001:00021200       AddThread
 0001:0002A270       AddToStack
 0001:0002AC00       AdjustButtonStyle
 0001:00038764       AdjustColor
 0001:0002BE08       AdjustDialog
 0001:00070964       Adjustment
 0001:000845F8       AdjustStreamSize
 0001:00006004       AdjustWindowRectEx
 0002:00000E34       Alignments
 0002:0000107C       Alignments
 0002:0000106C       Alignments
 0001:0005C8C4       AlignWork
 0001:0007785C       AlignWork
 0001:00022A58       AllocateHWnd
 0001:000077C0       AllocMem
 0002:000035B4       AllocMemCount
 0002:000035B8       AllocMemSize
 0001:0003C1B8       AllocPatternBitmap
 0001:0000581C       AllocTlsBuffer
 0001:0001F954       AncestorIsValid
 0002:00000E58       AnchorAlign
 0002:00000E4C       AnimateWindowProc
 0002:00000F54       AnimationStyle
 0001:000079B8       AnsiCompareStr
 0001:000079F0       AnsiCompareText
 0001:00007B18       AnsiExtractQuotedStr
 0001:00008210       AnsiLastChar
 0001:0000600C       AnsiLower
 0001:0000C710       AnsiPos
 0001:0006E14C       AnsiSameCaption
 0001:00007A28       AnsiSameText
 0001:00007A40       AnsiStrLIComp
 0001:0000C748       AnsiStrPos
 0001:0000C7E8       AnsiStrRScan
 0001:0000C810       AnsiStrScan
 0001:000055B8       AnsiToUtf8
 0001:00007984       AnsiUpperCase
 0001:00013180       AnyToIntf
 0001:00009C50       AppendChars
 0001:0000A014       AppendFormat
 0001:00009CB4       AppendNumber
 0001:00009C94       AppendString
 0001:0002F8D4       AppendToLogFile
 0002:00003F40       Application
 0002:00000470       ApplicationHandleException
 0002:00000478       ApplicationShowException
 0001:00092A64       AppPath
 0002:000011A8       AppVisible
 0002:00000D20       Arrangements
 0001:00029990       ASMAssigned
 0001:0000BD78       AssertErrorHandler
 0002:00003024       AssertErrorProc
 0001:00014F88       AssignLongStr
 0001:00015604       AssignVariant
 0002:00004154       ATempPath
 0002:000017D4       AuthList
 0002:00000D28       AutoArrange
 0002:0000360C       avail
 0001:000084A8       BackfillGetDiskFreeSpaceEx
 0001:00059CD8       BackgroundClipped
 0001:0000DDA8       BackupVarBoolFromStr
 0001:0000DF08       BackupVarBStrFromBool
 0001:0000DE28       BackupVarBStrFromCy
 0001:0000DE98       BackupVarBStrFromDate
 0001:0000DD3C       BackupVarCyFromStr
 0001:0000DCD0       BackupVarDateFromStr
 0001:0000DB8C       BackupVarI4FromStr
 0001:0000DB38       BackupVariantChangeTypeEx
 0001:0000DBF8       BackupVarR4FromStr
 0001:0000DC64       BackupVarR8FromStr
 0001:0002D740       Base64Encode
 0001:0002D914       Base64EncodeFromString
 0002:00000334       BaseTypeMap
 0001:0000C36C       Beep
 0001:00018430       BeginGlobalLoading
 0001:00006014       BeginPaint
 0001:000036C8       BeginThread
 0001:00038770       BetterSize
 0001:0006A7AC       BiDiDraw
 0002:00003F70       bind
 0001:000210EC       BinToHex
 0001:00005E2C       BitBlt
 0002:00000C84       BitBtnCaptions
 0002:00003E18       BitBtnGlyphs
 0002:00000A38       BitmapCanvasList
 0002:00003C28       BitmapImageLock
 0001:0000DB74       BiUnimplemented
 0002:00000534       BlockCode
 0002:000035E4       blockDescBlockList
 0002:000035E8       blockDescFreeList
 0002:00000454       BooleanIdents
 0002:00000330       BooleanToStringRule
 0001:00008030       BoolToStr
 0001:00012280       BoolToWStrViaOS
 0002:00000D00       BorderStyles
 0001:00017358       Bounds
 0001:00005978       Bounds
 0002:00001014       Breaks
 0002:00003C60       BrushManager
 0001:0006CF60       BuildImage
 0002:00000AE0       ButtonCaptions
 0002:00000AB4       ButtonNames
 0001:00040408       Buttons
 0002:00001090       Buttons
 0002:00000E44       ButtonStyles
 0001:0007D12C       ByteIsOk
 0001:00037F50       BytesPerScanline
 0001:000382A8       ByteSwapColors
 0001:0000C450       ByteToCharIndex
 0001:0000C428       ByteToCharLen
 0001:0000C3EC       ByteType
 0001:0000C374       ByteTypeTest
 0002:00003F28       CachedComCtrlVer
 0001:00032EA4       CalcAddr
 0001:00022994       CalcJmpOffset
 0001:00064578       CalcSplitterPos
 0001:0002F954       CallExceptionActionNotify_atSavedLogFile
 0001:0002F940       CallExceptionActionNotify_atSavingLogFile
 0001:0002E4D4       CallExceptionActionNotify_atSendingEmail
 0001:0002E4E8       CallExceptionActionNotify_atSentEmail
 0001:0002FD64       CallExceptionActionNotify_atShowedExceptionInfo
 0001:0002FD50       CallExceptionActionNotify_atShowingExceptionInfo
 0001:0002CE44       CallExceptionActionNotify_atTerminating
 0001:0002FD3C       CallExceptionNotify
 0001:0000601C       CallNextHookEx
 0001:0000D010       CallTerminateProcs
 0001:00006024       CallWindowProc
 0001:0002FD78       CallWriteIntraWebText
 0001:0003220C       Call_HookedExceptionObject
 0001:00032118       Call_HookedRaise
 0001:0005817C       CancelDrag
 0001:0002A6C0       CanExit
 0001:0002E0D0       CanSendLogFile
 0002:00003C64       CanvasList
 0002:00003EF0       CanvasList
 0002:00003A28       CaptionFontName
 0002:00000AA0       Captions
 0002:00000F10       CaptureControl
 0002:00000FB4       cBooleanToItemAutoFlag
 0002:00000364       CBooleanToRelationship
 0001:00005994       CenterPoint
 0002:00003E06       CF_COMPONENT
 0002:00003E04       CF_PICTURE
 0002:0000396C       CGIHandleException
 0002:00003934       CGIOutputFile
 0002:00003818       ChangeAnyProc
 0001:000566FC       ChangeBiDiModeAlignment
 0001:00008290       ChangeFileExt
 0001:00003834       CharFromWChar
 0001:0000C624       CharLength
 0001:00000274       CharNext
 0001:0000602C       CharNext
 0001:000367D4       CharsetToIdent
 0001:0000C538       CharToByteIndex
 0001:0000C59C       CharToByteLen
 0001:00006034       CharToOemA
 0001:0000603C       CharUpperBuff
 0001:00038D20       CheckBool
 0001:0004724C       CheckCommonControl
 0001:00028B78       CheckForResult
 0001:00024024       CheckIntoIDE
 0001:00002C78       CheckJmp
 0001:000927AC       CheckLst
 0001:00006044       CheckMenuItem
 0001:0002FCA8       CheckPercent
 0002:00001004       Checks
 0001:0001CC08       CheckSubComponents
 0001:00021218       CheckSynchronize
 0001:00070384       CheckTaskWindow
 0001:0002E728       CheckToSendLastEmail
 0001:00013660       CheckType
 0001:00057E30       CheckUndock
 0001:0000C260       CheckWin32Version
 0001:0000604C       ChildWindowFromPoint
 0001:00090438       ChunkSize
 0002:0000034C       CInvalidCustomVariantType
 0002:00000FB8       cItemAutoFlagToBoolean
 0002:00000FB0       cItemAutoFlagToMenu
 0001:00022BE4       Classes
 0001:00017E20       ClassNotFound
 0002:00003814       ClearAnyProc
 0001:00036064       ClearColor
 0001:00027944       ClearInternalError
 0001:00014450       ClearVariantTypeList
 0001:00006054       ClientToScreen
 0001:00061B1C       ClientToWindow
 0002:00000A30       ClipboardFormats
 0001:000402A8       Clipbrd
 0001:00000214       CloseHandle
 0001:00005ADC       CloseHandle
 0002:00003F74       closesocket
 0001:00025CD4       closesocket
 0002:00003D04       CloseThemeData
 0002:00000A88       CLSID_AutoComplete
 0002:00003974       CLXHandleException
 0002:00003040       CmdLine
 0002:0000303C       CmdShow
 0002:00000FAC       cMenuAutoFlagToItem
 0002:00000370       CmpTypeMap
 0001:0000DB80       CmpUnimplemented
 0001:000158D0       CoCreateInstance
 0002:0000073C       Code64
 0002:00000CF0       Codes
 0002:00000D7C       Codes
 0002:00003E78       CoInitExProcLoaded
 0001:000158C0       CoInitialize
 0002:00003E74       CoInitializeExProc
 0001:000186EC       CollectionsEqual
 0002:000007B0       Colors
 0001:000365CC       ColorToIdent
 0002:00000B0C       ColorToPretyName
 0001:000365BC       ColorToRGB
 0002:00000D50       ColumnClicks
 0002:00003BE4       ColWidths
 0002:00000DAC       ComboBoxExStyles
 0002:00000DB8       ComboExStyles
 0002:00003C78       ComCtl32DLL
 0002:00003E70       ComCtlVersion
 0001:0004FA20       ComCtrls
 0002:00003F3C       CommandPool
 0001:0003CC78       CommCtrl
 0001:0003F520       CommDlg
 0001:00000728       Commit
 0002:00003628       committedRoot
 0001:00029B90       CompareEurekaFunctions
 0001:00068F1C       CompareFront
 0001:000078EC       CompareMem
 0001:000078BC       CompareStr
 0001:00005AE4       CompareString
 0001:0000790C       CompareText
 0001:00007F58       CompareWith
 0001:00028968       CompiledWithPackages
 0001:0002F85C       CompleteStr
 0001:0001CCE8       ComponentCreated
 0001:0002E828       ComputerName
 0001:00040264       ComStrs
 0001:00025CDC       connect
 0002:00003F78       connect
 0001:00082EB4       ConnectTimeout
 0001:00035034       Consts
 0001:0003C6B8       Contnrs
 0002:00003EAE       ControlAtom
 0002:00003EB4       ControlAtomString
 0001:0007512C       ControlHasHelp
 0001:00065214       Controls
 0002:000004A4       Convert
 0002:00000494       Convert
 0001:0000B7B0       ConvertAddr
 0001:00025384       ConvertAddress
 0001:0002897C       ConvertAddress
 0001:00009DA4       ConvertEraString
 0001:00007784       ConvertError
 0001:0000779C       ConvertErrorFmt
 0001:0004BAF8       ConvertFlags
 0001:0004B964       ConvertMask
 0001:0004BB1C       ConvertStates
 0001:00009F0C       ConvertYearString
 0001:000048B8       CopyArray
 0001:000397F8       CopyBitmap
 0001:00039EC0       CopyBitmapAsMask
 0001:0000655C       CopyMemory
 0001:00039E5C       CopyPalette
 0001:0000605C       CopyRect
 0002:00000DD0       Copyright
 0001:0006C00C       CopyToBest
 0001:000158D8       CoTaskMemAlloc
 0001:000158C8       CoUninitialize
 0001:0000C4A8       CountChars
 0002:00003C40       CounterLock
 0002:00000350       CRangeToType
 0001:0000BCBC       CreateAssertException
 0001:0000BE44       CreateAVObject
 0001:00005E34       CreateBitmap
 0001:00005E3C       CreateBrushIndirect
 0001:00005E44       CreateCompatibleBitmap
 0001:00005E4C       CreateCompatibleDC
 0001:0001CD68       CreateComponent
 0001:000066C8       CreateDialog
 0001:00006064       CreateDialogParam
 0001:00005E5C       CreateDIBitmap
 0001:00005E54       CreateDIBSection
 0001:00005AEC       CreateEvent
 0001:00005AF4       CreateFile
 0001:0000021C       CreateFileA
 0001:00005AFC       CreateFileMapping
 0001:00005E64       CreateFont
 0001:00005E6C       CreateFontIndirect
 0001:00005E74       CreateHalftonePalette
 0001:0000606C       CreateIcon
 0001:0000BBE8       CreateInOutError
 0001:00006074       CreateMenu
 0001:00005E7C       CreatePalette
 0001:00005E84       CreatePenIndirect
 0001:0000607C       CreatePopupMenu
 0001:00005B04       CreateProcess
 0001:000271E8       CreateSafeCallItem
 0001:00005E8C       CreateSolidBrush
 0001:00038300       CreateSystemPalette
 0001:00005B0C       CreateThread
 0001:0000027C       CreateThread
 0001:00006670       CreateWindow
 0001:00006618       CreateWindowEx
 0002:00000E50       CreationControl
 0002:00000A98       CreationControl
 0002:00000440       CRelationshipToBoolean
 0002:00000314       CResult
 0002:0000013C       cSimpleBoolStrs
 0002:000003EC       CText
 0002:00000F4C       Ctl3DStyles
 0002:00003620       curAlloc
 0001:000138F4       CurrCompare
 0002:00003688       CurrencyDecimals
 0002:00003684       CurrencyFormat
 0002:00003680       CurrencyString
 0001:000335E8       CurrentEurekaLogOptions
 0002:0000398C       CurrentGeneralErrorText
 0002:0000392C       CurrentOptions
 0002:0000390C       CurrentStackList
 0001:00009C3C       CurrentYear
 0001:00009654       CurrToStr
 0001:00012210       CurrToWStrViaOS
 0002:0000112C       CursorMap
 0002:00000E60       Cursors
 0001:00056A1C       CursorToIdent
 0002:0000111C       cUseAlpha
 0002:00001124       cUseColorKey
 0001:00007C7C       CvtInt
 0001:00007CE8       CvtInt64
 0002:0000017C       CWNear
 0001:00009BC0       Date
 0001:000138CC       DateCompare
 0002:00003689       DateSeparator
 0001:0007FB58       DateTimeToGmtOffSetStr
 0001:0007F274       DateTimeToInternetStr
 0001:0000A854       DateTimeToStr
 0001:0000A7C8       DateTimeToString
 0001:000097A8       DateTimeToTimeStamp
 0001:0000A824       DateToStr
 0001:00012248       DateToWStrViaOS
 0001:00009B98       DayOfWeek
 0002:00000178       DCon10
 0002:000007AC       DDBsOnly
 0001:00022B0C       DeallocateHWnd
 0002:00000028       DebugHook
 0002:00003687       DecimalSeparator
 0001:00009B78       DecodeDate
 0001:00009A2C       DecodeDateFully
 0001:0000989C       DecodeTime
 0001:000007BC       Decommit
 0001:00000DD8       DecommitFree
 0002:000035FC       decommittedRoot
 0001:00078484       Default
 0001:00072DB4       Default
 0002:00000020       Default8087CW
 0002:00000E54       DefaultDockTreeClass
 0001:0004A3C4       DefaultListViewSort
 0002:00000034       DefaultTextLineBreakStyle
 0002:000035C0       DefaultUserCodePage
 0002:00000A00       DefBrushData
 0002:00000780       DefFontData
 0001:00006084       DefFrameProc
 0002:00000208       DefLongDayNames
 0002:000001BC       DefLongMonthNames
 0001:0000608C       DefMDIChildProc
 0002:000009E0       DefPenData
 0002:000001EC       DefShortDayNames
 0002:0000018C       DefShortMonthNames
 0001:00006094       DefWindowProc
 0001:00004B10       DelayLoadResourceModule
 0001:00000478       DeleteBlock
 0001:00005B14       DeleteCriticalSection
 0001:000003E8       DeleteCriticalSection
 0001:00005E94       DeleteDC
 0001:00000C20       DeleteFree
 0001:0000609C       DeleteMenu
 0001:00005E9C       DeleteObject
 0001:000393B4       DeselectBitmap
 0001:000060A4       DestroyCursor
 0001:000060AC       DestroyIcon
 0001:00040338       DestroyLocals
 0001:000060B4       DestroyMenu
 0001:000060BC       DestroyWindow
 0002:00003BFC       DetailsActive
 0001:0002AC3C       DetailsState
 0001:000060C4       DialogBoxParam
 0001:00053F38       DialogEnumerationTester
 0001:0003FB90       Dialogs
 0002:00000A3C       DIBPalSizes
 0002:00000090       dig
 0002:00000D68       Directions
 0001:000701D8       DisableTaskWindows
 0001:000060CC       DispatchMessage
 0001:0007640C       DispatchShortCut
 0002:00003000       DispCallByIDProc
 0001:00007768       DivMod
 0001:0003F558       Dlgs
 0002:000038C8       DllList
 0002:00001918       DLLLoadCount
 0001:00077710       DoAlign
 0001:0005C754       DoAlign
 0001:000607DC       DoCalcConstraints
 0002:00003EE4       DockSiteList
 0001:0006CC2C       DoClick
 0001:0005DE98       DoControlMsg
 0001:00070188       DoDisableWindow
 0001:0005775C       DoDragOver
 0001:000077E0       DoExitProc
 0001:0006284C       DoFindControlZone
 0001:000702C4       DoFindWindow
 0001:00062DD8       DoFindZone
 0001:000628D0       DoForEach
 0001:000641DC       DoGetNextLimit
 0001:0007FF78       DomainName
 0001:00025B4C       Done
 0001:00034C4C       Done
 0001:0002518C       Done
 0001:00070150       DoneApplication
 0001:00033F10       DoneCheckFreeze
 0001:00064F3C       DoneControls
 0001:0000C170       DoneExceptions
 0001:00074788       DoNestedActivation
 0001:000211B4       DoneThreadSynchronization
 0001:00077560       DoPosition
 0001:0005C314       DoPosition
 0001:00063804       DoPrune
 0001:00063CDC       DoSaveZone
 0001:00063EE0       DoSetNewBounds
 0002:0000045C       DotSep
 0001:00038F78       DoWrite
 0001:00019CE4       DoWrite
 0001:0006757C       DoWrite
 0001:0005D480       DoWriteDesignSize
 0001:0005ADD8       DoWriteIsControl
 0002:00003EC8       DragCapture
 0002:00003EBC       DragControl
 0001:00057EA4       DragDone
 0001:0005770C       DragFindTarget
 0001:000576E0       DragFindWindow
 0002:00003EE0       DragImageList
 0001:00057AFC       DragInit
 0001:00057C6C       DragInitControl
 0002:00003EC4       DragInternalObject
 0001:00057628       DragMessage
 0002:00003EC0       DragObject
 0002:00003EEC       DragSave
 0002:00003ED4       DragSaveCursor
 0002:00003ECC       DragStartPos
 0002:00003ED8       DragThreshold
 0001:0005782C       DragTo
 0001:000784C0       DrawAppIcon
 0001:0002BD10       DrawBmp
 0001:00063370       DrawCloseButton
 0001:000060D4       DrawEdge
 0001:000060DC       DrawFrameControl
 0001:000633C8       DrawGrabberLine
 0001:000060E4       DrawIcon
 0001:000060EC       DrawIconEx
 0002:00000F88       DrawingStyles
 0001:000060F4       DrawMenuBar
 0001:0006DF6C       DrawMenuItem
 0001:000060FC       DrawText
 0002:00003D08       DrawThemeBackground
 0002:00003D2C       DrawThemeEdge
 0002:00003D30       DrawThemeIcon
 0002:00003DB4       DrawThemeParentBackground
 0002:00003D0C       DrawThemeText
 0001:00037DD0       DupBits
 0001:00005B1C       DuplicateHandle
 0001:000048D0       DynArrayClear
 0001:000048D8       DynArraySetLength
 0001:000237BC       EConsts
 0001:000251E4       ECore
 0002:00001074       EdgeStyle
 0002:00000F3C       EdgeStyles
 0002:00000D08       EditStyles
 0001:0000BBBC       EHeapException.FreeInstance
 0001:00025C00       EHook
 0001:0008FF10       EIdHTTPProtocolException.CreateError
 0001:0007B35C       EIdProtocolReplyError.CreateError
 0001:0007B3A4       EIdSocketError.CreateError
 0001:0007B7F4       EIdWS2StubError.Build
 0001:00025CCC       ELang
 0001:00013758       EmptyCompare
 0002:00003800       EmptyParam
 0002:000000C0       EmptyStr
 0002:000000C4       EmptyWideStr
 0002:00000564       EMsgs
 0001:00006104       EnableMenuItem
 0002:0000100C       Enables
 0001:0000610C       EnableScrollBar
 0001:0007028C       EnableTaskWindows
 0002:00003D9C       EnableThemeDialogTexture
 0002:00003DB8       EnableTheming
 0001:00006114       EnableWindow
 0001:000099FC       EncodeDate
 0001:0000985C       EncodeTime
 0001:0000611C       EndDialog
 0001:000184B8       EndGlobalLoading
 0001:00006124       EndPaint
 0001:0000370C       EndThread
 0001:00005B24       EnterCriticalSection
 0001:000003D8       EnterCriticalSection
 0001:00005B2C       EnumCalendarInfoA
 0002:00003C9C       EnumDisplayMonitors
 0001:0000B424       EnumEraNames
 0001:0000B460       EnumEraYearOffsets
 0001:00073378       EnumMonitorsProc
 0001:00005B34       EnumSystemLocales
 0001:0000612C       EnumThreadWindows
 0001:0001C518       EnumValue
 0001:00006134       EnumWindows
 0001:0002A668       EnumWindowsProc
 0001:0000613C       EqualRect
 0002:00003750       EraNames
 0001:0000AAE0       EraToYear
 0002:0000376C       EraYearOffsets
 0002:00000068       errCaption
 0001:00001898       Error
 0001:000179C4       Error
 0001:00068C6C       Error
 0001:0001BCFC       Error
 0001:0002D0E0       Error
 0002:00000004       ErrorAddr
 0001:0000184C       ErrorAt
 0001:0000BC68       ErrorHandler
 0002:00000224       ErrorMap
 0002:00003008       ErrorProc
 0002:000033E8       ErrOutput
 0002:000006E4       EShowOptions
 0001:00026930       ESockets
 0001:00022CA8       ETypes
 0002:00000560       EurekaLogCurrentVersion
 0002:00000630       EVals
 0001:000017EC       ExceptAddr
 0002:0000300C       ExceptClsProc
 0001:0000C0DC       ExceptHandler
 0001:0000BA30       Exception.Create
 0001:0000BA6C       Exception.CreateFmt
 0001:0000BAEC       Exception.CreateRes
 0001:0000BB28       Exception.CreateResFmt
 0002:000038DC       ExceptionActionNotify
 0002:0000301C       ExceptionClass
 0001:0000B7BC       ExceptionErrorMessage
 0001:00034D54       ExceptionLog
 0001:000336A0       ExceptionManager
 0002:000038D8       ExceptionNotify
 0002:0000393C       ExceptionNumber
 0001:000289BC       ExceptionTypeByAddr
 0002:0000025C       ExceptMap
 0001:00031D20       ExceptNotify
 0001:000017CC       ExceptObject
 0002:00003010       ExceptObjProc
 0002:00003004       ExceptProc
 0001:00005EA4       ExcludeClipRect
 0002:00000000       ExitCode
 0001:000034C4       ExitDll
 0002:00003048       ExitProc
 0001:0000028C       ExitProcess
 0002:00003028       ExitProcessProc
 0002:00000138       ExitProcList
 0001:00000284       ExitThread
 0001:00005B3C       ExitThread
 0001:00005B44       ExpandEnvironmentStrings
 0001:0000846C       ExpandFileName
 0001:0002CFB0       ExpandPath
 0001:00029BE8       ExportedFunctions
 0001:000415A0       ExtActns
 0001:000401F4       ExtCtrls
 0001:00040460       ExtDlgs
 0001:0002CFE4       ExtractAddresses
 0001:000330B4       ExtractExceptionData
 0001:00008358       ExtractFileDrive
 0001:00008424       ExtractFileExt
 0001:000083EC       ExtractFileName
 0001:00008324       ExtractFilePath
 0001:0002937C       ExtractStr
 0001:00005EAC       ExtTextOut
 0002:00003A14       fActive
 0002:00000738       fActivePage
 0002:0000378C       FalseBoolStrs
 0002:00003BA4       fBmp
 0002:00003A18       fCaptionFont
 0002:0000427C       FCheckHeight
 0002:00004278       FCheckWidth
 0002:00003E0C       FClipboard
 0002:0000016C       FCon1E18
 0002:00003A0C       fDlgBack
 0001:0007F7B0       Fetch
 0001:0007F6C8       FetchCaseInsensitive
 0002:00003A20       fFixedFont
 0002:00004150       FIdPorts
 0001:00008198       FileAge
 0001:00008190       FileClose
 0001:000080F8       FileCreate
 0001:000080D4       FileCreate
 0001:00008200       FileExists
 0002:00000A34       FileFormats
 0002:00000008       FileMode
 0001:00001CF0       FileNOPProc
 0001:0000807C       FileOpen
 0001:00008100       FileRead
 0002:00000488       FilerSignature
 0001:00008158       FileSeek
 0001:00005B4C       FileTimeToDosDateTime
 0001:00005B54       FileTimeToLocalFileTime
 0001:0000812C       FileWrite
 0001:00000D08       FillAfterGap
 0001:00000CB4       FillBeforeGap
 0001:00000DA0       FillerSizeAfterGap
 0001:00000D30       FillerSizeBeforeGap
 0001:00006144       FillRect
 0002:00003BA0       fImageList
 0001:0003E470       Finalization
 0001:00026900       Finalization
 0001:0008A94C       Finalization
 0001:0003FB34       Finalization
 0001:0003E438       Finalization
 0001:0000D8E0       Finalization
 0001:0000DAE0       Finalization
 0001:00089610       Finalization
 0001:00087870       Finalization
 0001:00086F90       Finalization
 0001:0003E3F0       Finalization
 0001:000541B0       Finalization
 0001:0000E2D4       Finalization
 0001:0004F9A8       Finalization
 0001:0003F528       Finalization
 0001:0003F4F0       Finalization
 0001:0003F4B8       Finalization
 0001:00086E08       Finalization
 0001:0003F44C       Finalization
 0001:00086780       Finalization
 0001:0003F414       Finalization
 0001:00086520       Finalization
 0001:00067CCC       Finalization
 0001:00085A9C       Finalization
 0001:000855FC       Finalization
 0001:00083520       Finalization
 0001:00041550       Finalization
 0001:00082CAC       Finalization
 0001:000059C0       Finalization
 0001:00005904       Finalization
 0001:00082C74       Finalization
 0001:00082C3C       Finalization
 0001:0003E794       Finalization
 0001:0008A98C       Finalization
 0001:0005352C       Finalization
 0001:000820E4       Finalization
 0001:000820AC       Finalization
 0001:0008A9C4       Finalization
 0001:000056D4       Finalization
 0001:00081CD4       Finalization
 0001:0008AAE0       Finalization
 0001:00081B78       Finalization
 0001:0008AB18       Finalization
 0001:0008AB50       Finalization
 0001:000817D4       Finalization
 0001:000401AC       Finalization
 0001:00080E54       Finalization
 0001:0008AB88       Finalization
 0001:0008ABC0       Finalization
 0001:00080844       Finalization
 0001:0008ABF8       Finalization
 0001:0008D310       Finalization
 0001:0008E9E4       Finalization
 0001:0008F264       Finalization
 0001:000651AC       Finalization
 0001:0008F468       Finalization
 0001:0008F4A0       Finalization
 0001:000533C4       Finalization
 0001:00080558       Finalization
 0001:00040234       Finalization
 0001:000802B8       Finalization
 0001:00050438       Finalization
 0001:0004026C       Finalization
 0001:0004142C       Finalization
 0001:0003E940       Finalization
 0001:000926A8       Finalization
 0001:000148AC       Finalization
 0001:00040300       Finalization
 0001:00014AD8       Finalization
 0001:0003D408       Finalization
 0001:0003D3C8       Finalization
 0001:000431B4       Finalization
 0001:00015868       Finalization
 0001:000158E0       Finalization
 0001:00025D3C       Finalization
 0001:000403D0       Finalization
 0001:00025C9C       Finalization
 0001:00035004       Finalization
 0001:00040430       Finalization
 0001:00034CB8       Finalization
 0001:00025BC8       Finalization
 0001:000251A4       Finalization
 0001:0006E248       Finalization
 0001:0007EBD4       Finalization
 0001:0003F3DC       Finalization
 0001:0003F3A4       Finalization
 0001:0003F36C       Finalization
 0001:0003F334       Finalization
 0001:0003F2C4       Finalization
 0001:0007E398       Finalization
 0001:0007D2BC       Finalization
 0001:00066570       Finalization
 0001:0009277C       Finalization
 0001:0003C1F0       Finalization
 0001:000414F8       Finalization
 0001:0003C3D0       Finalization
 0001:0009344C       Finalization
 0001:00093484       Finalization
 0001:0007C8A4       Finalization
 0001:0003C688       Finalization
 0001:0002374C       Finalization
 0001:0007C85C       Finalization
 0001:0007A6DC       Finalization
 0001:0003CC48       Finalization
 0001:0007B3EC       Finalization
 0001:0007B744       Finalization
 0001:00022B34       Finalization
 0001:00006B30       Finalization
 0001:00041494       Finalization
 0001:000067D8       Finalization
 0001:00022C78       Finalization
 0001:000048C8       FinalizeArray
 0001:000032F8       FinalizeUnits
 0001:0006C9EC       Find
 0001:0001F04C       FindAncestor
 0001:0008737C       FindAuthClass
 0001:00004B80       FindBS
 0001:00017EE0       FindClass
 0001:00004B08       FindClassHInstance
 0001:0000029C       FindClose
 0001:00005B5C       FindClose
 0001:00025760       FindCode
 0001:00000C84       FindCommitted
 0001:000567FC       FindControl
 0001:00063004       FindControlAtPos
 0001:000146F4       FindCustomVariantType
 0001:000147AC       FindCustomVariantType
 0001:000581C8       FindDragTarget
 0001:0002FC20       FindException
 0001:0001CF18       FindExistingComponent
 0001:000002A4       FindFirstFile
 0001:00005B64       FindFirstFile
 0001:00029740       FindFunction
 0001:00018348       FindGlobalComponent
 0001:000703D0       FindGlobalComponent
 0002:00003864       FindGlobalComponentProcs
 0001:00004AE0       FindHInstance
 0001:000181F0       FindIdentToInt
 0001:00018174       FindIntToIdent
 0001:00027C40       FindModuleType
 0002:00003DF8       FindMsg
 0001:0001C0A8       FindNestedComponent
 0001:00068C34       FindPopupControl
 0001:0000DF9C       FindProc
 0001:00005B6C       FindResource
 0001:00004B58       FindResourceHInstance
 0001:00079F30       FindScanline
 0001:00070328       FindTopMostWindow
 0001:0001DDFC       FindUniqueName
 0001:00014298       FindVarData
 0001:00058194       FindVCLWindow
 0001:0000614C       FindWindow
 0001:00053F90       FindWinHelp
 0002:00003A2C       FixedFontName
 0002:00003A24       FixedFontSize
 0001:000397AC       FixupBitFields
 0002:00001084       Flags
 0002:0000379C       FLanguages
 0001:0003E7C4       FlatSB
 0002:00003CC8       FlatSB_EnableScrollBar
 0002:00003CD4       FlatSB_GetScrollInfo
 0002:00003CD8       FlatSB_GetScrollPos
 0002:00003CD0       FlatSB_GetScrollRange
 0002:00003CE0       FlatSB_SetScrollInfo
 0002:00003CDC       FlatSB_SetScrollPos
 0001:0003E4B4       FlatSB_SetScrollProp
 0002:00003CE4       FlatSB_SetScrollRange
 0002:00003CCC       FlatSB_ShowScrollBar
 0001:000092E4       FloatToDecimal
 0001:00009624       FloatToStr
 0001:00008D1C       FloatToText
 0001:00008FF0       FloatToTextFmt
 0001:00001F54       Flush
 0001:00005B74       FlushInstructionCache
 0002:00003A10       fMemoBack
 0002:00003B84       fMonitor
 0002:00003B88       fMonitorInfo
 0002:00000180       FMSecsPerDay
 0001:00008C18       FmtStr
 0002:000010A0       FocusCount
 0002:0000109C       FocusMessages
 0001:00085C04       FoldWrapText
 0002:00000950       FontCharsets
 0002:00003C58       FontManager
 0001:00023ED8       ForceSaveLog
 0001:000703A4       ForegroundTask
 0002:00004280       Form1
 0001:00008C04       Format
 0002:00000188       Format
 0001:0000880C       FormatBuf
 0001:00008800       FormatClearStr
 0001:0000A868       FormatDateTime
 0001:0002F01C       FormatDateTimeEx
 0001:00008784       FormatError
 0002:00000164       FormatErrorStrs
 0001:00009684       FormatFloat
 0001:00005B7C       FormatMessage
 0001:000087DC       FormatVarToStr
 0001:0007A738       Forms
 0001:00002380       FPower10
 0002:00000A84       FPrinter
 0001:00006154       FrameRect
 0001:0000D4C0       FreeAndNil
 0001:000009F0       FreeCommitted
 0001:00000F10       FreeCurAlloc
 0001:00058288       FreeDeviceContext
 0001:00058344       FreeDeviceContexts
 0001:00022900       FreeIntConstList
 0001:00005B84       FreeLibrary
 0001:000002AC       FreeLibrary
 0001:00039308       FreeMemoryContexts
 0001:00022A34       FreeObjectInstance
 0001:00070464       FreeObjectInstance
 0001:00005BA4       FreeResource
 0001:00027228       FreeSafeCallItem
 0001:00000670       FreeSpace
 0001:0000D02C       FreeTerminateProcs
 0001:0003E978       FreeThemeLibrary
 0002:00003998       FreezeThread
 0002:00003E6C       FRichEditModule
 0001:00028A7C       FunctionSize
 0002:00003A1C       fVariableFont
 0002:000017A4       GAntiFreeze
 0002:000017D0       GBase64CodeTable
 0002:000041A0       GBase64DecodeTable
 0001:00037DC0       GDICheck
 0001:00037D18       GDIError
 0001:000320CC       GeneralRaise
 0001:00001BFC       Get8087CW
 0002:00004120       GetAcceptExSockaddrs
 0001:00005BAC       GetACP
 0001:0002E980       GetActiveControlClass
 0001:0002E9AC       GetActiveControlText
 0001:0002E878       GetActiveFormClass
 0001:0002E8D8       GetActiveFormText
 0001:0000615C       GetActiveWindow
 0001:00077BEC       GetAnimation
 0001:0002F600       GetApplicationDescription
 0001:0002F7B4       GetApplicationName
 0001:00005EB4       GetBitmapBits
 0001:000003F0       GetBlockDesc
 0001:00005EBC       GetBrushOrgEx
 0001:000065D8       GetBValue
 0001:0002A2C4       GetCallStackByAddresses
 0001:00006164       GetCapture
 0001:00056AC4       GetCaptureControl
 0001:000926F8       GetCheckSize
 0001:00017E8C       GetClass
 0001:0000616C       GetClassInfo
 0001:00006174       GetClassName
 0001:0000617C       GetClientRect
 0001:00005EC4       GetClipBox
 0001:0000038C       GetCmdShow
 0001:00066740       GetColor
 0001:00047274       GetComCtlVersion
 0001:00005BBC       GetCommandLine
 0001:000002B4       GetCommandLine
 0001:0000083C       GetCommitted
 0001:000008CC       GetCommittedAt
 0001:00020404       GetComponentValue
 0001:00005BC4       GetComputerName
 0001:0005DA4C       GetControlAtPos
 0001:00031A1C       GetControlClass
 0001:00031A60       GetControlText
 0001:00009D00       GetCount
 0001:00005BB4       GetCPInfo
 0001:0000851C       GetCurrentDir
 0001:000002BC       GetCurrentDirectory
 0001:00005ECC       GetCurrentPositionEx
 0001:00005BCC       GetCurrentProcess
 0001:00005BD4       GetCurrentProcessId
 0001:00033698       GetCurrentStackPointer
 0002:00003DAC       GetCurrentThemeName
 0001:00005BDC       GetCurrentThread
 0001:0000037C       GetCurrentThreadId
 0001:00005BE4       GetCurrentThreadId
 0001:00006554       GetCurrentTime
 0001:00027AB4       GetCurrentTopOfStack
 0001:00006184       GetCursor
 0001:00079F40       GetCursorHeightMargin
 0001:0000618C       GetCursorPos
 0001:00009D2C       GetDate
 0001:00005BEC       GetDateFormat
 0001:0000A9F8       GetDateOrder
 0001:00006194       GetDC
 0001:0000619C       GetDCEx
 0001:00005ED4       GetDCOrgEx
 0001:000297F4       GetDebugInfosByAddr
 0001:00029528       GetDebugPartialInfos
 0001:0003BE00       GetDefFontCharSet
 0001:00019284       GetDesigner
 0001:000061A4       GetDesktopWindow
 0001:00005EEC       GetDeviceCaps
 0001:0002BDE4       GetDialogState
 0001:00038D08       GetDIB
 0001:00005EDC       GetDIBColorTable
 0001:00005EE4       GetDIBits
 0001:00038C50       GetDIBSizes
 0001:00037F30       GetDInColors
 0001:00005BF4       GetDiskFreeSpaceA
 0002:00000134       GetDiskFreeSpaceEx
 0001:0002F388       GetDiskInfo
 0001:000061AC       GetDlgItem
 0001:000642BC       GetDockAlign
 0001:0005746C       GetDockSiteAtPos
 0001:00057798       GetDropCtl
 0001:00002A00       GetDynaMethod
 0001:00029988       GetEF
 0001:00014B48       GetEnumName
 0001:00014C20       GetEnumNameValue
 0001:00014C6C       GetEnumValue
 0001:00005BFC       GetEnvironmentVariable
 0001:0000B4D8       GetEraNamesAndYearOffsets
 0001:0000AA8C       GetEraYearOffset
 0001:0002F0BC       GetExceptionAddress
 0001:0000BE2C       GetExceptionClass
 0001:0002F08C       GetExceptionDate
 0001:0002F1C4       GetExceptionMessage
 0001:0002F104       GetExceptionModule
 0001:0000C010       GetExceptionObject
 0001:0002F16C       GetExceptionType
 0001:00005C04       GetExitCodeThread
 0001:0007D8E8       GetFDSet
 0001:00017E14       GetFieldClassTable
 0001:0000022C       GetFileSize
 0001:00005C0C       GetFileSize
 0001:00000224       GetFileType
 0001:0000C280       GetFileVersion
 0001:00005E14       GetFileVersionInfo
 0001:00005E1C       GetFileVersionInfoSize
 0001:000152F4       GetFloatProp
 0001:000061B4       GetFocus
 0001:000367F4       GetFontData
 0001:000061BC       GetForegroundWindow
 0001:0000CAB0       GetFormatSettings
 0001:0002F46C       GetFreeDisk
 0001:0002F2E4       GetFreeMemory
 0001:00005C14       GetFullPathName
 0001:000065D4       GetGValue
 0001:00035D60       GetHashCode
 0001:00075164       GetHelpInfo
 0001:0003D888       GetHelpSystem
 0001:000779D0       GetHint
 0001:00077A08       GetHintControl
 0002:00003FC8       gethostbyaddr
 0001:00025D0C       gethostbyname
 0002:00003FCC       gethostbyname
 0002:00003FD0       gethostname
 0001:00025D14       gethostname
 0001:0006E0E8       GetHotkey
 0001:000061C4       GetIconInfo
 0001:00015710       GetInt64Prop
 0001:00015774       GetInterfaceProp
 0001:0002B150       GetItemText
 0001:000061DC       GetKeyboardLayout
 0001:000061E4       GetKeyboardLayoutList
 0001:000061EC       GetKeyboardState
 0001:0000266C       GetKeyboardType
 0001:000061CC       GetKeyNameText
 0001:000061D4       GetKeyState
 0001:0002EFD4       GetLanguageString
 0001:000061F4       GetLastActivePopup
 0001:00062584       GetLastChildZone
 0001:000002C4       GetLastError
 0001:00005C1C       GetLastError
 0001:0004A020       GetLength
 0001:0000B29C       GetLocaleChar
 0001:0002EEA8       GetLocaleDataA
 0001:0002EE68       GetLocaleDataW
 0001:00005C2C       GetLocaleInfo
 0001:000002CC       GetLocaleInfo
 0001:00005C34       GetLocaleInfoA
 0001:00005C3C       GetLocaleInfoW
 0001:0000B250       GetLocaleStr
 0001:00005C24       GetLocalTime
 0001:00056A80       GetLongHint
 0001:00014F9C       GetLongStrProp
 0001:0002A6A0       GetMainWindow
 0001:000061FC       GetMenu
 0001:000750EC       GetMenuHelpContext
 0001:00006204       GetMenuItemCount
 0001:0000620C       GetMenuItemID
 0001:00006214       GetMenuItemInfo
 0001:0006B238       GetMenuSize
 0001:0000621C       GetMenuState
 0001:00006224       GetMenuString
 0001:0000622C       GetMessagePos
 0001:00015698       GetMethodProp
 0001:000002D4       GetModuleFileName
 0001:00005C44       GetModuleFileName
 0001:000002DC       GetModuleHandle
 0001:00005C4C       GetModuleHandle
 0001:000057FC       GetModuleHandle
 0002:00003C90       GetMonitorInfo
 0002:00003C94       GetMonitorInfoA
 0002:00003C98       GetMonitorInfoW
 0001:0000B300       GetMonthDayNames
 0001:00006234       GetNextWindow
 0001:00005EF4       GetObject
 0001:00014DC4       GetOrdProp
 0001:0002EE20       GetOSBuild
 0001:0002EFFC       GetOSLanguage
 0001:0002EB70       GetOSType
 0001:00005EFC       GetPaletteEntries
 0001:000019F0       GetParamStr
 0001:0000623C       GetParent
 0001:000705B8       GetParentForm
 0002:00003F80       getpeername
 0001:00005F04       GetPixel
 0001:00005C54       GetPrivateProfileString
 0001:000002E4       GetProcAddress
 0001:00005C5C       GetProcAddress
 0001:00006244       GetProp
 0001:00014CD0       GetPropInfo
 0001:00014D40       GetPropInfos
 0002:00003FE0       getprotobyname
 0002:00003FDC       getprotobynumber
 0001:00070A78       GetRealScrollPosition
 0001:00066720       GetRGBColor
 0001:000065D0       GetRValue
 0001:0000624C       GetScrollInfo
 0001:00006254       GetScrollPos
 0001:0000625C       GetScrollRange
 0002:00003FD8       getservbyname
 0002:00003FD4       getservbyport
 0001:00056A3C       GetShortHint
 0001:00014E94       GetShortStrProp
 0001:00014F2C       GetShortStrPropAsLongStr
 0002:00003F84       getsockname
 0002:00003F88       getsockopt
 0001:00028C18       GetSourceInfoByAddr
 0001:00000594       GetSpace
 0001:000005F8       GetSpaceAt
 0001:00068CC4       GetSpecialName
 0001:000327D0       GetStackPointer
 0001:0002F5D4       GetStartDate
 0001:00005C64       GetStartupInfo
 0001:000002EC       GetStartupInfo
 0001:00000234       GetStdHandle
 0001:00005C6C       GetStdHandle
 0001:00005F0C       GetStockObject
 0001:00005C74       GetStringTypeEx
 0001:000150CC       GetStrProp
 0001:00006264       GetSubMenu
 0001:0002923C       GetSymbolAddr
 0001:00031F8C       GetSynchronizeParams
 0001:0000626C       GetSysColor
 0001:00006274       GetSysColorBrush
 0001:00005C7C       GetSystemDefaultLangID
 0001:00005C84       GetSystemInfo
 0001:0000627C       GetSystemMenu
 0001:00006284       GetSystemMetrics
 0002:00003C80       GetSystemMetrics
 0001:00005F14       GetSystemPaletteEntries
 0001:00005C8C       GetTempPath
 0001:00005F1C       GetTextExtentPoint32
 0001:00005F24       GetTextMetrics
 0002:00003DA4       GetThemeAppProperties
 0002:00003D10       GetThemeBackgroundContentRect
 0002:00003D14       GetThemeBackgroundExtent
 0002:00003D24       GetThemeBackgroundRegion
 0002:00003D48       GetThemeBool
 0002:00003D3C       GetThemeColor
 0002:00003DB0       GetThemeDocumentationProperty
 0002:00003D50       GetThemeEnumValue
 0002:00003D70       GetThemeFilename
 0002:00003D58       GetThemeFont
 0002:00003D4C       GetThemeInt
 0002:00003D64       GetThemeIntList
 0002:00003D60       GetThemeMargins
 0002:00003D40       GetThemeMetric
 0002:00003D18       GetThemePartSize
 0002:00003D54       GetThemePosition
 0002:00003D68       GetThemePropertyOrigin
 0002:00003D5C       GetThemeRect
 0002:00003D44       GetThemeString
 0002:00003D7C       GetThemeSysBool
 0002:00003D74       GetThemeSysColor
 0002:00003D78       GetThemeSysColorBrush
 0002:00003D84       GetThemeSysFont
 0002:00003D8C       GetThemeSysInt
 0002:00003D80       GetThemeSysSize
 0002:00003D88       GetThemeSysString
 0002:00003D1C       GetThemeTextExtent
 0002:00003D20       GetThemeTextMetrics
 0001:00005C94       GetThreadContext
 0001:000002F4       GetThreadLocale
 0001:00005C9C       GetThreadLocale
 0001:00005CA4       GetTickCount
 0001:00009D64       GetTime
 0001:00005CAC       GetTimeZoneInformation
 0001:00005828       GetTlsSize
 0001:0007819C       GetTopMostWindows
 0001:00056BCC       GetTopParent
 0001:0000628C       GetTopWindow
 0001:0002F520       GetTotalDisk
 0001:0002F240       GetTotalMemory
 0001:00014B3C       GetTypeData
 0001:000143B8       GetVarDataArrayInfo
 0001:00015618       GetVariantProp
 0001:00005CB4       GetVersion
 0001:00000384       GetVersion
 0001:00005CBC       GetVersionEx
 0001:0002E9D8       GetVersionNumber
 0001:00015138       GetWideStrProp
 0001:0001501C       GetWideStrPropAsLongStr
 0001:00006294       GetWindow
 0001:0000629C       GetWindowDC
 0001:000062A4       GetWindowLong
 0001:00005F2C       GetWindowOrgEx
 0001:000062AC       GetWindowPlacement
 0001:000062B4       GetWindowRect
 0001:000062BC       GetWindowText
 0002:00003D98       GetWindowTheme
 0001:000062CC       GetWindowThreadProcessId
 0001:000062C4       GetWindowThreadProcessId
 0002:000017CC       GInstanceCount
 0001:00005CC4       GlobalAddAtom
 0001:00005CCC       GlobalAlloc
 0001:00006568       GlobalAllocPtr
 0001:00005CD4       GlobalDeleteAtom
 0001:00005CDC       GlobalFindAtom
 0002:00003868       GlobalFixupList
 0001:0001C1F0       GlobalFixupReferences
 0001:00005CE4       GlobalFree
 0001:00006594       GlobalFreePtr
 0001:00005CF4       GlobalHandle
 0001:00005CEC       GlobalLock
 0001:00005CFC       GlobalMemoryStatus
 0002:0000384C       GlobalNameSpace
 0001:00005D04       GlobalReAlloc
 0001:00006578       GlobalReAllocPtr
 0001:00005D0C       GlobalUnlock
 0002:000039EC       Global_CriticalSection
 0002:00003A04       Global_CurrentEvent
 0002:000039D8       Global_ExceptionRecord
 0002:000039D4       Global_Execute
 0002:000039D5       Global_Handled
 0002:00003A08       Global_IntraWebText
 0001:0007FC14       GmtOffsetStrToDateTime
 0001:0007FD48       GMTToLocalDateTime
 0001:00031FAC       GoNotify
 0001:0003C2C4       Graphics
 0002:00000CE0       GripStyles
 0001:00018008       GroupDescendentsWith
 0002:00001700       GServeFileProc
 0002:00004134       GSocketListClass
 0002:000016F8       GStack
 0002:000016FC       GStackClass
 0002:00004164       GStackCriticalSection
 0002:00001704       GStarted
 0001:00033FF0       HandleAnyExceptionAddr
 0002:00003940       HandleAnyExceptionAddr_Variable
 0001:000340A4       HandleAutoExceptionAddr
 0002:00003948       HandleAutoExceptionAddr_Variable
 0001:0000EE70       HandleConversionException
 0001:0007536C       HandleEdge
 0001:0001D654       HandleException
 0001:0003403C       HandleOnExceptionAddr
 0002:00003944       HandleOnExceptionAddr_Variable
 0001:000518B8       HasPopup
 0002:00000024       HeapAllocFlags
 0002:000035C8       heapErrorCode
 0002:000035CC       heapLock
 0001:0003E430       HelpIntfs
 0002:00003CBC       HelpManager
 0002:00003DF4       HelpMsg
 0002:00003E98       HelpViewer
 0002:00003E9C       HelpViewerIntf
 0002:00000130       HexDisplayPrefix
 0001:00021128       HexToBin
 0002:0000190C       hIdCrypto
 0002:00000D18       HideSelections
 0001:00064338       HideZone
 0002:00001910       hIdIndySSL
 0002:00001908       hIdSSL
 0002:00003668       HInstance
 0002:00003F54       HintDoneEvent
 0001:00077AD8       HintGetMsgHook
 0002:00003F58       HintHook
 0001:00077A7C       HintMouseThread
 0002:00003F5C       HintThread
 0002:00003F50       HintThreadID
 0001:00077A28       HintTimerProc
 0002:00001094       HintWindowClass
 0002:00003D28       HitTestThemeBackground
 0001:00006550       HiWord
 0001:000298D8       HookBPLProcedure
 0001:0002580C       HookDllProcedure
 0001:0003256C       HookedCreateThread
 0001:0003228C       HookedExceptionObject
 0001:00032358       HookedExceptProc
 0001:000329B0       HookedExitThread
 0001:00032A1C       HookedHttpExtensionProc
 0001:0003232C       HookedInitProc
 0001:000321AC       HookedRaise
 0001:000327D8       HookedResumeThread
 0001:00032480       HookedRTLThreadProc
 0001:000322B0       HookedSafeCallError
 0001:000323C8       HookedThreadProc
 0001:00033810       Hooked_CGIHandleServerException
 0001:0003395C       Hooked_GUIHandleException
 0001:00033C14       Hooked_IndyThreadHandleException
 0001:000339FC       Hooked_IntraWebHandleException
 0001:000338B4       Hooked_ISAPIHandleServerException
 0001:00033B00       Hooked_NTServiceLogMessage
 0001:0002579C       HookFunction
 0001:00077B1C       HookHintHooks
 0001:000347D8       HookingModuleName
 0001:000347FC       HookingRTLModuleName
 0001:00034120       HookLastFInit
 0001:00034104       HookLastInit
 0001:00025474       HookProcedureEx
 0001:00029878       HookSymbolProcedure
 0001:00034130       Hook_InitializationAndFinalization
 0001:000342C8       Hook_OnExceptionEvents
 0001:0002D990       HostName
 0002:00003F8C       htonl
 0002:00003F90       htons
 0001:00025CE4       htons
 0001:000066E0       HwndMSWheel
 0002:000011B0       hWS2Dll
 0002:00000D94       IAlignment
 0002:00001028       IBreaks
 0002:00001034       IChecks
 0001:00080874       IdAntiFreezeBase
 0001:00082114       IdAssignedNumbers
 0001:000878D8       IdAuthentication
 0001:0008F498       IdAuthenticationManager
 0001:00080588       IdBaseComponent
 0001:000867B0       IdCoder
 0001:00086E38       IdCoder3to4
 0001:00086FCC       IdCoderMIME
 0001:00080E9C       IdComponent
 0001:0008EA40       IdCookie
 0001:0008F294       IdCookieManager
 0002:000018D8       IdDES_ecb_encrypt
 0002:000018D4       IdDES_set_key
 0002:000018D0       IdDES_set_odd_parity
 0002:0000103C       IDefaults
 0001:000367E4       IdentToCharset
 0001:000365DC       IdentToColor
 0001:00056A2C       IdentToCursor
 0001:0001826C       IdentToInt
 0001:0007B41C       IdException
 0001:00080374       IdGlobal
 0001:00086550       IdHeaderList
 0001:000926F0       IdHTTP
 0001:00089640       IdHTTPHeaderInfo
 0001:00081BA8       IdIntercept
 0001:00081D04       IdIOHandler
 0001:00083550       IdIOHandlerSocket
 0001:0008F4D0       IdMultipartFormData
 0001:0007B774       IdResourceStrings
 0001:000820DC       IdRFCReply
 0001:0008AB10       IdServerIOHandler
 0001:0008AB48       IdServerIOHandlerSocket
 0001:00081804       IdSocketHandle
 0001:00082C6C       IdSocks
 0002:0000181C       IdSslAccept
 0002:0000187C       IdSslAddSslAlgorithms
 0002:000018F4       IdSSLCipherDescription
 0002:00001904       IdSSLCipherGetBits
 0002:000018FC       IdSSLCipherGetName
 0002:00001900       IdSSLCipherGetVersion
 0002:00001820       IdSslConnect
 0002:00001810       IdSslCtxCheckPrivateKeyFile
 0002:000017E0       IdSslCtxFree
 0002:00001804       IdSslCtxGetVerifyDepth
 0002:00001890       IdSslCtxGetVersion
 0002:00001874       IdSslCtxLoadVerifyLocations
 0002:000017DC       IdSslCtxNew
 0002:000017D8       IdSslCtxSetCipherList
 0002:000018E8       IdSSLCtxSetClientCAList
 0002:00001808       IdSslCtxSetDefaultPasswdCb
 0002:0000180C       IdSslCtxSetDefaultPasswdCbUserdata
 0002:000018EC       IdSSLCtxSetDefaultVerifyPaths
 0002:00001880       IdSslCtxSetInfoCallback
 0002:00001894       IdSslCtxSetOptions
 0002:000018F0       IdSSLCtxSetSessionIdContext
 0002:000017FC       IdSslCtxSetVerify
 0002:00001800       IdSslCtxSetVerifyDepth
 0002:000017EC       IdSslCtxUseCertificateFile
 0002:000017E8       IdSslCtxUsePrivateKeyFile
 0002:000018B4       IdSslEvpMd5
 0002:00001818       IdSslFree
 0001:0008A92C       IdSslGetAppData
 0002:000018F8       IdSSLGetCurrentCipher
 0002:00001830       IdSslGetError
 0002:000017F8       IdSslGetPeerCertificate
 0002:00001878       IdSslGetSession
 0002:000018E4       IdSSLLoadClientCAFile
 0002:000017F0       IdSslLoadErrorStrings
 0002:00001860       IdSslMethodClientTLSV1
 0002:0000183C       IdSslMethodClientV2
 0002:00001854       IdSslMethodClientV23
 0002:00001848       IdSslMethodClientV3
 0002:0000185C       IdSslMethodServerTLSV1
 0002:00001838       IdSslMethodServerV2
 0002:00001850       IdSslMethodServerV23
 0002:00001844       IdSslMethodServerV3
 0002:00001858       IdSslMethodTLSV1
 0002:00001834       IdSslMethodV2
 0002:0000184C       IdSslMethodV23
 0002:00001840       IdSslMethodV3
 0002:00001814       IdSslNew
 0001:0008D348       IdSSLOpenSSL
 0001:0008A984       IdSSLOpenSSLHeaders
 0002:00001828       IdSslPeek
 0002:00001914       IdSslRandScreen
 0002:00001824       IdSslRead
 0002:00001888       IdSslSessionGetId
 0002:0000188C       IdSslSessionGetIdCtx
 0002:0000186C       IdSslSetAcceptState
 0001:0008A91C       IdSslSetAppData
 0002:00001868       IdSslSetConnectState
 0002:000017E4       IdSslSetFd
 0002:00001870       IdSslSetShutdown
 0002:00001864       IdSslShutdown
 0002:000017F4       IdSslStateStringLong
 0002:0000182C       IdSslWrite
 0002:000018B0       IdSslX509Digest
 0002:000018A4       IdSslX509GetIssuerName
 0002:000018BC       IdSslX509GetNotAfter
 0002:000018B8       IdSslX509GetNotBefore
 0002:000018AC       IdSslX509GetSubjectName
 0002:0000189C       IdSslX509NameHash
 0002:00001898       IdSslX509NameOneline
 0002:000018A0       IdSslX509SetIssuerName
 0002:000018A8       IdSslX509SetSubjectName
[...]
 0002:00003840       .1
 0002:00003844       .6
 0002:00003848       .3
 0002:0000384C       GlobalNameSpace
 0002:00003850       IsUniqueGlobalComponentNameProc
 0002:00003854       SyncEvent
 0002:00003858       .45
 0002:0000385C       IntConstList
 0002:00003860       RegGroups
 0002:00003864       FindGlobalComponentProcs
 0002:00003868       GlobalFixupList
 0002:0000386C       ThreadLock
 0002:00003884       ThreadCount
 0002:00003888       InstBlockList
 0002:0000388C       InstFreeList
 0002:00003890       .1
 0002:00003894       .4
 0002:00003898       LastEurekaVersion
 0002:0000389C       .2
 0002:000038A0       LogCriticalSection
 0002:000038B8       InternalIntoIDE
 0002:000038B9       ActiveInternalLog
 0002:000038BA       OKToSave
 0002:000038BB       SaveEveryTime
 0002:000038BC       StringLog
 0002:000038C0       .1
 0002:000038C4       ProcedureList
 0002:000038C8       DllList
 0002:000038CC       .1
 0002:000038D0       .1
 0002:000038D4       .4
 0002:000038D8       ExceptionNotify
 0002:000038DC       ExceptionActionNotify
 0002:000038E0       .6
 0002:000038E4       Kernel_RaiseException
 0002:000038E8       Kernel_CreateThread
 0002:000038EC       Kernel_ResumeThread
 0002:000038F0       Kernel_ExitThread
 0002:000038F4       ISAPI_HttpExtensionProc
 0002:000038F8       ISAPI_Proc
 0002:000038FC       Recursive
 0002:00003900       ModulesList
 0002:00003904       OldExceptProc
 0002:00003908       OldInitProc
 0002:0000390C       CurrentStackList
 0002:00003910       ThreadsList
 0002:00003914       StartingDate
 0002:0000391C       Initialized
 0002:00003920       LastThreadID
 0002:00003924       OldExceptObjProc
 0002:00003928       OldSafeCallErrorProc
 0002:0000392C       CurrentOptions
 0002:00003930       ServerECB
 0002:00003934       CGIOutputFile
 0002:00003938       LanguageStr
 0002:0000393C       ExceptionNumber
 0002:00003940       HandleAnyExceptionAddr_Variable
 0002:00003944       HandleOnExceptionAddr_Variable
 0002:00003948       HandleAutoExceptionAddr_Variable
 0002:0000394C       TerminateApplication
 0002:00003950       LastInitializationPtr
 0002:00003954       LastFinalizationPtr
 0002:00003958       IntraWeb_HandleException
 0002:0000395C       IntraWeb_ShowMessage
 0002:00003960       VCLHandleException
 0002:00003964       NTService_LogMessage
 0002:00003968       IndyThread_HandleException
 0002:0000396C       CGIHandleException
 0002:00003970       ISAPIHandleException
 0002:00003974       CLXHandleException
 0002:00003978       LastInitPointer
 0002:0000397C       IntoInitialization
 0002:0000397D       IntoFinalization
 0002:00003980       OriginalThreadProc
 0002:00003984       IntraWebApplication
 0002:00003988       IntraWebServerController
 0002:0000398C       CurrentGeneralErrorText
 0002:00003990       IntraWebMainThreadID
 0002:00003994       OnlySafeCallExceptions
 0002:00003998       FreezeThread
 0002:0000399C       MainThreadHandle
 0002:000039A0       MainThreadTopOfStack
 0002:000039A4       LastExceptAddr
 0002:000039A8       LastExceptObject
 0002:000039AC       LastDelphiException
 0002:000039B0       LastExceptMessage
 0002:000039B4       LastExceptionRecord
 0002:000039B8       LastExceptionLog
 0002:000039BC       LastExceptThreadID
 0002:000039C0       StartDir
 0002:000039C4       SynchronizeExcept
 0002:000039C8       SynchronizeRaise
 0002:000039CC       InternalErrorCode
 0002:000039D0       InternalErrorMsg
 0002:000039D4       Global_Execute
 0002:000039D5       Global_Handled
 0002:000039D8       Global_ExceptionRecord
 0002:000039EC       Global_CriticalSection
 0002:00003A04       Global_CurrentEvent
 0002:00003A08       Global_IntraWebText
 0002:00003A0C       fDlgBack
 0002:00003A10       fMemoBack
 0002:00003A14       fActive
 0002:00003A18       fCaptionFont
 0002:00003A1C       fVariableFont
 0002:00003A20       fFixedFont
 0002:00003A24       FixedFontSize
 0002:00003A28       CaptionFontName
 0002:00003A2C       FixedFontName
 0002:00003A30       NonClientMetrics
 0002:00003B84       fMonitor
 0002:00003B88       fMonitorInfo
 0002:00003BA0       fImageList
 0002:00003BA4       fBmp
 0002:00003BB4       OriginalWidth
 0002:00003BB8       OriginalHeight
 0002:00003BBC       RealLeft
 0002:00003BC0       RealTop
 0002:00003BC4       RealWidth
 0002:00003BC8       RealHeight
 0002:00003BCC       ListWidth
 0002:00003BD0       ListHeight
 0002:00003BD4       TextWidth
 0002:00003BD8       LeftButton
 0002:00003BDC       TopButton
 0002:00003BE0       WindowState
 0002:00003BE4       ColWidths
 0002:00003BFC       DetailsActive
 0002:00003C00       MainDialog
 0002:00003C04       IsDialogShowed
 0002:00003C08       .1
 0002:00003C0C       SystemPalette16
 0002:00003C10       .12
 0002:00003C14       ScreenLogPixels
 0002:00003C18       StockPen
 0002:00003C1C       StockBrush
 0002:00003C20       StockFont
 0002:00003C24       StockIcon
 0002:00003C28       BitmapImageLock
 0002:00003C40       CounterLock
 0002:00003C58       FontManager
 0002:00003C5C       PenManager
 0002:00003C60       BrushManager
 0002:00003C64       CanvasList
 0002:00003C68       PatternManager
 0002:00003C6C       .2
 0002:00003C70       .21
 0002:00003C74       .1
 0002:00003C78       ComCtl32DLL
 0002:00003C7C       _InitCommonControlsEx
 0002:00003C80       GetSystemMetrics
 0002:00003C84       MonitorFromWindow
 0002:00003C88       MonitorFromRect
 0002:00003C8C       MonitorFromPoint
 0002:00003C90       GetMonitorInfo
 0002:00003C94       GetMonitorInfoA
 0002:00003C98       GetMonitorInfoW
 0002:00003C9C       EnumDisplayMonitors
 0002:00003CA0       .1
 0002:00003CA4       User32Dll
 0002:00003CA8       InitApis
 0002:00003CB0       MMAvailable
 0002:00003CB4       .1
 0002:00003CB8       .2
 0002:00003CBC       HelpManager
 0002:00003CC0       .3
 0002:00003CC4       .3
 0002:00003CC8       FlatSB_EnableScrollBar
 0002:00003CCC       FlatSB_ShowScrollBar
 0002:00003CD0       FlatSB_GetScrollRange
 0002:00003CD4       FlatSB_GetScrollInfo
 0002:00003CD8       FlatSB_GetScrollPos
 0002:00003CDC       FlatSB_SetScrollPos
 0002:00003CE0       FlatSB_SetScrollInfo
 0002:00003CE4       FlatSB_SetScrollRange
 0002:00003CE8       .1
 0002:00003CEC       _FlatSB_GetScrollProp
 0002:00003CF0       _FlatSB_SetScrollProp
 0002:00003CF4       _InitializeFlatSB
 0002:00003CF8       _UninitializeFlatSB
 0002:00003CFC       .6
 0002:00003D00       OpenThemeData
 0002:00003D04       CloseThemeData
 0002:00003D08       DrawThemeBackground
 0002:00003D0C       DrawThemeText
 0002:00003D10       GetThemeBackgroundContentRect
 0002:00003D14       GetThemeBackgroundExtent
 0002:00003D18       GetThemePartSize
 0002:00003D1C       GetThemeTextExtent
 0002:00003D20       GetThemeTextMetrics
 0002:00003D24       GetThemeBackgroundRegion
 0002:00003D28       HitTestThemeBackground
 0002:00003D2C       DrawThemeEdge
 0002:00003D30       DrawThemeIcon
 0002:00003D34       IsThemePartDefined
 0002:00003D38       IsThemeBackgroundPartiallyTransparent
 0002:00003D3C       GetThemeColor
 0002:00003D40       GetThemeMetric
 0002:00003D44       GetThemeString
 0002:00003D48       GetThemeBool
 0002:00003D4C       GetThemeInt
 0002:00003D50       GetThemeEnumValue
 0002:00003D54       GetThemePosition
 0002:00003D58       GetThemeFont
 0002:00003D5C       GetThemeRect
 0002:00003D60       GetThemeMargins
 0002:00003D64       GetThemeIntList
 0002:00003D68       GetThemePropertyOrigin
 0002:00003D6C       SetWindowTheme
 0002:00003D70       GetThemeFilename
 0002:00003D74       GetThemeSysColor
 0002:00003D78       GetThemeSysColorBrush
 0002:00003D7C       GetThemeSysBool
 0002:00003D80       GetThemeSysSize
 0002:00003D84       GetThemeSysFont
 0002:00003D88       GetThemeSysString
 0002:00003D8C       GetThemeSysInt
 0002:00003D90       IsThemeActive
 0002:00003D94       IsAppThemed
 0002:00003D98       GetWindowTheme
 0002:00003D9C       EnableThemeDialogTexture
 0002:00003DA0       IsThemeDialogTextureEnabled
 0002:00003DA4       GetThemeAppProperties
 0002:00003DA8       SetThemeAppProperties
 0002:00003DAC       GetCurrentThemeName
 0002:00003DB0       GetThemeDocumentationProperty
 0002:00003DB4       DrawThemeParentBackground
 0002:00003DB8       EnableTheming
 0002:00003DBC       .1
 0002:00003DC0       ThemeLibrary
 0002:00003DC4       ReferenceCount
 0002:00003DC8       Lock
 0002:00003DCC       .1
 0002:00003DD0       .4
 0002:00003DD4       .1
 0002:00003DD8       .1
 0002:00003DDC       .1
 0002:00003DE0       .1
 0002:00003DE4       .1
 0002:00003DE8       .1
 0002:00003DEC       .1
 0002:00003DF0       .11
 0002:00003DF4       HelpMsg
 0002:00003DF8       FindMsg
 0002:00003DFC       .12
 0002:00003E00       .1
 0002:00003E04       CF_PICTURE
 0002:00003E06       CF_COMPONENT
 0002:00003E08       .2
 0002:00003E0C       FClipboard
 0002:00003E10       .1
 0002:00003E14       .4
 0002:00003E18       BitBtnGlyphs
 0002:00003E44       .3
 0002:00003E48       .8
 0002:00003E4C       .5
 0002:00003E50       .1
 0002:00003E54       .72
 0002:00003E58       UrlMonHandle
 0002:00003E5C       UrlMonInitialized
 0002:00003E60       .8
 0002:00003E64       .36
 0002:00003E68       ShellModule
 0002:00003E6C       FRichEditModule
 0002:00003E70       ComCtlVersion
 0002:00003E74       CoInitializeExProc
 0002:00003E78       CoInitExProcLoaded
 0002:00003E7C       .2
 0002:00003E80       InternalServices
 0002:00003E84       .42
 0002:00003E88       .73
 0002:00003E8C       WinHelpTester
 0002:00003E90       ViewerName
 0002:00003E94       .1
 0002:00003E98       HelpViewer
 0002:00003E9C       HelpViewerIntf
 0002:00003EA0       Mouse
 0002:00003EA4       NewStyleControls
 0002:00003EA8       .72
 0002:00003EAC       WindowAtom
 0002:00003EAE       ControlAtom
 0002:00003EB0       WindowAtomString
 0002:00003EB4       ControlAtomString
 0002:00003EB8       RM_GetObjectInstance
 0002:00003EBC       DragControl
 0002:00003EC0       DragObject
 0002:00003EC4       DragInternalObject
 0002:00003EC8       DragCapture
 0002:00003ECC       DragStartPos
 0002:00003ED4       DragSaveCursor
 0002:00003ED8       DragThreshold
 0002:00003EDC       ActiveDrag
 0002:00003EE0       DragImageList
 0002:00003EE4       DockSiteList
 0002:00003EE8       QualifyingSites
 0002:00003EEC       DragSave
 0002:00003EF0       CanvasList
 0002:00003EF4       _WINNLSEnableIME
 0002:00003EF8       _ImmGetContext
 0002:00003EFC       _ImmReleaseContext
 0002:00003F00       _ImmGetConversionStatus
 0002:00003F04       _ImmSetConversionStatus
 0002:00003F08       _ImmSetOpenStatus
 0002:00003F0C       _ImmSetCompositionWindow
 0002:00003F10       _ImmSetCompositionFont
 0002:00003F14       _ImmGetCompositionString
 0002:00003F18       _ImmIsIME
 0002:00003F1C       _ImmNotifyIME
 0002:00003F20       .8
 0002:00003F24       .3
 0002:00003F28       CachedComCtrlVer
 0002:00003F2C       ImageListWriteExProc
 0002:00003F30       PopupList
 0002:00003F34       ShortCutItems
 0002:00003F38       .9
 0002:00003F3C       CommandPool
 0002:00003F40       Application
 0002:00003F44       Screen
 0002:00003F48       .41
 0002:00003F4C       RM_TaskbarCreated
 0002:00003F50       HintThreadID
 0002:00003F54       HintDoneEvent
 0002:00003F58       HintHook
 0002:00003F5C       HintThread
 0002:00003F60       .64
 0002:00003F64       .1
 0002:00003F68       WSACleanup
 0002:00003F6C       accept
 0002:00003F70       bind
 0002:00003F74       closesocket
 0002:00003F78       connect
 0002:00003F7C       ioctlsocket
 0002:00003F80       getpeername
 0002:00003F84       getsockname
 0002:00003F88       getsockopt
 0002:00003F8C       htonl
 0002:00003F90       htons
 0002:00003F94       inet_addr
 0002:00003F98       inet_ntoa
 0002:00003F9C       listen
 0002:00003FA0       ntohl
 0002:00003FA4       ntohs
 0002:00003FA8       recv
 0002:00003FAC       recvfrom
 0002:00003FB0       select
 0002:00003FB4       send
 0002:00003FB8       sendto
 0002:00003FBC       setsockopt
 0002:00003FC0       shutdown
 0002:00003FC4       socket
 0002:00003FC8       gethostbyaddr
 0002:00003FCC       gethostbyname
 0002:00003FD0       gethostname
 0002:00003FD4       getservbyport
 0002:00003FD8       getservbyname
 0002:00003FDC       getprotobynumber
 0002:00003FE0       getprotobyname
 0002:00003FE4       WSASetLastError
 0002:00003FE8       WSAGetLastError
 0002:00003FEC       WSAIsBlocking
 0002:00003FF0       WSAUnhookBlockingHook
 0002:00003FF4       WSASetBlockingHook
 0002:00003FF8       WSACancelBlockingCall
 0002:00003FFC       WSAAsyncGetServByName
 0002:00004000       WSAAsyncGetServByPort
 0002:00004004       WSAAsyncGetProtoByName
 0002:00004008       WSAAsyncGetProtoByNumber
 0002:0000400C       WSAAsyncGetHostByName
 0002:00004010       WSAAsyncGetHostByAddr
 0002:00004014       WSACancelAsyncRequest
 0002:00004018       WSAAsyncSelect
 0002:0000401C       __WSAFDIsSet
 0002:00004020       WSAAccept
 0002:00004024       WSACloseEvent
 0002:00004028       WSAConnect
 0002:0000402C       WSACreateEvent
 0002:00004030       WSADuplicateSocketA
 0002:00004034       WSADuplicateSocketW
 0002:00004038       WSADuplicateSocket
 0002:0000403C       WSAEnumNetworkEvents
 0002:00004040       WSAEnumProtocolsA
 0002:00004044       WSAEnumProtocolsW
 0002:00004048       WSAEnumProtocols
 0002:0000404C       WSAEventSelect
 0002:00004050       WSAGetOverlappedResult
 0002:00004054       WSAGetQosByName
 0002:00004058       WSAHtonl
 0002:0000405C       WSAHtons
 0002:00004060       WSAIoctl
 0002:00004064       WSAJoinLeaf
 0002:00004068       WSANtohl
 0002:0000406C       WSANtohs
 0002:00004070       WSARecv
 0002:00004074       WSARecvDisconnect
 0002:00004078       WSARecvFrom
 0002:0000407C       WSAResetEvent
 0002:00004080       WSASend
 0002:00004084       WSASendDisconnect
 0002:00004088       WSASendTo
 0002:0000408C       WSASetEvent
 0002:00004090       WSASocketA
 0002:00004094       WSASocketW
 0002:00004098       WSASocket
 0002:0000409C       WSAWaitForMultipleEvents
 0002:000040A0       WSAAddressToStringA
 0002:000040A4       WSAAddressToStringW
 0002:000040A8       WSAAddressToString
 0002:000040AC       WSAStringToAddressA
 0002:000040B0       WSAStringToAddressW
 0002:000040B4       WSAStringToAddress
 0002:000040B8       WSALookupServiceBeginA
 0002:000040BC       WSALookupServiceBeginW
 0002:000040C0       WSALookupServiceBegin
 0002:000040C4       WSALookupServiceNextA
 0002:000040C8       WSALookupServiceNextW
 0002:000040CC       WSALookupServiceNext
 0002:000040D0       WSALookupServiceEnd
 0002:000040D4       WSAInstallServiceClassA
 0002:000040D8       WSAInstallServiceClassW
 0002:000040DC       WSAInstallServiceClass
 0002:000040E0       WSARemoveServiceClass
 0002:000040E4       WSAGetServiceClassInfoA
 0002:000040E8       WSAGetServiceClassInfoW
 0002:000040EC       WSAGetServiceClassInfo
 0002:000040F0       WSAEnumNameSpaceProvidersA
 0002:000040F4       WSAEnumNameSpaceProvidersW
 0002:000040F8       WSAEnumNameSpaceProviders
 0002:000040FC       WSAGetServiceClassNameByClassIdA
 0002:00004100       WSAGetServiceClassNameByClassIdW
 0002:00004104       WSAGetServiceClassNameByClassId
 0002:00004108       WSASetServiceA
 0002:0000410C       WSASetServiceW
 0002:00004110       WSASetService
 0002:00004114       WSAProviderConfigChange
 0002:00004118       TransmitFile
 0002:0000411C       AcceptEx
 0002:00004120       GetAcceptExSockaddrs
 0002:00004124       WSARecvEx
 0002:00004128       .3
 0002:0000412C       WS2_WSAStartup
 0002:00004130       .1
 0002:00004134       GSocketListClass
 0002:00004138       .6
 0002:0000413C       .3
 0002:00004140       .3
 0002:00004144       IndyFalseBoolStrs
 0002:00004148       IndyTrueBoolStrs
 0002:0000414C       .11
 0002:00004150       FIdPorts
 0002:00004154       ATempPath
 0002:00004158       .2
 0002:0000415C       .2
 0002:00004160       .3
 0002:00004164       GStackCriticalSection
 0002:00004168       .9
 0002:0000416C       .4
 0002:00004170       .2
 0002:00004174       .3
 0002:00004178       .1
 0002:0000417C       .2
 0002:00004180       .2
 0002:00004184       .3
 0002:00004188       .2
 0002:0000418C       .31
 0002:00004190       .2
 0002:00004194       .2
 0002:00004198       .3
 0002:0000419C       .3
 0002:000041A0       GBase64DecodeTable
 0002:00004220       .3
 0002:00004224       .4
 0002:00004228       .5
 0002:0000422C       .1
 0002:00004230       .5
 0002:00004234       .2
 0002:00004238       .2
 0002:0000423C       .2
 0002:00004240       .1
 0002:00004244       .7
 0002:00004248       .4
 0002:0000424C       .11
 0002:00004250       .22
 0002:00004254       LockInfoCB
 0002:00004258       LockPassCB
 0002:0000425C       LockVerifyCB
 0002:00004260       .9
 0002:00004264       .2
 0002:00004268       .4
 0002:0000426C       .5
 0002:00004270       .8
 0002:00004274       .2
 0002:00004278       FCheckWidth
 0002:0000427C       FCheckHeight
 0002:00004280       Form1
 0002:00004284       .2


Line numbers for Unit1(Unit1.pas) segment .text

    68 0001:00092A64    69 0001:00092A7A    70 0001:00092AAB    75 0001:00092AB0
    76 0001:00092ADF    77 0001:00092AEE    78 0001:00092AFC    79 0001:00092B0A
    80 0001:00092B1B    81 0001:00092B26    83 0001:00092B37    86 0001:00092B56
    87 0001:00092B5A    89 0001:00092B8C    93 0001:00092B94    94 0001:00092B97
    95 0001:00092BA5    96 0001:00092BB1   100 0001:00092BB8   101 0001:00092BBE
   102 0001:00092BCC   103 0001:00092BD9   107 0001:00092BE0   108 0001:00092BED
   121 0001:00092BF0   122 0001:00092C14   123 0001:00092C27   125 0001:00092C37
   127 0001:00092C60   128 0001:00092C73   129 0001:00092C83   132 0001:00092C88
   133 0001:00092C9B   134 0001:00092CAC   135 0001:00092CD3   136 0001:00092CFA
   137 0001:00092D08   138 0001:00092D17   140 0001:00092D25   141 0001:00092D30
   144 0001:00092D47   146 0001:00092D69   148 0001:00092D96   150 0001:00092DBD
   152 0001:00092DD8   154 0001:00092DE7   155 0001:00092DFD   157 0001:00092E06
   159 0001:00092E32   161 0001:00092E5F   163 0001:00092E8C   164 0001:00092EB9
   166 0001:00092EC6   141 0001:00092EC7   167 0001:00092ED0   168 0001:00092EE8
   169 0001:00092F04   171 0001:00092F21   174 0001:00092F3E   175 0001:00092F46
   178 0001:00092F56   179 0001:00092F69   180 0001:00092FA3   184 0001:000930D8
   185 0001:000930DD   193 0001:000930E0   194 0001:00093100   195 0001:00093110
   196 0001:0009311D   198 0001:0009312A   199 0001:00093148   201 0001:00093168
   203 0001:00093188   205 0001:000931AD   207 0001:000931D0   208 0001:000931EE
   210 0001:00093203   211 0001:00093228   212 0001:0009324F   213 0001:0009327E
   215 0001:000932A4   218 0001:000932BB   220 0001:000932E0   221 0001:000932F7
   222 0001:00093303   199 0001:00093304   224 0001:0009330D   225 0001:00093326
   226 0001:00093333   227 0001:00093343   228 0001:00093350   229 0001:0009338C
   231 0001:0009347C   231 0001:00093483

Line numbers for Update(D:\My Works\电脑报出书\第八章 实例二 升级精灵\Source\Update.dpr) segment .text

    10 0001:0009382C    11 0001:0009383C    12 0001:00093848    13 0001:00093860
    14 0001:0009386C

Bound resource files

D:\Delphi VCL\EurekaLog 4\Delphi7\DIALOG.RES
c:\program files\borland\delphi7\Lib\Buttons.res
c:\program files\borland\delphi7\Lib\ExtDlgs.res
c:\program files\borland\delphi7\Lib\Controls.res
Unit1.dfm
Update.res
Update.drf


Program entry point at 0001:0009382C
