
 Start         Length     Name                   Class
 0001:00000000 000C34E4H .text                   CODE
 0002:00000000 000026ACH .data                   DATA
 0002:000026AC 00000F7DH .bss                    BSS


Detailed map of segments

 0001:00000000 000061A7 C=CODE     S=.text    G=(none)   M=System   ACBP=A9
 0001:000061A8 00000140 C=CODE     S=.text    G=(none)   M=SysInit  ACBP=A9
 0001:000062E8 000000BC C=CODE     S=.text    G=(none)   M=Types    ACBP=A9
 0001:000063A4 00000CD0 C=CODE     S=.text    G=(none)   M=Windows  ACBP=A9
 0001:00007074 00000038 C=CODE     S=.text    G=(none)   M=Messages ACBP=A9
 0001:000070AC 00000388 C=CODE     S=.text    G=(none)   M=SysConst ACBP=A9
 0001:00007434 000074B0 C=CODE     S=.text    G=(none)   M=SysUtils ACBP=A9
 0001:0000E8E4 0000082B C=CODE     S=.text    G=(none)   M=VarUtils ACBP=A9
 0001:0000F110 0000959A C=CODE     S=.text    G=(none)   M=Variants ACBP=A9
 0001:000186AC 00000150 C=CODE     S=.text    G=(none)   M=RTLConsts ACBP=A9
 0001:000187FC 0000192C C=CODE     S=.text    G=(none)   M=TypInfo  ACBP=A9
 0001:0001A128 000000B8 C=CODE     S=.text    G=(none)   M=ActiveX  ACBP=A9
 0001:0001A1E0 0000CCC6 C=CODE     S=.text    G=(none)   M=Classes  ACBP=A9
 0001:00026EA8 000002C0 C=CODE     S=.text    G=(none)   M=Consts   ACBP=A9
 0001:00027168 0000740F C=CODE     S=.text    G=(none)   M=Graphics ACBP=A9
 0001:0002E578 00000048 C=CODE     S=.text    G=(none)   M=Math     ACBP=A9
 0001:0002E5C0 000002B8 C=CODE     S=.text    G=(none)   M=Contnrs  ACBP=A9
 0001:0002E878 000005C0 C=CODE     S=.text    G=(none)   M=CommCtrl ACBP=A9
 0001:0002EE38 00000787 C=CODE     S=.text    G=(none)   M=MultiMon ACBP=A9
 0001:0002F5C0 00000038 C=CODE     S=.text    G=(none)   M=Imm      ACBP=A9
 0001:0002F5F8 00000FF8 C=CODE     S=.text    G=(none)   M=HelpIntfs ACBP=A9
 0001:000305F0 00000038 C=CODE     S=.text    G=(none)   M=WinSpool ACBP=A9
 0001:00030628 00000044 C=CODE     S=.text    G=(none)   M=Printers ACBP=A9
 0001:0003066C 0000031F C=CODE     S=.text    G=(none)   M=FlatSB   ACBP=A9
 0001:0003098C 000001A4 C=CODE     S=.text    G=(none)   M=SyncObjs ACBP=A9
 0001:00030B30 000009BB C=CODE     S=.text    G=(none)   M=UxTheme  ACBP=A9
 0001:000314EC 00000038 C=CODE     S=.text    G=(none)   M=RichEdit ACBP=A9
 0001:00031524 00000038 C=CODE     S=.text    G=(none)   M=ToolWin  ACBP=A9
 0001:0003155C 00000038 C=CODE     S=.text    G=(none)   M=ShellAPI ACBP=A9
 0001:00031594 00000038 C=CODE     S=.text    G=(none)   M=RegStr   ACBP=A9
 0001:000315CC 00000038 C=CODE     S=.text    G=(none)   M=WinInet  ACBP=A9
 0001:00031604 00000038 C=CODE     S=.text    G=(none)   M=UrlMon   ACBP=A9
 0001:0003163C 0000006C C=CODE     S=.text    G=(none)   M=ShlObj   ACBP=A9
 0001:000316A8 00000038 C=CODE     S=.text    G=(none)   M=CommDlg  ACBP=A9
 0001:000316E0 00000038 C=CODE     S=.text    G=(none)   M=Dlgs     ACBP=A9
 0001:00031718 0000066D C=CODE     S=.text    G=(none)   M=Dialogs  ACBP=A9
 0001:00031D88 00002722 C=CODE     S=.text    G=(none)   M=ExtCtrls ACBP=A9
 0001:000344AC 00000088 C=CODE     S=.text    G=(none)   M=ComStrs  ACBP=A9
 0001:00034534 00000094 C=CODE     S=.text    G=(none)   M=Clipbrd  ACBP=A9
 0001:000345C8 000000A8 C=CODE     S=.text    G=(none)   M=StrUtils ACBP=A9
 0001:00034670 000000F5 C=CODE     S=.text    G=(none)   M=Buttons  ACBP=A9
 0001:00034768 00000038 C=CODE     S=.text    G=(none)   M=ExtDlgs  ACBP=A9
 0001:000347A0 00001028 C=CODE     S=.text    G=(none)   M=IniFiles ACBP=A9
 0001:000357C8 00000068 C=CODE     S=.text    G=(none)   M=Registry ACBP=A9
 0001:00035830 0000006C C=CODE     S=.text    G=(none)   M=Mapi     ACBP=A9
 0001:0003589C 00000058 C=CODE     S=.text    G=(none)   M=ExtActns ACBP=A9
 0001:000358F4 00001C44 C=CODE     S=.text    G=(none)   M=ListActns ACBP=A9
 0001:00037538 0000F65C C=CODE     S=.text    G=(none)   M=ComCtrls ACBP=A9
 0001:00046B94 00000B74 C=CODE     S=.text    G=(none)   M=Themes   ACBP=A9
 0001:00047708 00003E98 C=CODE     S=.text    G=(none)   M=StdCtrls ACBP=A9
 0001:0004B5A0 00000168 C=CODE     S=.text    G=(none)   M=StdActns ACBP=A9
 0001:0004B708 00000D1F C=CODE     S=.text    G=(none)   M=WinHelpViewer ACBP=A9
 0001:0004C428 00011103 C=CODE     S=.text    G=(none)   M=Controls ACBP=A9
 0001:0005D52C 00001326 C=CODE     S=.text    G=(none)   M=ActnList ACBP=A9
 0001:0005E854 00001738 C=CODE     S=.text    G=(none)   M=ImgList  ACBP=A9
 0001:0005FF8C 000066AD C=CODE     S=.text    G=(none)   M=Menus    ACBP=A9
 0001:0006663C 0000C644 C=CODE     S=.text    G=(none)   M=Forms    ACBP=A9
 0001:00072C80 00000C3C C=CODE     S=.text    G=(none)   M=IdException ACBP=A9
 0001:000738BC 000002B8 C=CODE     S=.text    G=(none)   M=IdResourceStrings ACBP=A9
 0001:00073B74 00001127 C=CODE     S=.text    G=(none)   M=IdWinSock2 ACBP=A9
 0001:00074C9C 00000038 C=CODE     S=.text    G=(none)   M=IdStackConsts ACBP=A9
 0001:00074CD4 00000A18 C=CODE     S=.text    G=(none)   M=IdStack  ACBP=A9
 0001:000756EC 00001114 C=CODE     S=.text    G=(none)   M=IdStackWindows ACBP=A9
 0001:00076800 00000038 C=CODE     S=.text    G=(none)   M=IdURI    ACBP=A9
 0001:00076838 000006FC C=CODE     S=.text    G=(none)   M=IdGlobal ACBP=A9
 0001:00076F34 000000FC C=CODE     S=.text    G=(none)   M=IdBaseComponent ACBP=A9
 0001:00077030 000002EC C=CODE     S=.text    G=(none)   M=IdAntiFreezeBase ACBP=A9
 0001:0007731C 00000645 C=CODE     S=.text    G=(none)   M=IdComponent ACBP=A9
 0001:00077964 000008D4 C=CODE     S=.text    G=(none)   M=IdSocketHandle ACBP=A9
 0001:00078238 000003A4 C=CODE     S=.text    G=(none)   M=IdIntercept ACBP=A9
 0001:000785DC 0000015C C=CODE     S=.text    G=(none)   M=IdIOHandler ACBP=A9
 0001:00078738 000003D8 C=CODE     S=.text    G=(none)   M=IdRFCReply ACBP=A9
 0001:00078B10 00000038 C=CODE     S=.text    G=(none)   M=IdAssignedNumbers ACBP=A9
 0001:00078B48 00000B58 C=CODE     S=.text    G=(none)   M=IdSocks  ACBP=A9
 0001:000796A0 00000038 C=CODE     S=.text    G=(none)   M=IdTCPStream ACBP=A9
 0001:000796D8 00000038 C=CODE     S=.text    G=(none)   M=IdStream ACBP=A9
 0001:00079710 00000874 C=CODE     S=.text    G=(none)   M=IdIOHandlerSocket ACBP=A9
 0001:00079F84 00001CD8 C=CODE     S=.text    G=(none)   M=IdTCPConnection ACBP=A9
 0001:0007BC5C 00000A64 C=CODE     S=.text    G=(none)   M=md5      ACBP=A9
 0001:0007C6C0 000004A0 C=CODE     S=.text    G=(none)   M=IdTCPClient ACBP=A9
 0001:0007CB60 00000038 C=CODE     S=.text    G=(none)   M=IdUDPBase ACBP=A9
 0001:0007CB98 00000038 C=CODE     S=.text    G=(none)   M=IdUDPClient ACBP=A9
 0001:0007CBD0 00000038 C=CODE     S=.text    G=(none)   M=SPPO10   ACBP=A9
 0001:0007CC08 00000098 C=CODE     S=.text    G=(none)   M=SMGP13   ACBP=A9
 0001:0007CCA0 00000038 C=CODE     S=.text    G=(none)   M=Cmpp20   ACBP=A9
 0001:0007CCD8 00000038 C=CODE     S=.text    G=(none)   M=SGIP12   ACBP=A9
 0001:0007CD10 000007C0 C=CODE     S=.text    G=(none)   M=Global   ACBP=A9
 0001:0007D4D0 000000BC C=CODE     S=.text    G=(none)   M=DateUtils ACBP=A9
 0001:0007D58C 00007DB4 C=CODE     S=.text    G=(none)   M=Buffer   ACBP=A9
 0001:00085340 000009E0 C=CODE     S=.text    G=(none)   M=MaskUtils ACBP=A9
 0001:00085D20 000001A0 C=CODE     S=.text    G=(none)   M=DBConsts ACBP=A9
 0001:00085EC0 00000F73 C=CODE     S=.text    G=(none)   M=SqlTimSt ACBP=A9
 0001:00086E34 00004AFB C=CODE     S=.text    G=(none)   M=FMTBcd   ACBP=A9
 0001:0008B930 00000058 C=CODE     S=.text    G=(none)   M=ComConst ACBP=A9
 0001:0008B988 00000E9D C=CODE     S=.text    G=(none)   M=ComObj   ACBP=A9
 0001:0008C828 00014504 C=CODE     S=.text    G=(none)   M=DB       ACBP=A9
 0001:000A0D2C 000000C4 C=CODE     S=.text    G=(none)   M=OleDB    ACBP=A9
 0001:000A0DF0 00000250 C=CODE     S=.text    G=(none)   M=ADOInt   ACBP=A9
 0001:000A1040 00000A50 C=CODE     S=.text    G=(none)   M=DBCommon ACBP=A9
 0001:000A1A90 00000160 C=CODE     S=.text    G=(none)   M=Mtx      ACBP=A9
 0001:000A1BF0 000000B0 C=CODE     S=.text    G=(none)   M=ADOConst ACBP=A9
 0001:000A1CA0 0001049E C=CODE     S=.text    G=(none)   M=ADODB    ACBP=A9
 0001:000B2140 00000134 C=CODE     S=.text    G=(none)   M=IdAntiFreeze ACBP=A9
 0001:000B2274 00000048 C=CODE     S=.text    G=(none)   M=WinSock  ACBP=A9
 0001:000B22BC 00000088 C=CODE     S=.text    G=(none)   M=Cryptcon ACBP=A9
 0001:000B2344 00001168 C=CODE     S=.text    G=(none)   M=Md5unit  ACBP=A9
 0001:000B34AC 0000FC60 C=CODE     S=.text    G=(none)   M=main     ACBP=A9
 0001:000C310C 000003D5 C=CODE     S=.text    G=(none)   M=GATEWAY  ACBP=A9
 0002:00000000 000000C0 C=DATA     S=.data    G=DGROUP   M=System   ACBP=A9
 0002:000000C0 00000020 C=DATA     S=.data    G=DGROUP   M=SysInit  ACBP=A9
 0002:000000E0 00000274 C=DATA     S=.data    G=DGROUP   M=SysUtils ACBP=A9
 0002:00000354 00000110 C=DATA     S=.data    G=DGROUP   M=VarUtils ACBP=A9
 0002:00000464 000001B6 C=DATA     S=.data    G=DGROUP   M=Variants ACBP=A9
 0002:0000061C 0000000C C=DATA     S=.data    G=DGROUP   M=TypInfo  ACBP=A9
 0002:00000628 00000010 C=DATA     S=.data    G=DGROUP   M=ActiveX  ACBP=A9
 0002:00000638 000000E4 C=DATA     S=.data    G=DGROUP   M=Classes  ACBP=A9
 0002:0000071C 00000304 C=DATA     S=.data    G=DGROUP   M=Graphics ACBP=A9
 0002:00000A20 00000004 C=DATA     S=.data    G=DGROUP   M=Printers ACBP=A9
 0002:00000A24 00000010 C=DATA     S=.data    G=DGROUP   M=ShlObj   ACBP=A9
 0002:00000A34 00000074 C=DATA     S=.data    G=DGROUP   M=Dialogs  ACBP=A9
 0002:00000AA8 0000018C C=DATA     S=.data    G=DGROUP   M=ExtCtrls ACBP=A9
 0002:00000C34 0000002C C=DATA     S=.data    G=DGROUP   M=Buttons  ACBP=A9
 0002:00000C60 00000008 C=DATA     S=.data    G=DGROUP   M=IniFiles ACBP=A9
 0002:00000C68 00000008 C=DATA     S=.data    G=DGROUP   M=Registry ACBP=A9
 0002:00000C70 00000008 C=DATA     S=.data    G=DGROUP   M=Mapi     ACBP=A9
 0002:00000C78 00000150 C=DATA     S=.data    G=DGROUP   M=ComCtrls ACBP=A9
 0002:00000DC8 00000068 C=DATA     S=.data    G=DGROUP   M=Themes   ACBP=A9
 0002:00000E30 00000078 C=DATA     S=.data    G=DGROUP   M=StdCtrls ACBP=A9
 0002:00000EA8 0000013C C=DATA     S=.data    G=DGROUP   M=Controls ACBP=A9
 0002:00000FE4 00000020 C=DATA     S=.data    G=DGROUP   M=ImgList  ACBP=A9
 0002:00001004 000000EC C=DATA     S=.data    G=DGROUP   M=Menus    ACBP=A9
 0002:000010F0 0000011C C=DATA     S=.data    G=DGROUP   M=Forms    ACBP=A9
 0002:0000120C 00000544 C=DATA     S=.data    G=DGROUP   M=IdWinSock2 ACBP=A9
 0002:00001750 00000004 C=DATA     S=.data    G=DGROUP   M=IdStackConsts ACBP=A9
 0002:00001754 0000000C C=DATA     S=.data    G=DGROUP   M=IdStack  ACBP=A9
 0002:00001760 00000001 C=DATA     S=.data    G=DGROUP   M=IdStackWindows ACBP=A9
 0002:00001764 0000009C C=DATA     S=.data    G=DGROUP   M=IdGlobal ACBP=A9
 0002:00001800 00000004 C=DATA     S=.data    G=DGROUP   M=IdAntiFreezeBase ACBP=A9
 0002:00001804 00000028 C=DATA     S=.data    G=DGROUP   M=IdComponent ACBP=A9
 0002:0000182C 00000040 C=DATA     S=.data    G=DGROUP   M=md5      ACBP=A9
 0002:0000186C 00000005 C=DATA     S=.data    G=DGROUP   M=MaskUtils ACBP=A9
 0002:00001874 0000003C C=DATA     S=.data    G=DGROUP   M=SqlTimSt ACBP=A9
 0002:000018B0 00000065 C=DATA     S=.data    G=DGROUP   M=FMTBcd   ACBP=A9
 0002:00001918 00000030 C=DATA     S=.data    G=DGROUP   M=ComObj   ACBP=A9
 0002:00001948 0000021E C=DATA     S=.data    G=DGROUP   M=DB       ACBP=A9
 0002:00001B68 00000010 C=DATA     S=.data    G=DGROUP   M=OleDB    ACBP=A9
 0002:00001B78 00000060 C=DATA     S=.data    G=DGROUP   M=ADOInt   ACBP=A9
 0002:00001BD8 00000020 C=DATA     S=.data    G=DGROUP   M=Mtx      ACBP=A9
 0002:00001BF8 00000294 C=DATA     S=.data    G=DGROUP   M=ADODB    ACBP=A9
 0002:00003000 00000664 C=BSS      S=.bss     G=DGROUP   M=System   ACBP=A9
 0002:00003664 00000010 C=BSS      S=.bss     G=DGROUP   M=SysInit  ACBP=A9
 0002:00003674 00000004 C=BSS      S=.bss     G=DGROUP   M=Types    ACBP=A9
 0002:00003678 00000004 C=BSS      S=.bss     G=DGROUP   M=Windows  ACBP=A9
 0002:0000367C 00000004 C=BSS      S=.bss     G=DGROUP   M=Messages ACBP=A9
 0002:00003680 00000004 C=BSS      S=.bss     G=DGROUP   M=SysConst ACBP=A9
 0002:00003684 00000120 C=BSS      S=.bss     G=DGROUP   M=SysUtils ACBP=A9
 0002:000037A4 0000005C C=BSS      S=.bss     G=DGROUP   M=VarUtils ACBP=A9
 0002:00003800 00000040 C=BSS      S=.bss     G=DGROUP   M=Variants ACBP=A9
 0002:00003840 00000004 C=BSS      S=.bss     G=DGROUP   M=RTLConsts ACBP=A9
 0002:00003844 00000004 C=BSS      S=.bss     G=DGROUP   M=TypInfo  ACBP=A9
 0002:00003848 00000004 C=BSS      S=.bss     G=DGROUP   M=ActiveX  ACBP=A9
 0002:0000384C 00000044 C=BSS      S=.bss     G=DGROUP   M=Classes  ACBP=A9
 0002:00003890 00000004 C=BSS      S=.bss     G=DGROUP   M=Consts   ACBP=A9
 0002:00003894 00000060 C=BSS      S=.bss     G=DGROUP   M=Graphics ACBP=A9
 0002:000038F4 00000004 C=BSS      S=.bss     G=DGROUP   M=Math     ACBP=A9
 0002:000038F8 00000004 C=BSS      S=.bss     G=DGROUP   M=Contnrs  ACBP=A9
 0002:000038FC 0000000C C=BSS      S=.bss     G=DGROUP   M=CommCtrl ACBP=A9
 0002:00003908 00000031 C=BSS      S=.bss     G=DGROUP   M=MultiMon ACBP=A9
 0002:0000393C 00000004 C=BSS      S=.bss     G=DGROUP   M=Imm      ACBP=A9
 0002:00003940 00000008 C=BSS      S=.bss     G=DGROUP   M=HelpIntfs ACBP=A9
 0002:00003948 00000004 C=BSS      S=.bss     G=DGROUP   M=WinSpool ACBP=A9
 0002:0000394C 00000004 C=BSS      S=.bss     G=DGROUP   M=Printers ACBP=A9
 0002:00003950 00000034 C=BSS      S=.bss     G=DGROUP   M=FlatSB   ACBP=A9
 0002:00003984 00000004 C=BSS      S=.bss     G=DGROUP   M=SyncObjs ACBP=A9
 0002:00003988 000000CC C=BSS      S=.bss     G=DGROUP   M=UxTheme  ACBP=A9
 0002:00003A54 00000004 C=BSS      S=.bss     G=DGROUP   M=RichEdit ACBP=A9
 0002:00003A58 00000004 C=BSS      S=.bss     G=DGROUP   M=ToolWin  ACBP=A9
 0002:00003A5C 00000004 C=BSS      S=.bss     G=DGROUP   M=ShellAPI ACBP=A9
 0002:00003A60 00000004 C=BSS      S=.bss     G=DGROUP   M=RegStr   ACBP=A9
 0002:00003A64 00000004 C=BSS      S=.bss     G=DGROUP   M=WinInet  ACBP=A9
 0002:00003A68 00000004 C=BSS      S=.bss     G=DGROUP   M=UrlMon   ACBP=A9
 0002:00003A6C 00000004 C=BSS      S=.bss     G=DGROUP   M=ShlObj   ACBP=A9
 0002:00003A70 00000004 C=BSS      S=.bss     G=DGROUP   M=CommDlg  ACBP=A9
 0002:00003A74 00000004 C=BSS      S=.bss     G=DGROUP   M=Dlgs     ACBP=A9
 0002:00003A78 0000000C C=BSS      S=.bss     G=DGROUP   M=Dialogs  ACBP=A9
 0002:00003A84 00000004 C=BSS      S=.bss     G=DGROUP   M=ExtCtrls ACBP=A9
 0002:00003A88 00000004 C=BSS      S=.bss     G=DGROUP   M=ComStrs  ACBP=A9
 0002:00003A8C 0000000C C=BSS      S=.bss     G=DGROUP   M=Clipbrd  ACBP=A9
 0002:00003A98 00000004 C=BSS      S=.bss     G=DGROUP   M=StrUtils ACBP=A9
 0002:00003A9C 00000030 C=BSS      S=.bss     G=DGROUP   M=Buttons  ACBP=A9
 0002:00003ACC 00000004 C=BSS      S=.bss     G=DGROUP   M=ExtDlgs  ACBP=A9
 0002:00003AD0 00000004 C=BSS      S=.bss     G=DGROUP   M=IniFiles ACBP=A9
 0002:00003AD4 00000004 C=BSS      S=.bss     G=DGROUP   M=Registry ACBP=A9
 0002:00003AD8 00000004 C=BSS      S=.bss     G=DGROUP   M=Mapi     ACBP=A9
 0002:00003ADC 00000009 C=BSS      S=.bss     G=DGROUP   M=ExtActns ACBP=A9
 0002:00003AE8 00000004 C=BSS      S=.bss     G=DGROUP   M=ListActns ACBP=A9
 0002:00003AEC 00000015 C=BSS      S=.bss     G=DGROUP   M=ComCtrls ACBP=A9
 0002:00003B04 00000008 C=BSS      S=.bss     G=DGROUP   M=Themes   ACBP=A9
 0002:00003B0C 00000004 C=BSS      S=.bss     G=DGROUP   M=StdCtrls ACBP=A9
 0002:00003B10 00000004 C=BSS      S=.bss     G=DGROUP   M=StdActns ACBP=A9
 0002:00003B14 00000014 C=BSS      S=.bss     G=DGROUP   M=WinHelpViewer ACBP=A9
 0002:00003B28 00000080 C=BSS      S=.bss     G=DGROUP   M=Controls ACBP=A9
 0002:00003BA8 00000004 C=BSS      S=.bss     G=DGROUP   M=ActnList ACBP=A9
 0002:00003BAC 0000000C C=BSS      S=.bss     G=DGROUP   M=ImgList  ACBP=A9
 0002:00003BB8 00000010 C=BSS      S=.bss     G=DGROUP   M=Menus    ACBP=A9
 0002:00003BC8 00000020 C=BSS      S=.bss     G=DGROUP   M=Forms    ACBP=A9
 0002:00003BE8 00000004 C=BSS      S=.bss     G=DGROUP   M=IdException ACBP=A9
 0002:00003BEC 00000004 C=BSS      S=.bss     G=DGROUP   M=IdResourceStrings ACBP=A9
 0002:00003BF0 000001C8 C=BSS      S=.bss     G=DGROUP   M=IdWinSock2 ACBP=A9
 0002:00003DB8 00000004 C=BSS      S=.bss     G=DGROUP   M=IdStackConsts ACBP=A9
 0002:00003DBC 00000008 C=BSS      S=.bss     G=DGROUP   M=IdStack  ACBP=A9
 0002:00003DC4 00000004 C=BSS      S=.bss     G=DGROUP   M=IdStackWindows ACBP=A9
 0002:00003DC8 00000004 C=BSS      S=.bss     G=DGROUP   M=IdURI    ACBP=A9
 0002:00003DCC 00000014 C=BSS      S=.bss     G=DGROUP   M=IdGlobal ACBP=A9
 0002:00003DE0 00000004 C=BSS      S=.bss     G=DGROUP   M=IdBaseComponent ACBP=A9
 0002:00003DE4 00000004 C=BSS      S=.bss     G=DGROUP   M=IdAntiFreezeBase ACBP=A9
 0002:00003DE8 00000008 C=BSS      S=.bss     G=DGROUP   M=IdComponent ACBP=A9
 0002:00003DF0 00000004 C=BSS      S=.bss     G=DGROUP   M=IdSocketHandle ACBP=A9
 0002:00003DF4 00000004 C=BSS      S=.bss     G=DGROUP   M=IdIntercept ACBP=A9
 0002:00003DF8 00000004 C=BSS      S=.bss     G=DGROUP   M=IdIOHandler ACBP=A9
 0002:00003DFC 00000004 C=BSS      S=.bss     G=DGROUP   M=IdRFCReply ACBP=A9
 0002:00003E00 00000004 C=BSS      S=.bss     G=DGROUP   M=IdAssignedNumbers ACBP=A9
 0002:00003E04 00000004 C=BSS      S=.bss     G=DGROUP   M=IdSocks  ACBP=A9
 0002:00003E08 00000004 C=BSS      S=.bss     G=DGROUP   M=IdTCPStream ACBP=A9
 0002:00003E0C 00000004 C=BSS      S=.bss     G=DGROUP   M=IdStream ACBP=A9
 0002:00003E10 00000004 C=BSS      S=.bss     G=DGROUP   M=IdIOHandlerSocket ACBP=A9
 0002:00003E14 00000004 C=BSS      S=.bss     G=DGROUP   M=IdTCPConnection ACBP=A9
 0002:00003E18 00000004 C=BSS      S=.bss     G=DGROUP   M=md5      ACBP=A9
 0002:00003E1C 00000004 C=BSS      S=.bss     G=DGROUP   M=IdTCPClient ACBP=A9
 0002:00003E20 00000004 C=BSS      S=.bss     G=DGROUP   M=IdUDPBase ACBP=A9
 0002:00003E24 00000004 C=BSS      S=.bss     G=DGROUP   M=IdUDPClient ACBP=A9
 0002:00003E28 00000004 C=BSS      S=.bss     G=DGROUP   M=SPPO10   ACBP=A9
 0002:00003E2C 00000004 C=BSS      S=.bss     G=DGROUP   M=SMGP13   ACBP=A9
 0002:00003E30 00000004 C=BSS      S=.bss     G=DGROUP   M=Cmpp20   ACBP=A9
 0002:00003E34 00000004 C=BSS      S=.bss     G=DGROUP   M=SGIP12   ACBP=A9
 0002:00003E38 000000A0 C=BSS      S=.bss     G=DGROUP   M=Global   ACBP=A9
 0002:00003ED8 00000004 C=BSS      S=.bss     G=DGROUP   M=DateUtils ACBP=A9
 0002:00003EDC 00000004 C=BSS      S=.bss     G=DGROUP   M=Buffer   ACBP=A9
 0002:00003EE0 00000004 C=BSS      S=.bss     G=DGROUP   M=MaskUtils ACBP=A9
 0002:00003EE4 00000004 C=BSS      S=.bss     G=DGROUP   M=DBConsts ACBP=A9
 0002:00003EE8 00000004 C=BSS      S=.bss     G=DGROUP   M=SqlTimSt ACBP=A9
 0002:00003EEC 00000004 C=BSS      S=.bss     G=DGROUP   M=FMTBcd   ACBP=A9
 0002:00003EF0 00000004 C=BSS      S=.bss     G=DGROUP   M=ComConst ACBP=A9
 0002:00003EF4 00000011 C=BSS      S=.bss     G=DGROUP   M=ComObj   ACBP=A9
 0002:00003F08 00000010 C=BSS      S=.bss     G=DGROUP   M=DB       ACBP=A9
 0002:00003F18 00000004 C=BSS      S=.bss     G=DGROUP   M=OleDB    ACBP=A9
 0002:00003F1C 00000004 C=BSS      S=.bss     G=DGROUP   M=ADOInt   ACBP=A9
 0002:00003F20 00000004 C=BSS      S=.bss     G=DGROUP   M=DBCommon ACBP=A9
 0002:00003F24 00000004 C=BSS      S=.bss     G=DGROUP   M=Mtx      ACBP=A9
 0002:00003F28 00000004 C=BSS      S=.bss     G=DGROUP   M=ADOConst ACBP=A9
 0002:00003F2C 00000008 C=BSS      S=.bss     G=DGROUP   M=ADODB    ACBP=A9
 0002:00003F34 00000004 C=BSS      S=.bss     G=DGROUP   M=IdAntiFreeze ACBP=A9
 0002:00003F38 00000004 C=BSS      S=.bss     G=DGROUP   M=WinSock  ACBP=A9
 0002:00003F3C 00000004 C=BSS      S=.bss     G=DGROUP   M=Cryptcon ACBP=A9
 0002:00003F40 00000004 C=BSS      S=.bss     G=DGROUP   M=Md5unit  ACBP=A9
 0002:00003F44 00000038 C=BSS      S=.bss     G=DGROUP   M=main     ACBP=A9


  Address         Publics by Name

 0002:00003A70       .1
 0002:00003E18       .1
 0002:00003A6C       .1
 0002:00003EE4       .1
 0002:00003EE8       .1
 0002:00003A60       .1
 0002:00003E34       .1
 0002:000038FC       .1
 0002:00003928       .1
 0002:00003F24       .1
 0002:00003EF0       .1
 0002:00003A98       .1
 0002:00003B1C       .1
 0002:0000366C       .1
 0002:0000393C       .1
 0002:00003A68       .1
 0002:00003A74       .1
 0002:00003F28       .1
 0002:00003E30       .1
 0002:00003F18       .1
 0002:00003AD8       .1
 0002:00003A5C       .1
 0002:00003A54       .1
 0002:0000367C       .1
 0002:00003F38       .1
 0002:00003A44       .1
 0002:00003DB8       .1
 0002:00003680       .1
 0002:00003ED8       .1
 0002:00003E2C       .1
 0002:00003E00       .1
 0002:00003890       .1
 0002:00003840       .1
 0002:00003674       .1
 0002:00003E28       .1
 0002:00003A64       .1
 0002:00003BEC       .1
 0002:00003A88       .1
 0002:00003970       .1
 0002:00003DD4       .11
 0002:00003A78       .11
 0002:00003898       .12
 0002:00003A84       .12
 0002:00003DF8       .2
 0002:000038F4       .2
 0002:00003E1C       .2
 0002:00003E10       .2
 0002:00003940       .2
 0002:00003E08       .2
 0002:00003E24       .2
 0002:00003E04       .2
 0002:00003DE4       .2
 0002:00003B04       .2
 0002:00003DE0       .2
 0002:00003EE0       .2
 0002:00003F34       .2
 0002:00003F3C       .2
 0002:00003F40       .2
 0002:00003A90       .2
 0002:000038F8       .21
 0002:00003EDC       .24
 0002:00003ACC       .3
 0002:00003DFC       .3
 0002:00003EEC       .3
 0002:0000394C       .3
 0002:00003ED4       .3
 0002:00003E0C       .3
 0002:00003848       .3
 0002:00003678       .3
 0002:00003DC4       .3
 0002:00003DE8       .3
 0002:00003BAC       .3
 0002:00003DC8       .3
 0002:00003DB0       .3
 0002:00003F20       .3
 0002:00003948       .3
 0002:00003E14       .31
 0002:00003F2C       .31
 0002:00003794       .35
 0002:00003AEC       .36
 0002:00003F14       .36
 0002:00003E20       .4
 0002:00003A9C       .4
 0002:00003A58       .4
 0002:00003DF4       .4
 0002:00003BD0       .41
 0002:00003EF4       .41
 0002:00003B0C       .42
 0002:00003858       .45
 0002:00003AD4       .5
 0002:000037FC       .5
 0002:000035BC       .5
 0002:00003F1C       .5
 0002:00003DC0       .6
 0002:00003844       .6
 0002:00003984       .6
 0002:00003BE8       .64
 0002:00003F78       .71
 0002:00003ADC       .72
 0002:00003B30       .72
 0002:00003B10       .73
 0002:00003AD0       .8
 0002:00003BA8       .8
 0002:00003AE8       .8
 0002:00003820       .81
 0002:00003DF0       .9
 0002:00003BC0       .9
 0001:0000204C       @AbstractError
 0001:0000310C       @AfterConstruction
 0001:00002F10       @AsClass
 0001:000022C0       @Assign
 0001:00002564       @AStrCmp
 0001:0000311C       @BeforeDestruction
 0001:00002410       @BlockRead
 0001:00002C90       @BoundErr
 0001:00002F5C       @CallDynaInst
 0001:00005BE4       @CheckAutoResult
 0001:000030B4       @ClassCreate
 0001:00003104       @ClassDestroy
 0001:00002430       @Close
 0001:000025F4       @CloseFile
 0001:00001D88       @Copy
 0001:00004AA8       @CopyArray
 0001:0000498C       @CopyRecord
 0001:00004C14       @DispCallByIDError
 0001:0001016C       @DispInvoke
 0001:0000FE64       @DispInvokeError
 0001:00004BB0       @Dispose
 0001:0000365C       @DoneExcept
 0001:000053BC       @DynArrayAsg
 0001:00005380       @DynArrayClear
 0001:00005260       @DynArrayCopy
 0001:00005280       @DynArrayCopyRange
 0001:00005080       @DynArrayHigh
 0001:00005078       @DynArrayLength
 0001:00005254       @DynArraySetLength
 0001:00003744       @ExceptionHandler
 0001:000025D4       @FillChar
 0001:00004968       @Finalize
 0001:0000487C       @FinalizeArray
 0001:00004830       @FinalizeRecord
 0001:00002C84       @FpuInit
 0001:00002BC0       @FpuMaskInit
 0001:00001BC4       @FreeMem
 0001:00001B94       @GetMem
 0001:00006220       @GetTls
 0001:00003BD0       @Halt
 0001:00003AF0       @Halt0
 0001:00003230       @HandleAnyException
 0001:0000351C       @HandleAutoException
 0001:000034E4       @HandleFinally
 0001:0000335C       @HandleOnException
 0001:0000626C       @InitExe
 0001:00004824       @Initialize
 0001:00004790       @InitializeArray
 0001:00004760       @InitializeRecord
 0001:00003998       @InitImports
 0001:00003970       @InitResStringImports
 0001:0000394C       @InitResStrings
 0001:000039BC       @InitWideStrings
 0001:00005B48       @IntfAddRef
 0001:00005B18       @IntfCast
 0001:00005AD4       @IntfClear
 0001:00005AEC       @IntfCopy
 0001:00002EEC       @IsClass
 0001:00002B90       @isNECWindows
 0001:0000412C       @LStrAddRef
 0001:00003C90       @LStrArrayClr
 0001:00003CC0       @LStrAsg
 0001:00003F44       @LStrCat
 0001:00003F88       @LStrCat3
 0001:00003FFC       @LStrCatN
 0001:00003C6C       @LStrClr
 0001:00004088       @LStrCmp
 0001:0000419C       @LStrCopy
 0001:000041DC       @LStrDelete
 0001:00003EEC       @LStrFromArray
 0001:00003E54       @LStrFromChar
 0001:00003E74       @LStrFromPChar
 0001:00003D5C       @LStrFromPCharLen
 0001:00003EA4       @LStrFromPWChar
 0001:00003DC8       @LStrFromPWCharLen
 0001:00003EE0       @LStrFromString
 0001:00003E64       @LStrFromWChar
 0001:00003F04       @LStrFromWStr
 0001:00004224       @LStrInsert
 0001:00003D04       @LStrLAsg
 0001:00003F3C       @LStrLen
 0001:0000432C       @LStrOfChar
 0001:00004280       @LStrPos
 0001:000042C8       @LStrSetLength
 0001:0000413C       @LStrToPChar
 0001:00003F18       @LStrToString
 0001:00004B9C       @New
 0001:00003D30       @NewAnsiString
 0001:00004360       @NewWideString
 0001:000146C0       @OleVarFromInt
 0001:000149C4       @OleVarFromLStr
 0001:00014A80       @OleVarFromVar
 0001:000028A4       @Pow10
 0001:000024E0       @PStrCmp
 0001:000024B8       @PStrCpy
 0001:00002488       @PStrNCat
 0001:000024C4       @PStrNCpy
 0001:00003608       @RaiseAgain
 0001:000035E0       @RaiseExcept
 0001:00001BE4       @ReallocMem
 0001:000026FC       @ResetFile
 0001:0000201C       @ROUND
 0001:00003BDC       @RunError
 0001:00002888       @SetEq
 0001:00001FF4       @SetLength
 0001:0000390C       @StartExe
 0001:00004E38       @Str0Int64
 0001:00002778       @Str0Long
 0001:00004D78       @StrInt64
 0001:00000400       @strlen
 0001:00002718       @StrLong
 0001:00002028       @TRUNC
 0001:0000368C       @TryFinallyExit
 0001:00004194       @UniqueStringA
 0001:00004E54       @ValInt64
 0001:00002784       @ValLong
 0001:0001853C       @VarAdd
 0001:0001638C       @VarAddRef
 0001:00016BE0       @VarArrayGet
 0001:00016CD0       @VarArrayPut
 0001:00016A2C       @VarArrayRedim
 0001:00010ADC       @VarCast
 0001:00010150       @VarClear
 0001:00010164       @VarClr
 0001:00004864       @VarClr
 0001:00018548       @VarCmpEQ
 0001:00018578       @VarCmpGT
 0001:00018568       @VarCmpLT
 0001:00018558       @VarCmpNE
 0001:00004974       @VarCopy
 0001:00010590       @VarCopy
 0001:00010810       @VarCopyNoInd
 0001:00014854       @VarFromBool
 0001:000146E0       @VarFromByte
 0001:000148A4       @VarFromCurr
 0001:000147FC       @VarFromCurrency
 0001:00014828       @VarFromDate
 0001:00014998       @VarFromDisp
 0001:000147D0       @VarFromDouble
 0001:00014664       @VarFromInt
 0001:00014780       @VarFromInt64
 0001:000146A0       @VarFromInteger
 0001:0001496C       @VarFromIntf
 0001:00014720       @VarFromLongWord
 0001:000148B8       @VarFromLStr
 0001:000148E4       @VarFromPStr
 0001:0001487C       @VarFromReal
 0001:00014740       @VarFromShortInt
 0001:000147AC       @VarFromSingle
 0001:00014760       @VarFromSmallInt
 0001:00014890       @VarFromTDateTime
 0001:00014700       @VarFromWord
 0001:00014934       @VarFromWStr
 0001:0000FEB8       @VarNull
 0001:000159E0       @VarOp
 0001:00010824       @VarStringToOleStr
 0001:000122A8       @VarToBool
 0001:00011F60       @VarToBoolean
 0001:000113A0       @VarToByte
 0001:0001314C       @VarToCurrency
 0001:00012BE4       @VarToDate
 0001:000145B8       @VarToDisp
 0001:00012474       @VarToDouble
 0001:00011964       @VarToInt64
 0001:00010EA0       @VarToInteger
 0001:000144EC       @VarToIntf
 0001:00011618       @VarToLongWord
 0001:00013800       @VarToLStr
 0001:000127F0       @VarToReal
 0001:000112F0       @VarToShortInt
 0001:0001280C       @VarToSingle
 0001:00011448       @VarToSmallInt
 0001:00011540       @VarToWord
 0001:00013F20       @VarToWStr
 0001:00004740       @WStrAddRef
 0001:000043A0       @WStrArrayClr
 0001:000043C4       @WStrAsg
 0001:00004530       @WStrCat
 0001:00004590       @WStrCatN
 0001:00004388       @WStrClr
 0001:000045D8       @WStrCmp
 0001:0000465C       @WStrCopy
 0001:00004504       @WStrFromLStr
 0001:00004498       @WStrFromPChar
 0001:000043E8       @WStrFromPCharLen
 0001:000044C8       @WStrFromPWChar
 0001:00004474       @WStrFromPWCharLen
 0001:00004524       @WStrLen
 0001:000046A8       @WStrPos
 0001:000046F8       @WStrSetLength
 0001:00004514       @WStrToPWChar
 0001:00002864       @_CLenToPasStr
 0001:00002858       @_CToPasStr
 0001:00001D20       @_IOTest
 0001:00004C40       @_lldiv
 0001:00004CBC       @_llmod
 0001:00004C1C       @_llmul
 0001:00004D38       @_llshl
 0001:00004D58       @_llushr
 0001:0000C568       Abort
 0001:0004F35C       AbsMin
 0001:0000C934       AbstractErrorHandler
 0002:0000302C       AbstractErrorProc
 0002:00003BF4       accept
 0002:00003DA4       AcceptEx
 0002:00000164       AccessMode
 0001:00001C80       AcquireExceptionObject
 0001:0001C89C       ActivateClassGroup
 0001:000068E0       ActivateKeyboardLayout
 0002:00003B64       ActiveDrag
 0001:0001A1D8       ActiveX
 0001:0005E828       ActnList
 0001:00000568       AddBlockAfter
 0001:00087F80       AddChars
 0001:0008B028       AddCurrency
 0001:0008A7F8       AddCurrencySymbol
 0002:00000638       AddDataModule
 0001:0008A104       AddDigit
 0001:000080FC       AddExitProc
 0001:000AAB70       AddFieldDef
 0001:00093850       AddFieldDefs
 0001:00093A84       AddFields
 0001:000B13C4       AddFieldToList
 0001:00020410       AddFinished
 0001:00061BC0       AddIn
 0001:0008B318       AddLiterals
 0001:0000592C       AddModuleUnloadProc
 0001:0000593C       AddModuleUnloadProc
 0001:0008A8D8       AddNegCurrencySymbol
 0001:0008966C       AddNormalizedFractions
 0001:00020448       AddNotFinished
 0001:0008A0E8       AddOneChar
 0001:0008803C       AddStrings
 0001:00020E6C       AddSubComponentsToLoaded
 0001:000254A0       AddThread
 0002:000018A0       AdjustAmt
 0002:00001890       AdjustAmt
 0002:000018A8       AdjustAmt
 0002:00001898       AdjustAmt
 0001:0002A900       AdjustColor
 0001:00033278       AdjustColors
 0001:00088A98       AdjustDecimalPosition
 0001:0009F3B4       AdjustFirstRecord
 0001:0000853C       AdjustLineBreaks
 0001:00068C88       Adjustment
 0001:000899C4       AdjustNibbles
 0001:000068E8       AdjustWindowRectEx
 0001:000A1C98       ADOConst
 0001:000B20EC       ADODB
 0001:000A1038       ADOInt
 0001:000A539C       ADOTypeToFieldType
 0002:00001E58       AffectRecordsValues
 0001:0000DC68       AL1
 0002:00000334       AL1s
 0001:0000DC78       AL2
 0002:00000344       AL2s
 0002:000010C8       Alignments
 0002:000010D8       Alignments
 0002:00000E38       Alignments
 0002:00000E78       Alignments
 0002:00000AB0       Alignments
 0002:00000CA8       AlignStyles
 0001:00054ADC       AlignWork
 0001:0006FBCC       AlignWork
 0001:00026C88       AllocateHWnd
 0001:000080A0       AllocMem
 0002:000035B4       AllocMemCount
 0002:000035B8       AllocMemSize
 0001:0002E370       AllocPatternBitmap
 0001:000061C8       AllocTlsBuffer
 0001:0000DCA8       ALR
 0001:0000DC90       ALV
 0001:00023BF4       AncestorIsValid
 0002:00000EB4       AnchorAlign
 0002:00000EA8       AnimateWindowProc
 0002:00000FB0       AnimationStyle
 0001:000082D0       AnsiCompareStr
 0001:00008308       AnsiCompareText
 0001:00008428       AnsiExtractQuotedStr
 0001:00008CD0       AnsiLastChar
 0001:000068F0       AnsiLower
 0001:0000D2C0       AnsiPos
 0001:00066448       AnsiSameCaption
 0001:00008340       AnsiSameText
 0001:00008358       AnsiStrLIComp
 0001:0000D2FC       AnsiStrPos
 0001:0000D3BC       AnsiStrRScan
 0001:0000D404       AnsiStrScan
 0001:00005F64       AnsiToUtf8
 0001:0000829C       AnsiUpperCase
 0001:00014FF4       AnyOp
 0001:00014474       AnyToIntf
 0001:0000A76C       AppendChars
 0001:0000AB38       AppendFormat
 0001:0000A7D0       AppendNumber
 0001:0000A7B0       AppendString
 0002:00003BC8       Application
 0002:00000648       ApplicationHandleException
 0001:000A5BBC       ApplicationHandleException
 0002:00000650       ApplicationShowException
 0002:00001204       AppVisible
 0002:00000D1C       Arrangements
 0001:0000C918       AssertErrorHandler
 0002:00003024       AssertErrorProc
 0001:000A85DC       AssignField
 0001:000197F0       AssignLongStr
 0001:000A8658       AssignParam
 0001:000A84FC       AssignParameter
 0001:000A890C       AssignToParam
 0001:00019E6C       AssignVariant
 0002:00003DDC       ATempPath
 0001:00094350       AttributeSetStored
 0002:00000D24       AutoArrange
 0002:0000360C       avail
 0001:00008E00       BackfillGetDiskFreeSpaceEx
 0001:00051EF0       BackgroundClipped
 0001:0000EB7C       BackupVarBoolFromStr
 0001:0000ECDC       BackupVarBStrFromBool
 0001:0000EBFC       BackupVarBStrFromCy
 0001:0000EC6C       BackupVarBStrFromDate
 0001:0000EB10       BackupVarCyFromStr
 0001:0000EAA4       BackupVarDateFromStr
 0001:0000E960       BackupVarI4FromStr
 0001:0000E90C       BackupVariantChangeTypeEx
 0001:0000E9CC       BackupVarR4FromStr
 0001:0000EA38       BackupVarR8FromStr
 0002:00001B40       BaseFieldTypes
 0002:0000047C       BaseTypeMap
 0001:00089F98       BcdAdd
 0001:00089B74       BcdCompare
 0001:0008AC68       BcdCurrencyFormat
 0001:00089F2C       BcdDivide
 0001:00089DDC       BcdDivide
 0001:00087154       BcdError
 0001:000870E4       BcdErrorFmt
 0001:0008A618       BcdFixedOrNumberFormat
 0001:0008A5B4       BcdGeneralFormat
 0001:00089D70       BcdMultiply
 0001:00089C78       BcdMultiply
 0001:0008A40C       BcdScale
 0001:0008A5CC       BcdScientificFormat
 0001:00089C3C       BcdSubtract
 0001:0008A508       BCDToCurr
 0001:00087B54       BcdToDouble
 0001:0008A2C8       BcdToStr
 0001:0008AD54       BcdToStrF
 0001:0001CC70       BeginGlobalLoading
 0001:000068F8       BeginPaint
 0001:00003C20       BeginThread
 0001:0002A90C       BetterSize
 0001:00062A54       BiDiDraw
 0001:0007D0F4       BIG5Offset
 0001:0007D1F4       BIG5toGB
 0002:00003BF8       bind
 0001:0002538C       BinToHex
 0001:00006718       BitBlt
 0002:00000C34       BitBtnCaptions
 0002:00003AA0       BitBtnGlyphs
 0002:000009D4       BitmapCanvasList
 0002:000038B0       BitmapImageLock
 0001:0000E948       BiUnimplemented
 0001:00088934       BlankArgument
 0002:000006F0       BlockCode
 0002:000035E4       blockDescBlockList
 0002:000035E8       blockDescFreeList
 0001:00002384       BlockIO
 0002:0000061C       BooleanIdents
 0002:00000478       BooleanToStringRule
 0001:00008ACC       BoolToStr
 0001:00013588       BoolToWStrViaOS
 0002:00000AA8       BorderStyles
 0002:00000CFC       BorderStyles
 0002:00000E30       BorderStyles
 0001:00006324       Bounds
 0001:0001BB98       Bounds
 0002:00001070       Breaks
 0002:000038E8       BrushManager
 0001:00085338       Buffer
 0001:0009EA50       BufferToByteArray
 0001:000AC7E4       BufferToVar
 0001:00065228       BuildImage
 0002:00000A7C       ButtonCaptions
 0002:00000A50       ButtonNames
 0001:00034740       Buttons
 0002:000010EC       Buttons
 0001:0009EB0C       ByteArrayToBuffer
 0001:00075524       ByteIsOk
 0001:0002A0D8       BytesPerScanline
 0001:0002A43C       ByteSwapColors
 0001:0000CFF0       ByteToCharIndex
 0001:0000CFC8       ByteToCharLen
 0001:0000CF8C       ByteType
 0001:0000CF14       ByteTypeTest
 0002:00003BB0       CachedComCtrlVer
 0001:00026BC4       CalcJmpOffset
 0001:0008AF18       CalcPrecisionAndDigits
 0001:0005C800       CalcSplitterPos
 0001:0009A0F4       CalcTotalSize
 0001:00094390       CalculatedStored
 0001:00006900       CallNextHookEx
 0001:0000DC10       CallTerminateProcs
 0001:00006908       CallWindowProc
 0001:00050394       CancelDrag
 0001:0009FF7C       CancelNestedDataSets
 0001:000888C4       CanUseShort
 0002:000038EC       CanvasList
 0002:00003B78       CanvasList
 0002:00000A3C       Captions
 0002:00000F6C       CaptureControl
 0002:00001010       cBooleanToItemAutoFlag
 0002:00000528       CBooleanToRelationship
 0001:00006340       CenterPoint
 0002:00003A8E       CF_COMPONENT
 0002:00003A8C       CF_PICTURE
 0002:00003818       ChangeAnyProc
 0001:0004E914       ChangeBiDiModeAlignment
 0002:00000E58       CharCases
 0001:00003D8C       CharFromWChar
 0001:0000D1D4       CharLength
 0001:00006910       CharNext
 0001:00000368       CharNext
 0001:00028924       CharsetToIdent
 0001:0000D0DC       CharToByteIndex
 0001:0000D140       CharToByteLen
 0001:0007CE88       CharToHex
 0001:00006918       CharToOemA
 0001:00006920       CharUpperBuff
 0001:00001D70       ChDir
 0001:00001D5C       ChDir
 0001:0002AEC8       CheckBool
 0001:0003C188       CheckCommonControl
 0001:000A6324       CheckForAsyncExecute
 0001:000AD300       CheckForFlyAway
 0001:000031AC       CheckJmp
 0001:00006928       CheckMenuItem
 0001:0009EF90       CheckNestedBrowseMode
 0002:00001060       Checks
 0001:00086CD0       CheckSqlTimeStamp
 0001:00020EA8       CheckSubComponents
 0001:000254B8       CheckSynchronize
 0001:000686A0       CheckTaskWindow
 0001:00014FD0       CheckType
 0001:00050048       CheckUndock
 0001:0000CE08       CheckWin32Version
 0001:00006930       ChildWindowFromPoint
 0002:00000494       CInvalidCustomVariantType
 0002:00001014       cItemAutoFlagToBoolean
 0002:0000100C       cItemAutoFlagToMenu
 0001:00026E14       Classes
 0001:0001C660       ClassNotFound
 0002:00001B88       CLASS_Command
 0002:00001B78       CLASS_Connection
 0002:00001BA8       CLASS_DataSpace
 0002:00001B98       CLASS_Recordset
 0002:00003814       ClearAnyProc
 0001:000281A4       ClearColor
 0001:0008C508       ClearExcepInfo
 0001:000177BC       ClearVariantTypeList
 0001:00006938       ClientToScreen
 0001:00059DA4       ClientToWindow
 0002:000009CC       ClipboardFormats
 0001:00034570       Clipbrd
 0001:00000308       CloseHandle
 0001:00006488       CloseHandle
 0002:00003BFC       closesocket
 0002:0000398C       CloseThemeData
 0002:00000A24       CLSID_AutoComplete
 0002:00001B68       CLSID_DATALINKS
 0002:00003040       CmdLine
 0002:0000303C       CmdShow
 0002:00001008       cMenuAutoFlagToItem
 0001:0007CCD0       Cmpp20
 0002:00000534       CmpTypeMap
 0001:0000E954       CmpUnimplemented
 0002:00001920       CoAddRefServerProcess
 0001:0001A174       CoCreateInstance
 0002:00001918       CoCreateInstanceEx
 0002:00000D78       Codes
 0002:00000CEC       Codes
 0001:0001A16C       CoGetMalloc
 0002:00001BDC       CoGetObjectContextProc
 0002:00003B00       CoInitExProcLoaded
 0002:00001930       CoInitFlags
 0001:0001A15C       CoInitialize
 0002:0000191C       CoInitializeEx
 0002:00003AFC       CoInitializeExProc
 0001:0001CF2C       CollectionsEqual
 0002:0000074C       Colors
 0001:0002871C       ColorToIdent
 0002:00000ABC       ColorToPretyName
 0001:0002870C       ColorToRGB
 0002:00000D4C       ColumnClicks
 0002:00000DA8       ComboBoxExStyles
 0002:00000DB4       ComboExStyles
 0002:00003EFC       ComClassManagerVar
 0001:0008B980       ComConst
 0002:00003900       ComCtl32DLL
 0002:00003AF8       ComCtlVersion
 0001:00046B8C       ComCtrls
 0002:00003BC4       CommandPool
 0002:00001BF8       CommandTypeValues
 0001:0002EE30       CommCtrl
 0001:000316D8       CommDlg
 0001:000008E8       Commit
 0002:00003628       committedRoot
 0001:0008C7D0       ComObj
 0001:00089944       CompactBcd
 0001:00087D20       CompareDigits
 0001:000611A4       CompareFront
 0001:00008204       CompareMem
 0001:00089724       CompareNormalizedFractions
 0001:000081D4       CompareStr
 0001:00006490       CompareString
 0001:00008224       CompareText
 0001:000089F4       CompareWith
 0001:00020F88       ComponentCreated
 0001:0003452C       ComStrs
 0002:00003C00       connect
 0002:00001C10       ConnectModeValues
 0002:00001C30       ConnectOptionValues
 0001:000798E0       ConnectTimeout
 0001:00027160       Consts
 0001:0002E870       Contnrs
 0002:00003B36       ControlAtom
 0002:00003B3C       ControlAtomString
 0001:0006D470       ControlHasHelp
 0001:0005D49C       Controls
 0002:0000066C       Convert
 0002:0000067C       Convert
 0001:0000C2F8       ConvertAddr
 0001:0000A8C4       ConvertEraString
 0001:00008064       ConvertError
 0001:0000807C       ConvertErrorFmt
 0001:00042C74       ConvertFlags
 0001:00042AE0       ConvertMask
 0001:0007D000       ConvertNull
 0001:00042C98       ConvertStates
 0001:0000AA30       ConvertYearString
 0001:00005088       CopyArray
 0001:0002B9A0       CopyBitmap
 0001:0002C068       CopyBitmapAsMask
 0001:0008A5A0       CopyByte
 0001:00006DF8       CopyMemory
 0001:0002C004       CopyPalette
 0002:00000DCC       Copyright
 0001:000642D4       CopyToBest
 0002:00001924       CoReleaseServerProcess
 0002:00001928       CoResumeClassObjects
 0002:0000192C       CoSuspendClassObjects
 0001:0001A17C       CoTaskMemAlloc
 0001:0001A164       CoUninitialize
 0001:0000D04C       CountChars
 0002:000038C8       CounterLock
 0002:00000498       CRangeToType
 0001:000A5338       CreateADOObject
 0001:0000C85C       CreateAssertException
 0001:0000C9E4       CreateAVObject
 0001:00006720       CreateBitmap
 0001:00006728       CreateBrushIndirect
 0001:0008BCE0       CreateComObject
 0001:00006730       CreateCompatibleBitmap
 0001:00006738       CreateCompatibleDC
 0001:00021008       CreateComponent
 0001:00006748       CreateDIBitmap
 0001:00006740       CreateDIBSection
 0001:00008E80       CreateDir
 0001:00006498       CreateDirectory
 0001:000064A0       CreateEvent
 0001:000064A8       CreateFile
 0001:00000310       CreateFileA
 0001:00006750       CreateFontIndirect
 0001:00006758       CreateHalftonePalette
 0001:00006940       CreateIcon
 0001:0000C788       CreateInOutError
 0001:00006948       CreateMenu
 0001:00006760       CreatePalette
 0001:00006768       CreatePenIndirect
 0001:00006950       CreatePopupMenu
 0001:00006770       CreateSolidBrush
 0001:0002A494       CreateSystemPalette
 0001:000064B0       CreateThread
 0001:00000370       CreateThread
 0001:00006EEC       CreateWindow
 0001:00006E94       CreateWindowEx
 0002:00000EAC       CreationControl
 0002:00000A34       CreationControl
 0002:00000608       CRelationshipToBoolean
 0002:0000045C       CResult
 0001:000B233C       Cryptcon
 0002:0000015C       cSimpleBoolStrs
 0002:000005B0       CText
 0002:00000FA8       Ctl3DStyles
 0002:00003620       curAlloc
 0001:00015CE0       CurrCompare
 0002:0000368C       CurrencyDecimals
 0002:00003688       CurrencyFormat
 0002:00003684       CurrencyString
 0001:0000A758       CurrentYear
 0001:000155DC       CurrOp
 0001:0008A47C       CurrToBCD
 0001:000AC060       CurrToBuffer
 0001:0000A014       CurrToStr
 0001:0000A07C       CurrToStrF
 0001:00013518       CurrToWStrViaOS
 0002:00001C38       CursorLocationValues
 0002:00001188       CursorMap
 0002:00001C40       CursorOptionValues
 0002:00000EBC       Cursors
 0001:0004EC34       CursorToIdent
 0002:00001C74       CursorTypeValues
 0002:00001178       cUseAlpha
 0002:00001180       cUseColorKey
 0002:00000354       CVarTypeToElementInfo
 0001:00008748       CvtInt
 0001:000087B4       CvtInt64
 0002:0000019C       CWNear
 0002:0000190C       CWNear
 0001:00092380       DatabaseError
 0001:0009242C       DatabaseErrorFmt
 0002:00001C88       DataTypeValues
 0001:00015CB8       DateCompare
 0001:00015114       DateOp
 0002:0000368D       DateSeparator
 0001:0009EA08       DateTimeToNative
 0001:00086C00       DateTimeToSQLTimeStamp
 0001:0000B39C       DateTimeToStr
 0001:0000B310       DateTimeToString
 0001:0000A230       DateTimeToTimeStamp
 0001:0000B36C       DateToStr
 0001:00013550       DateToWStrViaOS
 0001:0007D584       DateUtils
 0001:0007D508       DayOf
 0001:0000A6E0       DayOfWeek
 0001:0007D4D0       DaysInAMonth
 0001:000A0CA0       DB
 0002:00003F10       DBApplication
 0001:000A1A88       DBCommon
 0001:00085EB8       DBConsts
 0002:00003F0C       DBScreen
 0002:00000198       DCon10
 0002:00000748       DDBsOnly
 0001:00026D3C       DeallocateHWnd
 0002:00000028       DebugHook
 0002:0000368B       DecimalSeparator
 0001:00016FA8       DecIndices
 0001:0007BDD0       Decode
 0001:0000A6C0       DecodeDate
 0001:0000A570       DecodeDateFully
 0001:0000A3D8       DecodeTime
 0001:000009A8       Decommit
 0001:000010D4       DecommitFree
 0002:000035FC       decommittedRoot
 0001:0006B0F0       Default
 0001:00070808       Default
 0002:00000020       Default8087CW
 0002:00000EB0       DefaultDockTreeClass
 0002:00001948       DefaultFieldClasses
 0001:00041540       DefaultListViewSort
 0002:00000034       DefaultTextLineBreakStyle
 0002:000035C0       DefaultUserCodePage
 0002:0000099C       DefBrushData
 0002:0000071C       DefFontData
 0001:00006958       DefFrameProc
 0002:00000228       DefLongDayNames
 0002:000001DC       DefLongMonthNames
 0001:00006960       DefMDIChildProc
 0002:0000097C       DefPenData
 0002:0000020C       DefShortDayNames
 0002:000001AC       DefShortMonthNames
 0001:00006968       DefWindowProc
 0001:00005414       DelayLoadResourceModule
 0001:000005C4       DeleteBlock
 0001:000004D4       DeleteCriticalSection
 0001:000064B8       DeleteCriticalSection
 0001:00006778       DeleteDC
 0001:00000EBC       DeleteFree
 0001:00006970       DeleteMenu
 0001:00006780       DeleteObject
 0001:0002B55C       DeselectBitmap
 0001:000AB2A0       DesignerDataStored
 0001:00006978       DestroyCursor
 0001:00006980       DestroyIcon
 0001:00034670       DestroyLocals
 0001:00006988       DestroyMenu
 0001:00006990       DestroyWindow
 0001:0004C0DC       DialogEnumerationTester
 0001:00031D48       Dialogs
 0002:000009D8       DIBPalSizes
 0002:000000B0       dig
 0002:00001BB8       DIID_ConnectionEvents
 0002:00001BC8       DIID_RecordsetEvents
 0002:00000D64       Directions
 0001:00008CAC       DirectoryExists
 0001:000684DC       DisableTaskWindows
 0001:0008BF1C       DispatchInvoke
 0001:0008C4FC       DispatchInvokeError
 0001:00006998       DispatchMessage
 0001:0006E750       DispatchShortCut
 0001:0008C518       DispCall
 0001:0008C5FC       DispCallByID
 0002:00003000       DispCallByIDProc
 0001:0008C428       DispCallError
 0001:00008048       DivMod
 0001:00031710       Dlgs
 0001:0006FA80       DoAlign
 0001:0005496C       DoAlign
 0001:0009E0B4       DoBindFields
 0001:00058A64       DoCalcConstraints
 0002:00003B6C       DockSiteList
 0001:00064EF4       DoClick
 0001:000560B0       DoControlMsg
 0001:0006848C       DoDisableWindow
 0001:0004F974       DoDragOver
 0001:000080C0       DoExitProc
 0001:0005AAD4       DoFindControlZone
 0001:000685E0       DoFindWindow
 0001:0005B060       DoFindZone
 0001:0005AB58       DoForEach
 0001:0005C464       DoGetNextLimit
 0001:00068454       DoneApplication
 0001:0005D1C4       DoneControls
 0001:0000CD18       DoneExceptions
 0001:0006CACC       DoNestedActivation
 0001:00025454       DoneThreadSynchronization
 0001:00071BCC       DoOnHelp
 0001:0005452C       DoPosition
 0001:0006F8D0       DoPosition
 0001:0005BA8C       DoPrune
 0001:000AD5E0       DoRecordsetDelete
 0001:00032D0C       DoRect
 0001:0005BF64       DoSaveZone
 0001:0005C168       DoSetNewBounds
 0002:00001910       Dot
 0002:00000624       DotSep
 0001:0005F804       DoWrite
 0001:0002B120       DoWrite
 0001:0001E478       DoWrite
 0001:00055698       DoWriteDesignSize
 0001:00052FF0       DoWriteIsControl
 0002:00003B50       DragCapture
 0002:00003B44       DragControl
 0001:000500BC       DragDone
 0001:0004F924       DragFindTarget
 0001:0004F8F8       DragFindWindow
 0002:00003B68       DragImageList
 0001:0004FD14       DragInit
 0001:0004FE84       DragInitControl
 0002:00003B4C       DragInternalObject
 0001:0004F840       DragMessage
 0002:00003B48       DragObject
 0002:00003B74       DragSave
 0002:00003B5C       DragSaveCursor
 0002:00003B54       DragStartPos
 0002:00003B60       DragThreshold
 0001:0004FA44       DragTo
 0001:00070844       DrawAppIcon
 0001:0005B5F8       DrawCloseButton
 0001:000069A0       DrawEdge
 0001:000069A8       DrawFrameControl
 0001:0005B650       DrawGrabberLine
 0001:000069B0       DrawIcon
 0001:000069B8       DrawIconEx
 0002:00000FE4       DrawingStyles
 0001:000069C0       DrawMenuBar
 0001:00066264       DrawMenuItem
 0001:000069C8       DrawText
 0002:00003990       DrawThemeBackground
 0002:000039B4       DrawThemeEdge
 0002:000039B8       DrawThemeIcon
 0002:00003A3C       DrawThemeParentBackground
 0002:00003994       DrawThemeText
 0001:00029F58       DupBits
 0001:00016F50       DynArrayBounds
 0001:000050A0       DynArrayClear
 0001:00016EA8       DynArrayDim
 0001:00016E84       DynArrayElTypeInfo
 0001:00017450       DynArrayFromVariant
 0001:00016E40       DynArrayIndex
 0001:000050A8       DynArraySetLength
 0001:00016ED0       DynArraySize
 0001:000170CC       DynArrayToVariant
 0001:00017014       DynArrayVariantBounds
 0001:00017084       DynArrayVarType
 0002:000010D0       EdgeStyle
 0002:00000F98       EdgeStyles
 0002:00000D04       EditStyles
 0001:0000C75C       EHeapException.FreeInstance
 0001:000737F4       EIdProtocolReplyError.CreateError
 0001:0007383C       EIdSocketError.CreateError
 0001:00073BEC       EIdWS2StubError.Build
 0002:00000E74       Empty
 0001:00015B44       EmptyCompare
 0001:00015544       EmptyOp
 0002:00003800       EmptyParam
 0002:000000E0       EmptyStr
 0002:000000E4       EmptyWideStr
 0001:000069D0       EnableMenuItem
 0002:00001068       Enables
 0001:000069D8       EnableScrollBar
 0001:00068590       EnableTaskWindows
 0002:00003A24       EnableThemeDialogTexture
 0002:00003A40       EnableTheming
 0001:000069E0       EnableWindow
 0001:0007BD78       Encode
 0001:0000A540       EncodeDate
 0001:0000A398       EncodeTime
 0001:0001CCF8       EndGlobalLoading
 0001:000069E8       EndPaint
 0001:00003C64       EndThread
 0001:000064C0       EnterCriticalSection
 0001:000004C4       EnterCriticalSection
 0001:000064C8       EnumCalendarInfoA
 0002:00003924       EnumDisplayMonitors
 0001:0000BF6C       EnumEraNames
 0001:0000BFA8       EnumEraYearOffsets
 0001:0006B6B4       EnumMonitorsProc
 0001:000069F0       EnumThreadWindows
 0001:000207B8       EnumValue
 0001:000069F8       EnumWindows
 0001:0008BC14       EOleException.Create
 0001:0008BB44       EOleSysError.Create
 0001:00006A00       EqualRect
 0002:00003754       EraNames
 0001:0000B628       EraToYear
 0002:00003770       EraYearOffsets
 0002:00000088       errCaption
 0001:00060EF4       Error
 0001:0001FF9C       Error
 0001:00001D14       Error
 0001:0001C204       Error
 0002:00000004       ErrorAddr
 0001:00001CC8       ErrorAt
 0001:0000C808       ErrorHandler
 0002:00000244       ErrorMap
 0002:00003008       ErrorProc
 0002:000033E8       ErrOutput
 0001:000922AC       EUpdateError.Create
 0001:00092350       EUpdateError.Destroy
 0002:00001D20       EventReasonValues
 0002:00001AA0       Events
 0002:00001D5C       EventStatusValues
 0001:00001C54       ExceptAddr
 0002:0000300C       ExceptClsProc
 0001:0000CC84       ExceptHandler
 0001:0000C588       Exception.Create
 0001:0000C5C4       Exception.CreateFmt
 0001:0000C714       Exception.CreateHelp
 0001:0000C644       Exception.CreateRes
 0001:0000C680       Exception.CreateResFmt
 0002:0000301C       ExceptionClass
 0001:0000C304       ExceptionErrorMessage
 0002:0000027C       ExceptMap
 0001:00001C34       ExceptObject
 0002:00003010       ExceptObjProc
 0002:00003004       ExceptProc
 0001:00006788       ExcludeClipRect
 0001:000A5738       ExecuteOptionsToOrd
 0002:00001D70       ExecuteOptionValues
 0002:00000000       ExitCode
 0001:00003A34       ExitDll
 0002:00003048       ExitProc
 0001:00000380       ExitProcess
 0002:00003028       ExitProcessProc
 0002:00000158       ExitProcList
 0001:00000378       ExitThread
 0001:00008DC4       ExpandFileName
 0001:000358EC       ExtActns
 0001:0003447C       ExtCtrls
 0001:00034798       ExtDlgs
 0001:000A68EC       ExtractCommandType
 0001:00092488       ExtractFieldName
 0001:000A57B4       ExtractFieldName
 0001:00008D8C       ExtractFileName
 0001:00008D58       ExtractFilePath
 0001:0008B1BC       ExtractLiterals
 0001:0008AE10       ExtractMoneySymbol
 0001:000A6564       ExtractUserID
 0001:00006790       ExtTextOut
 0001:0007BC5C       F
 0002:00003790       FalseBoolStrs
 0002:00003A94       FClipboard
 0002:0000018C       FCon1E18
 0002:00001908       FConst10
 0001:00076BF8       Fetch
 0001:00076B10       FetchCaseInsensitive
 0001:0007BCA8       FF
 0002:00003DD8       FIdPorts
 0001:000A5B78       FieldListCheckSum
 0002:000019E0       FieldTypeNames
 0001:00008C34       FileAge
 0001:00008C2C       FileClose
 0001:00008B94       FileCreate
 0001:00008B70       FileCreate
 0001:00008C9C       FileExists
 0002:000009D0       FileFormats
 0002:00000008       FileMode
 0001:000020A4       FileNOPProc
 0001:00008B18       FileOpen
 0001:00008B9C       FileRead
 0002:00000660       FilerSignature
 0001:00008BF4       FileSeek
 0001:000064D0       FileTimeToDosDateTime
 0001:000064D8       FileTimeToLocalFileTime
 0001:00008BC8       FileWrite
 0001:00000FF4       FillAfterGap
 0001:00000F94       FillBeforeGap
 0001:00001094       FillerSizeAfterGap
 0001:0000101C       FillerSizeBeforeGap
 0001:00006A08       FillRect
 0002:00001D80       FilterGroupValues
 0001:000A0C44       Finalization
 0001:00034638       Finalization
 0001:00034534       Finalization
 0001:0008B8D8       Finalization
 0001:00018588       Finalization
 0001:0008B950       Finalization
 0001:000187C4       Finalization
 0001:000344FC       Finalization
 0001:00031CEC       Finalization
 0001:0008C750       Finalization
 0001:00072BE0       Finalization
 0001:0001A1A8       Finalization
 0001:0000F0D0       Finalization
 0001:00034434       Finalization
 0001:0001A0D0       Finalization
 0001:00078200       Finalization
 0001:000A0DB8       Finalization
 0001:00066544       Finalization
 0001:00034708       Finalization
 0001:00034768       Finalization
 0001:000316E0       Finalization
 0001:0000E6E4       Finalization
 0001:00035778       Finalization
 0001:000357E0       Finalization
 0001:000073FC       Finalization
 0001:00035844       Finalization
 0001:00007074       Finalization
 0001:0000703C       Finalization
 0001:000316A8       Finalization
 0001:00026D64       Finalization
 0001:0003589C       Finalization
 0001:00027130       Finalization
 0001:000A1008       Finalization
 0001:00031670       Finalization
 0001:00031604       Finalization
 0001:00073884       Finalization
 0001:00037500       Finalization
 0001:000A1A58       Finalization
 0001:00086DDC       Finalization
 0001:000315CC       Finalization
 0001:00073B3C       Finalization
 0001:00085E88       Finalization
 0001:00085CE8       Finalization
 0001:00046B14       Finalization
 0001:00085308       Finalization
 0001:00031594       Finalization
 0001:0007D554       Finalization
 0001:00006080       Finalization
 0001:0003155C       Finalization
 0001:00074C54       Finalization
 0001:000A1BB8       Finalization
 0001:0007D448       Finalization
 0001:0007CCD8       Finalization
 0001:00031524       Finalization
 0001:00074C9C       Finalization
 0001:000A1C68       Finalization
 0001:0007CCA0       Finalization
 0001:0007CC68       Finalization
 0001:000062B0       Finalization
 0001:0007CBD0       Finalization
 0001:0007CB98       Finalization
 0001:0000636C       Finalization
 0001:0007CB60       Finalization
 0001:0007CB28       Finalization
 0001:000476BC       Finalization
 0001:000314EC       Finalization
 0001:000756B4       Finalization
 0001:0004B568       Finalization
 0001:0003147C       Finalization
 0001:0005FF54       Finalization
 0001:0004B6D0       Finalization
 0001:0007C688       Finalization
 0001:0004C354       Finalization
 0001:0005E7F8       Finalization
 0001:0002E3A8       Finalization
 0001:0005D434       Finalization
 0001:000B209C       Finalization
 0001:000B223C       Finalization
 0001:0002E588       Finalization
 0001:0007BC24       Finalization
 0001:0002E840       Finalization
 0001:00079F4C       Finalization
 0001:000796D8       Finalization
 0001:00076790       Finalization
 0001:000796A0       Finalization
 0001:0002EE00       Finalization
 0001:00076800       Finalization
 0001:00030AF8       Finalization
 0001:000B2284       Finalization
 0001:00079668       Finalization
 0001:0003094C       Finalization
 0001:00078B10       Finalization
 0001:0002F580       Finalization
 0001:00078AD8       Finalization
 0001:0002F5C0       Finalization
 0001:00078700       Finalization
 0001:000305A8       Finalization
 0001:000785A4       Finalization
 0001:000305F0       Finalization
 0001:00030628       Finalization
 0001:000B230C       Finalization
 0001:000B3474       Finalization
 0001:000C30D4       Finalization
 0001:000C310C       Finalization
 0001:000778F4       Finalization
 0001:000772E4       Finalization
 0001:00076FF8       Finalization
 0001:00076D58       Finalization
 0001:00005098       FinalizeArray
 0001:0000382C       FinalizeUnits
 0001:00064CB4       Find
 0001:000232EC       FindAncestor
 0001:000054A4       FindBS
 0001:0001C720       FindClass
 0001:0000540C       FindClassHInstance
 0001:00000390       FindClose
 0001:000064E0       FindClose
 0001:00000F50       FindCommitted
 0001:0004EA14       FindControl
 0001:0005B28C       FindControlAtPos
 0001:0001838C       FindCustomVariantType
 0001:00018444       FindCustomVariantType
 0001:000503E0       FindDragTarget
 0001:000211B8       FindExistingComponent
 0001:000064E8       FindFirstFile
 0001:00000398       FindFirstFile
 0001:0001CB88       FindGlobalComponent
 0001:000686EC       FindGlobalComponent
 0002:00003864       FindGlobalComponentProcs
 0001:000053E4       FindHInstance
 0001:0001CA30       FindIdentToInt
 0001:0001C9B4       FindIntToIdent
 0002:00003A80       FindMsg
 0001:00020348       FindNestedComponent
 0001:00060EBC       FindPopupControl
 0001:0000ED98       FindProc
 0001:000064F0       FindResource
 0001:0000545C       FindResourceHInstance
 0001:00072410       FindScanline
 0001:00068644       FindTopMostWindow
 0001:0002209C       FindUniqueName
 0001:00016684       FindVarData
 0001:000503AC       FindVCLWindow
 0001:00006A10       FindWindow
 0001:0004C134       FindWinHelp
 0001:0002B954       FixupBitFields
 0002:000010E0       Flags
 0002:000037A0       FLanguages
 0001:0003097C       FlatSB
 0002:00003950       FlatSB_EnableScrollBar
 0002:0000395C       FlatSB_GetScrollInfo
 0002:00003960       FlatSB_GetScrollPos
 0002:00003958       FlatSB_GetScrollRange
 0002:00003968       FlatSB_SetScrollInfo
 0002:00003964       FlatSB_SetScrollPos
 0001:0003066C       FlatSB_SetScrollProp
 0002:0000396C       FlatSB_SetScrollRange
 0002:00003954       FlatSB_ShowScrollBar
 0001:00009CA4       FloatToDecimal
 0001:00009FE4       FloatToStr
 0001:0000A044       FloatToStrF
 0001:000096DC       FloatToText
 0001:000099B0       FloatToTextFmt
 0001:00002370       Flush
 0002:000001A0       FMSecsPerDay
 0001:0008B914       FMTBcd
 0002:000018D4       FMTBcdVariantType
 0001:000095D0       FmtStr
 0002:000010FC       FocusCount
 0002:000010F8       FocusMessages
 0002:000008EC       FontCharsets
 0002:000038E0       FontManager
 0001:000686C0       ForegroundTask
 0001:000095BC       Format
 0002:000001A8       Format
 0001:0008B810       FormatBcd
 0001:000091AC       FormatBuf
 0001:000091A0       FormatClearStr
 0001:0000A10C       FormatCurr
 0001:0000B3B0       FormatDateTime
 0001:00009124       FormatError
 0002:00000184       FormatErrorStrs
 0001:0000A0B4       FormatFloat
 0001:00085CB4       FormatMaskText
 0001:000064F8       FormatMessage
 0001:0008B458       FormatOneBcd
 0001:0000917C       FormatVarToStr
 0001:00072C3C       Forms
 0001:0000289C       FPower10
 0002:00000A20       FPrinter
 0001:0008A180       FractionToStr
 0001:00032DD0       Frame3D
 0001:00006A18       FrameRect
 0001:0000E2C4       FreeAndNil
 0001:00000C50       FreeCommitted
 0001:00001288       FreeCurAlloc
 0001:000504A0       FreeDeviceContext
 0001:0005055C       FreeDeviceContexts
 0001:00026B30       FreeIntConstList
 0001:00006500       FreeLibrary
 0001:000003A0       FreeLibrary
 0001:0002B4B0       FreeMemoryContexts
 0001:00026C64       FreeObjectInstance
 0001:00068788       FreeObjectInstance
 0001:00006520       FreeResource
 0001:00000820       FreeSpace
 0001:0000DC3C       FreeTerminateProcs
 0001:00030B30       FreeThemeLibrary
 0002:00003AF4       FRichEditModule
 0001:0007BC68       G
 0002:00001800       GAntiFreeze
 0001:000C349C       GATEWAY
 0001:0000DD3C       GDAL
 0002:00003E98       GDBCONFIG
 0001:00029F48       GDICheck
 0001:00029EA0       GDIError
 0001:00002014       Get8087CW
 0002:00003DA8       GetAcceptExSockaddrs
 0001:00006528       GetACP
 0001:00006A20       GetActiveWindow
 0001:0006FF5C       GetAnimation
 0001:00006798       GetBitmapBits
 0001:000004DC       GetBlockDesc
 0001:000067A0       GetBrushOrgEx
 0001:00006A28       GetCapture
 0001:0004ECDC       GetCaptureControl
 0001:0001C6CC       GetClass
 0001:00006A30       GetClassInfo
 0001:00006A38       GetClassName
 0001:00006A40       GetClientRect
 0001:000067A8       GetClipBox
 0001:00000478       GetCmdShow
 0001:0005E9C8       GetColor
 0001:0003C1B0       GetComCtlVersion
 0001:000003A8       GetCommandLine
 0001:00000A64       GetCommitted
 0001:00000B0C       GetCommittedAt
 0001:000A7FD4       GetComponent
 0001:000246A4       GetComponentValue
 0001:00055C64       GetControlAtPos
 0001:0000A81C       GetCount
 0001:00006530       GetCPInfo
 0001:000067B0       GetCurrentPositionEx
 0001:00006538       GetCurrentProcessId
 0002:00003A34       GetCurrentThemeName
 0001:00006540       GetCurrentThreadId
 0001:00000468       GetCurrentThreadId
 0001:00006DF0       GetCurrentTime
 0001:00006A48       GetCursor
 0001:00072420       GetCursorHeightMargin
 0001:00006A50       GetCursorPos
 0001:0000A84C       GetDate
 0001:00006548       GetDateFormat
 0001:0000B540       GetDateOrder
 0001:00006A58       GetDC
 0001:00006A60       GetDCEx
 0001:000067B8       GetDCOrgEx
 0001:0002DFB0       GetDefFontCharSet
 0001:0001DA20       GetDesigner
 0001:00006A68       GetDesktopWindow
 0001:000067D0       GetDeviceCaps
 0001:0002AEB0       GetDIB
 0001:000067C0       GetDIBColorTable
 0001:000067C8       GetDIBits
 0001:0002ADF8       GetDIBSizes
 0001:0002A0B8       GetDInColors
 0001:00006550       GetDiskFreeSpaceA
 0002:00000154       GetDiskFreeSpaceEx
 0001:0005C544       GetDockAlign
 0001:0004F684       GetDockSiteAtPos
 0001:0004F9B0       GetDropCtl
 0001:00002F2C       GetDynaMethod
 0001:000190B0       GetEnumName
 0001:00019188       GetEnumNameValue
 0001:00019434       GetEnumProp
 0001:000191D4       GetEnumValue
 0001:0000C020       GetEraNamesAndYearOffsets
 0001:0000B5D4       GetEraYearOffset
 0001:0001A194       GetErrorInfo
 0001:0000C9CC       GetExceptionClass
 0001:0000CBB8       GetExceptionObject
 0001:00006558       GetExitCodeThread
 0001:00075CE0       GetFDSet
 0001:0001C654       GetFieldClassTable
 0001:00006560       GetFileAttributes
 0001:00000320       GetFileSize
 0001:00006568       GetFileSize
 0001:00000318       GetFileType
 0001:0000CE28       GetFileVersion
 0001:00006700       GetFileVersionInfo
 0001:00006708       GetFileVersionInfoSize
 0001:000A5800       GetFilterStr
 0001:00019B5C       GetFloatProp
 0001:00006A70       GetFocus
 0001:00028944       GetFontData
 0001:00006A78       GetForegroundWindow
 0001:0008B74C       GetFormat
 0001:0000D6B0       GetFormatSettings
 0001:000A7250       GetFromDataFactory
 0001:000A72F8       GetFromProperty
 0001:00006570       GetFullPathName
 0001:00027E8C       GetHashCode
 0001:0006D4A8       GetHelpInfo
 0001:0002FA40       GetHelpSystem
 0001:0006FD40       GetHint
 0001:0006FD78       GetHintControl
 0002:00003C50       gethostbyaddr
 0002:00003C54       gethostbyname
 0002:00003C58       gethostname
 0001:000663E4       GetHotkey
 0001:00006A80       GetIconInfo
 0001:0008C294       GetIDsOfNames
 0001:000B0808       GetIdx
 0001:00019F78       GetInt64Prop
 0001:00019FDC       GetInterfaceProp
 0001:00006A98       GetKeyboardLayout
 0001:00006AA0       GetKeyboardLayoutList
 0001:00006AA8       GetKeyboardState
 0001:00002B88       GetKeyboardType
 0001:00006A88       GetKeyNameText
 0001:00006A90       GetKeyState
 0001:00006AB0       GetLastActivePopup
 0001:0005A80C       GetLastChildZone
 0001:00006578       GetLastError
 0001:000003B0       GetLastError
 0001:00041198       GetLength
 0001:0000BDE4       GetLocaleChar
 0001:00006588       GetLocaleInfo
 0001:000003B8       GetLocaleInfo
 0001:0000BD98       GetLocaleStr
 0001:00006580       GetLocalTime
 0001:0004EC98       GetLongHint
 0001:00019804       GetLongStrProp
 0001:00006AB8       GetMenu
 0001:0006D430       GetMenuHelpContext
 0001:00006AC0       GetMenuItemCount
 0001:00006AC8       GetMenuItemID
 0001:00006AD0       GetMenuItemInfo
 0001:00063500       GetMenuSize
 0001:00006AD8       GetMenuState
 0001:00006AE0       GetMenuString
 0001:00006AE8       GetMessagePos
 0001:00019F00       GetMethodProp
 0001:00006590       GetModuleFileName
 0001:000003C0       GetModuleFileName
 0001:00006598       GetModuleHandle
 0001:000003C8       GetModuleHandle
 0001:000061A8       GetModuleHandle
 0002:00003918       GetMonitorInfo
 0002:0000391C       GetMonitorInfoA
 0002:00003920       GetMonitorInfoW
 0001:0000BE48       GetMonthDayNames
 0001:00006AF0       GetNextWindow
 0001:000067D8       GetObject
 0001:000A1B78       GetObjectContext
 0002:00001BD8       GetObjectContextProc
 0001:00019364       GetOrdProp
 0001:000067E0       GetPaletteEntries
 0001:00001E2C       GetParamStr
 0001:00006AF8       GetParent
 0001:000688DC       GetParentForm
 0002:00003C08       getpeername
 0001:000067E8       GetPixel
 0001:000065A0       GetPrivateProfileString
 0001:000065A8       GetProcAddress
 0001:000003D0       GetProcAddress
 0001:00006B00       GetProp
 0001:000192A8       GetPropInfo
 0001:00019238       GetPropInfo
 0001:00018A30       GetPropInfo
 0001:00018A50       GetPropInfo
 0001:000192E0       GetPropInfos
 0001:00018A70       GetPropValue
 0002:00003C68       getprotobyname
 0002:00003C64       getprotobynumber
 0001:00068D9C       GetRealScrollPosition
 0001:0005E9A8       GetRGBColor
 0001:00006B08       GetScrollInfo
 0001:00006B10       GetScrollPos
 0001:00006B18       GetScrollRange
 0002:00003C60       getservbyname
 0002:00003C5C       getservbyport
 0001:000194A8       GetSetProp
 0001:0004EC54       GetShortHint
 0001:000196FC       GetShortStrProp
 0001:00019794       GetShortStrPropAsLongStr
 0002:00003C0C       getsockname
 0002:00003C10       getsockopt
 0001:00000744       GetSpace
 0001:000007A8       GetSpaceAt
 0001:00060F4C       GetSpecialName
 0001:000A10FC       GetSQLToken
 0001:000003D8       GetStartupInfo
 0001:000A56E4       GetStates
 0001:000065B0       GetStdHandle
 0001:00000328       GetStdHandle
 0001:000067F0       GetStockObject
 0001:000065B8       GetStringTypeEx
 0001:00019934       GetStrProp
 0001:00006B20       GetSubMenu
 0001:00006B28       GetSysColor
 0001:00006B30       GetSysColorBrush
 0001:000065C0       GetSystemInfo
 0001:00006B38       GetSystemMenu
 0001:00006B40       GetSystemMetrics
 0002:00003908       GetSystemMetrics
 0001:000067F8       GetSystemPaletteEntries
 0001:000A18D0       GetTableNameFromSQL
 0001:000065C8       GetTempPath
 0001:00006800       GetTextExtentPoint32
 0001:00006808       GetTextMetrics
 0002:00003A2C       GetThemeAppProperties
 0002:00003998       GetThemeBackgroundContentRect
 0002:0000399C       GetThemeBackgroundExtent
 0002:000039AC       GetThemeBackgroundRegion
 0002:000039D0       GetThemeBool
 0002:000039C4       GetThemeColor
 0002:00003A38       GetThemeDocumentationProperty
 0002:000039D8       GetThemeEnumValue
 0002:000039F8       GetThemeFilename
 0002:000039E0       GetThemeFont
 0002:000039D4       GetThemeInt
 0002:000039EC       GetThemeIntList
 0002:000039E8       GetThemeMargins
 0002:000039C8       GetThemeMetric
 0002:000039A0       GetThemePartSize
 0002:000039DC       GetThemePosition
 0002:000039F0       GetThemePropertyOrigin
 0002:000039E4       GetThemeRect
 0002:000039CC       GetThemeString
 0002:00003A04       GetThemeSysBool
 0002:000039FC       GetThemeSysColor
 0002:00003A00       GetThemeSysColorBrush
 0002:00003A0C       GetThemeSysFont
 0002:00003A14       GetThemeSysInt
 0002:00003A08       GetThemeSysSize
 0002:00003A10       GetThemeSysString
 0002:000039A4       GetThemeTextExtent
 0002:000039A8       GetThemeTextMetrics
 0001:000065D0       GetThreadLocale
 0001:000003E0       GetThreadLocale
 0001:000065D8       GetTickCount
 0001:0000A884       GetTime
 0001:000061D4       GetTlsSize
 0001:00070520       GetTopMostWindows
 0001:0004EDE4       GetTopParent
 0001:00006B48       GetTopWindow
 0001:000190A4       GetTypeData
 0001:000A6630       GetUserName
 0001:00087DD4       GetValueAndMultiplyOrder
 0001:000168E4       GetVarDataArrayInfo
 0001:00019E80       GetVariantProp
 0001:00000470       GetVersion
 0001:000065E0       GetVersion
 0001:000065E8       GetVersionEx
 0001:000199A0       GetWideStrProp
 0001:00019884       GetWideStrPropAsLongStr
 0001:00006B50       GetWindow
 0001:00006B58       GetWindowDC
 0001:00006B60       GetWindowLong
 0001:00006810       GetWindowOrgEx
 0001:00006B68       GetWindowPlacement
 0001:00006B70       GetWindowRect
 0001:00006B78       GetWindowText
 0002:00003A20       GetWindowTheme
 0001:00006B88       GetWindowThreadProcessId
 0001:00006B80       GetWindowThreadProcessId
 0001:0007BCDC       GG
 0002:00003E38       GGATECONFIG
 0002:00001828       GInstanceCount
 0001:0007D4C8       Global
 0001:000065F0       GlobalAddAtom
 0001:000065F8       GlobalAlloc
 0001:00006E0C       GlobalAllocPtr
 0001:00006600       GlobalDeleteAtom
 0001:00006608       GlobalFindAtom
 0002:00003868       GlobalFixupList
 0001:00020490       GlobalFixupReferences
 0001:00006610       GlobalFree
 0001:00006E38       GlobalFreePtr
 0001:00006620       GlobalHandle
 0001:00006618       GlobalLock
 0002:00003F30       GlobalMalloc
 0002:0000384C       GlobalNameSpace
 0001:00006628       GlobalReAlloc
 0001:00006E1C       GlobalReAllocPtr
 0001:00006630       GlobalUnlock
 0001:0002E47C       Graphics
 0002:00000CDC       GripStyles
 0001:0001C848       GroupDescendentsWith
 0002:0000175C       GServeFileProc
 0002:00003E88       GSMSCENTERCONFIG
 0002:00003DBC       GSocketListClass
 0002:00001754       GStack
 0002:00001758       GStackClass
 0002:00003DEC       GStackCriticalSection
 0002:00001760       GStarted
 0002:00000628       GUID_NULL
 0001:0007BC74       H
 0001:0000FDE0       HandleConversionException
 0001:0006D6B0       HandleEdge
 0001:000218F4       HandleException
 0001:00048EF8       HasPopup
 0002:00000024       HeapAllocFlags
 0002:000035C8       heapErrorCode
 0002:000035CC       heapLock
 0001:000305E8       HelpIntfs
 0002:00003944       HelpManager
 0002:00003A7C       HelpMsg
 0002:00003B20       HelpViewer
 0002:00003B24       HelpViewerIntf
 0002:00000150       HexDisplayPrefix
 0001:000253C8       HexToBin
 0001:0007CF34       HexToChar
 0001:0007BD10       HH
 0002:00000D14       HideSelections
 0002:00000E64       HideSelections
 0001:0005C5C0       HideZone
 0002:00003668       HInstance
 0002:00003BDC       HintDoneEvent
 0001:0006FE48       HintGetMsgHook
 0002:00003BE0       HintHook
 0001:0006FDEC       HintMouseThread
 0002:00003BE4       HintThread
 0002:00003BD8       HintThreadID
 0001:0006FD98       HintTimerProc
 0002:000010F0       HintWindowClass
 0002:000039B0       HitTestThemeBackground
 0001:00006DEC       HiWord
 0001:0006FE8C       HookHintHooks
 0001:0007D52C       HourOf
 0001:000B2274       htonl
 0002:00003C14       htonl
 0002:00003C18       htons
 0001:00006F44       HwndMSWheel
 0002:0000120C       hWS2Dll
 0001:0007BC7C       I
 0002:00000D90       IAlignment
 0002:00001084       IBreaks
 0002:00001090       IChecks
 0001:000B226C       IdAntiFreeze
 0001:00077314       IdAntiFreezeBase
 0001:00078B40       IdAssignedNumbers
 0001:00077028       IdBaseComponent
 0001:0007793C       IdComponent
 0002:00001098       IDefaults
 0001:00028934       IdentToCharset
 0001:0002872C       IdentToColor
 0001:0004EC44       IdentToCursor
 0001:0001CAAC       IdentToInt
 0001:000738B4       IdException
 0001:00076E14       IdGlobal
 0001:000785D4       IdIntercept
 0001:00078730       IdIOHandler
 0001:00079F7C       IdIOHandlerSocket
 0001:00073B6C       IdResourceStrings
 0001:00078B08       IdRFCReply
 0001:00078230       IdSocketHandle
 0001:00079698       IdSocks
 0001:000756E4       IdStack
 0001:00074CCC       IdStackConsts
 0001:000767D4       IdStackWindows
 0002:00001804       IdStati
 0001:00079708       IdStream
 0001:0007CB58       IdTCPClient
 0001:0007BC54       IdTCPConnection
 0001:000796D0       IdTCPStream
 0001:0007CB90       IdUDPBase
 0001:0007CBC8       IdUDPClient
 0001:00076830       IdURI
 0001:00074C8C       IdWinSock2
 0002:00001750       Id_SO_True
 0002:000010A0       IEnables
 0001:000642A4       IfHotkeyAvailable
 0001:0007BD44       II
 0002:00001BE8       IID_IObjectContext
 0002:00003BB4       ImageListWriteExProc
 0001:0002E92C       ImageList_Add
 0001:0002E94C       ImageList_AddIcon
 0001:0002E974       ImageList_BeginDrag
 0001:0002E914       ImageList_Create
 0001:0002E91C       ImageList_Destroy
 0001:0002E984       ImageList_DragEnter
 0001:0002E98C       ImageList_DragLeave
 0001:0002E994       ImageList_DragMove
 0001:0002E9A4       ImageList_DragShowNolock
 0001:0002E95C       ImageList_Draw
 0001:0002E964       ImageList_DrawEx
 0001:0002E97C       ImageList_EndDrag
 0001:0002E944       ImageList_GetBkColor
 0001:0002E9AC       ImageList_GetDragImage
 0001:0002E9C4       ImageList_GetIconSize
 0001:0002E924       ImageList_GetImageCount
 0001:0002E9B4       ImageList_Read
 0001:0002E96C       ImageList_Remove
 0001:0002E934       ImageList_ReplaceIcon
 0001:0002E93C       ImageList_SetBkColor
 0001:0002E99C       ImageList_SetDragCursorImage
 0001:0002E9CC       ImageList_SetIconSize
 0001:0002E9BC       ImageList_Write
 0002:00000FF4       Images
 0001:0005FF84       ImgList
 0001:0002F5F0       Imm
 0002:00000FD8       IMM32DLL
 0001:0005D1B0       Imm32IsIME
 0002:000001A4       IMSecsPerDay
 0001:00010270       InBounds
 0001:0000FECC       InBounds
 0001:0000D280       IncludeTrailingPathDelimiter
 0001:000769A4       IncludeTrailingSlash
 0001:0000FEFC       Increment
 0001:000102A0       Increment
 0002:00001884       IncrementAmount
 0001:0002E958       IndexToOverlayMask
 0001:0002EA18       IndexToStateImageMask
 0002:00003DCC       IndyFalseBoolStrs
 0002:000017B0       IndyPos
 0002:00003DD0       IndyTrueBoolStrs
 0002:00003C1C       inet_addr
 0002:00003C20       inet_ntoa
 0001:00006B90       InflateRect
 0001:000357C0       IniFiles
 0001:00000CE4       InitAllocator
 0001:0002EE38       InitAnApi
 0002:00003930       InitApis
 0001:0002E880       InitComCtl
 0001:0003C15C       InitCommonControl
 0001:0002E878       InitCommonControls
 0001:0002E8E0       InitCommonControlsEx
 0001:0008C6D8       InitComObj
 0001:0001CD54       InitComponent
 0002:00003638       InitContext
 0001:0005D24C       InitControls
 0001:0002DFF4       InitDefFontData
 0001:0000DDF0       InitDriveSpacePtr
 0001:0000CC94       InitExceptions
 0001:000306C8       InitFlatSB
 0001:00031B98       InitGlobals
 0001:0002ACB0       InitializeBitmapInfoHeader
 0001:000AA284       InitializeConnection
 0001:00006638       InitializeCriticalSection
 0001:000004BC       InitializeCriticalSection
 0002:000035C4       initialized
 0001:000306A0       InitializeFlatSB
 0001:000A9F24       InitializeMasterFields
 0001:00006260       InitializeModule
 0001:000AA408       InitializeRecordset
 0001:0000EDC4       InitializeVarUtils
 0001:0005CE50       InitIMM32
 0001:0001CDFC       InitInheritedComponent
 0001:0000D4C0       InitLeadBytes
 0001:0002F514       InitMultiMonStubs
 0001:000A9A94       InitParameters
 0001:0000CD98       InitPlatformId
 0002:00003044       InitProc
 0001:00072B54       InitProcs
 0001:0002DF78       InitScreenLogPixels
 0001:0000D538       InitSysLocale
 0001:00030CF0       InitThemeLibrary
 0001:00025420       InitThreadSynchronization
 0001:000061DC       InitThreadTLS
 0001:0000389C       InitUnits
 0001:0004E928       InitWndProc
 0001:00076CB0       InMainThread
 0001:000B0F60       InMTSTransaction
 0002:00000F78       InnerStyles
 0001:00001D50       InOutError
 0002:00003050       Input
 0001:0006F870       InsertBefore
 0001:000544A0       InsertBefore
 0001:00001190       InsertFree
 0001:00064358       InsertHotkeyFarEastFormat
 0001:00006B98       InsertMenu
 0001:00006BA0       InsertMenuItem
 0002:00003888       InstBlockList
 0002:0000388C       InstFreeList
 0001:00015C54       Int64Compare
 0001:000152A0       Int64Op
 0001:00015C40       IntCompare
 0002:0000385C       IntConstList
 0001:00000460       InterlockedDecrement
 0001:0000DE58       InterlockedDecrement
 0001:00006508       InterlockedDecrement
 0001:00006510       InterlockedExchange
 0001:0000DE64       InterlockedExchange
 0001:0000DE6C       InterlockedExchangeAdd
[...]
  3255 0001:000B9F6B  3258 0001:000B9F78  3259 0001:000B9F83  3260 0001:000B9F88
  3261 0001:000B9F9F  3264 0001:000B9FA4  3265 0001:000B9FAB  3269 0001:000B9FB4
  3270 0001:000B9FC2  3271 0001:000B9FCA  3273 0001:000B9FE6  3267 0001:000B9FF5
  3276 0001:000B9FFE  3280 0001:000BA004  3281 0001:000BA00A  3282 0001:000BA010
  3284 0001:000BA019  3286 0001:000BA025  3292 0001:000BA028  3299 0001:000BA031
  3301 0001:000BA041  3303 0001:000BA04E  3305 0001:000BA066  3307 0001:000BA07E
  3311 0001:000BA08B  3314 0001:000BA0A3  3316 0001:000BA0BA  3323 0001:000BA0C8
  3324 0001:000BA0D4  3326 0001:000BA0D8  3333 0001:000BA0E3  3335 0001:000BA0FB
  3336 0001:000BA112  3340 0001:000BA11E  3366 0001:000BA158  3372 0001:000BA15C
  3374 0001:000BA193  3375 0001:000BA1A3  3376 0001:000BA1AB  3377 0001:000BA1C1
  3381 0001:000BA1D7  3382 0001:000BA1E9  3383 0001:000BA1FB  3387 0001:000BA20D
  3388 0001:000BA223  3390 0001:000BA22E  3393 0001:000BA237  3394 0001:000BA24E
  3428 0001:000BA255  3430 0001:000BA273  3432 0001:000BA278  3433 0001:000BA281
  3434 0001:000BA28F  3437 0001:000BA298  3439 0001:000BA2A9  3442 0001:000BA2BC
  3443 0001:000BA2CA  3445 0001:000BA2FE  3447 0001:000BA300  3448 0001:000BA321
  3452 0001:000BA351  3456 0001:000BA378  3458 0001:000BA381  3460 0001:000BA39D
  3470 0001:000BA3A0  3471 0001:000BA3F7  3472 0001:000BA3FE  3473 0001:000BA41D
  3474 0001:000BA44B  3475 0001:000BA455  3476 0001:000BA48C  3477 0001:000BA49A
  3478 0001:000BA4AA  3479 0001:000BA4B4  3480 0001:000BA4D7  3483 0001:000BA4DB
  3484 0001:000BA4E3  3485 0001:000BA4E9  3490 0001:000BA4F5  3492 0001:000BA532
  3497 0001:000BA53C  3499 0001:000BA549  3501 0001:000BA550  3503 0001:000BA557
  3504 0001:000BA56B  3505 0001:000BA57F  3506 0001:000BA593  3507 0001:000BA5A7
  3508 0001:000BA5BB  3509 0001:000BA5CF  3510 0001:000BA5E3  3511 0001:000BA5F7
  3514 0001:000BA60B  3515 0001:000BA61E  3516 0001:000BA62C  3519 0001:000BA636
  3521 0001:000BA649  3523 0001:000BA65C  3525 0001:000BA66F  3527 0001:000BA6A9
  3534 0001:000BA6F4  3535 0001:000BA71B  3536 0001:000BA71F  3537 0001:000BA749
  3539 0001:000BA759  3540 0001:000BA767  3541 0001:000BA779  3543 0001:000BA787
  3544 0001:000BA7AB  3545 0001:000BA7C5  3546 0001:000BA7E7  3547 0001:000BA809
  3549 0001:000BA820  3550 0001:000BA845  3551 0001:000BA85C  3552 0001:000BA873
  3555 0001:000BA88A  3556 0001:000BA8AF  3557 0001:000BA8C9  3558 0001:000BA8E3
  3559 0001:000BA905  3560 0001:000BA927  3562 0001:000BA93E  3563 0001:000BA963
  3564 0001:000BA97A  3565 0001:000BA991  3568 0001:000BA9A8  3569 0001:000BA9CD
  3570 0001:000BA9E7  3571 0001:000BAA09  3572 0001:000BAA2B  3574 0001:000BAA42
  3575 0001:000BAA67  3576 0001:000BAA7E  3577 0001:000BAA95  3580 0001:000BAAAC
  3581 0001:000BAAC8  3582 0001:000BAAF2  3583 0001:000BAB1C  3586 0001:000BAB39
  3587 0001:000BAB60  3588 0001:000BAB8A  3589 0001:000BABB1  3591 0001:000BABE8
  3594 0001:000BAC07  3597 0001:000BAC35  3600 0001:000BAF30  3601 0001:000BAF4F
  3603 0001:000BAF5E  3613 0001:000BAFC0  3615 0001:000BAFCE  3617 0001:000BAFFF
  3619 0001:000BB001  3620 0001:000BB017  3624 0001:000BB055  3630 0001:000BB134
  3631 0001:000BB151  3633 0001:000BB164  3634 0001:000BB183  3635 0001:000BB18E
  3636 0001:000BB1A1  3637 0001:000BB1AC  3639 0001:000BB1BB  3643 0001:000BB1E4
  3644 0001:000BB1F4  3646 0001:000BB21B  3649 0001:000BB222  3651 0001:000BB245
  3652 0001:000BB280  3653 0001:000BB2B0  3654 0001:000BB2B1  3647 0001:000BB2C1
  3656 0001:000BB2D4  3658 0001:000BB301  3663 0001:000BB39C  3664 0001:000BB3A2
  3665 0001:000BB3B0  3667 0001:000BB3C0  3669 0001:000BB3C9  3670 0001:000BB3D3
  3673 0001:000BB3DA  3675 0001:000BB3E3  3676 0001:000BB3ED  3679 0001:000BB403
  3680 0001:000BB408  3683 0001:000BB430  3684 0001:000BB457  3685 0001:000BB467
  3686 0001:000BB477  3688 0001:000BB485  3689 0001:000BB495  3691 0001:000BB4A7
  3694 0001:000BB4D0  3696 0001:000BB4D2  3700 0001:000BB4FB  3702 0001:000BB509
  3703 0001:000BB519  3705 0001:000BB52B  3708 0001:000BB554  3710 0001:000BB556
  3714 0001:000BB57F  3715 0001:000BB58D  3716 0001:000BB59D  3718 0001:000BB5AF
  3721 0001:000BB5D8  3723 0001:000BB5DA  3727 0001:000BB603  3728 0001:000BB611
  3730 0001:000BB61A  3731 0001:000BB624  3734 0001:000BB646  3736 0001:000BB648
  3740 0001:000BB671  3741 0001:000BB67F  3743 0001:000BB688  3744 0001:000BB692
  3747 0001:000BB6B4  3749 0001:000BB6B6  3753 0001:000BB6DF  3754 0001:000BB6ED
  3755 0001:000BB6FD  3757 0001:000BB70F  3760 0001:000BB738  3762 0001:000BB73A
  3766 0001:000BB763  3767 0001:000BB771  3768 0001:000BB77B  3770 0001:000BB79D
  3772 0001:000BB79F  3776 0001:000BB7C8  3777 0001:000BB7D6  3778 0001:000BB7E0
  3780 0001:000BB802  3782 0001:000BB804  3786 0001:000BB82D  3787 0001:000BB83B
  3788 0001:000BB845  3790 0001:000BB867  3792 0001:000BB869  3796 0001:000BB892
  3797 0001:000BB8A0  3798 0001:000BB8AA  3800 0001:000BB8CC  3802 0001:000BB8CE
  3806 0001:000BB8F7  3807 0001:000BB903  3808 0001:000BB90C  3809 0001:000BB918
  3810 0001:000BB921  3811 0001:000BB92D  3812 0001:000BB936  3813 0001:000BB942
  3814 0001:000BB94B  3815 0001:000BB957  3817 0001:000BB960  3819 0001:000BB970
  3820 0001:000BB9BA  3821 0001:000BB9ED  3825 0001:000BBA8C  3826 0001:000BBA92
  3827 0001:000BBA9C  3828 0001:000BBAA9  3854 0001:000BBAAC  3857 0001:000BBAB0
  3858 0001:000BBAC7  3859 0001:000BBAD0  3860 0001:000BBAD9  3861 0001:000BBAEA
  3862 0001:000BBAFD  3863 0001:000BBB23  3869 0001:000BBB28  3870 0001:000BBB5A
  3871 0001:000BBB6A  3873 0001:000BBB7A  3874 0001:000BBB86  3875 0001:000BBBAC
  3876 0001:000BBBBF  3878 0001:000BBBD2  3880 0001:000BBBD8  3881 0001:000BBBFE
  3885 0001:000BBC1A  3886 0001:000BBC40  3888 0001:000BBC64  3889 0001:000BBC6B
  3890 0001:000BBC81  3891 0001:000BBCB6  3894 0001:000BBCD0  3895 0001:000BBCDB
  3896 0001:000BBCE3  3897 0001:000BBCEB  3898 0001:000BBCF3  3899 0001:000BBD0A
  3902 0001:000BBD10  3904 0001:000BBD2F  3907 0001:000BBD3B  3908 0001:000BBD49
  3909 0001:000BBD57  3911 0001:000BBD66  3912 0001:000BBD6E  3913 0001:000BBD76
  3917 0001:000BBD80  3918 0001:000BBD88  3921 0001:000BBDAD  3923 0001:000BBDAF
  3925 0001:000BBDCA  3927 0001:000BBDD9  3932 0001:000BBDF6  3933 0001:000BBE02
  3905 0001:000BBE11  3937 0001:000BBE3B  3944 0001:000BBE6C  3946 0001:000BBE8A
  3947 0001:000BBE98  3950 0001:000BBEA0  3951 0001:000BBEB4  3952 0001:000BBED8
  3953 0001:000BBEE5  3954 0001:000BBF27  3955 0001:000BBF66  3956 0001:000BBFA8
  3957 0001:000BBFEA  3958 0001:000BC018  3959 0001:000BC046  3960 0001:000BC088
  3961 0001:000BC0A2  3962 0001:000BC0E4  3963 0001:000BC10F  3964 0001:000BC13A
  3965 0001:000BC17C  3966 0001:000BC19C  3968 0001:000BC1D6  3977 0001:000BC2DC
  3978 0001:000BC306  3979 0001:000BC317  3981 0001:000BC31F  3982 0001:000BC332
  3983 0001:000BC354  3985 0001:000BC361  3988 0001:000BC36A  3989 0001:000BC377
  3990 0001:000BC384  3991 0001:000BC3AF  3992 0001:000BC3EE  3993 0001:000BC42D
  3994 0001:000BC45A  3995 0001:000BC499  3996 0001:000BC4D8  3997 0001:000BC517
  3998 0001:000BC559  3999 0001:000BC59B  4000 0001:000BC5C9  4001 0001:000BC5F7
  4002 0001:000BC625  4003 0001:000BC667  4004 0001:000BC6A9  4005 0001:000BC6D9
  4006 0001:000BC71B  4007 0001:000BC75D  4008 0001:000BC79C  4009 0001:000BC7C8
  4010 0001:000BC7F6  4011 0001:000BC824  4012 0001:000BC866  4013 0001:000BC8A8
  4014 0001:000BC8EA  4015 0001:000BC92C  4016 0001:000BC95C  4017 0001:000BC9A4
  4018 0001:000BC9D4  4019 0001:000BCA16  4020 0001:000BCA44  4021 0001:000BCA72
  4022 0001:000BCABA  4023 0001:000BCAD4  4024 0001:000BCAEE  4025 0001:000BCB19
  4026 0001:000BCB44  4027 0001:000BCB7F  4028 0001:000BCB8C  4033 0001:000BCBEA
  4034 0001:000BCBF7  4035 0001:000BCC04  4036 0001:000BCC2F  4037 0001:000BCC6E
  4038 0001:000BCCAD  4039 0001:000BCCDA  4040 0001:000BCD19  4041 0001:000BCD58
  4042 0001:000BCD97  4043 0001:000BCDD9  4044 0001:000BCE1B  4045 0001:000BCE49
  4046 0001:000BCE8B  4047 0001:000BCECD  4048 0001:000BCEFD  4049 0001:000BCF3F
  4050 0001:000BCF81  4051 0001:000BCFC0  4052 0001:000BCFEC  4053 0001:000BD01A
  4054 0001:000BD048  4055 0001:000BD08A  4056 0001:000BD0CC  4057 0001:000BD10E
  4058 0001:000BD150  4059 0001:000BD180  4060 0001:000BD1C8  4061 0001:000BD1F8
  4062 0001:000BD23A  4063 0001:000BD268  4064 0001:000BD296  4065 0001:000BD2D1
  4071 0001:000BD2E3  4072 0001:000BD2F0  4073 0001:000BD2FD  4074 0001:000BD328
  4075 0001:000BD367  4076 0001:000BD3A6  4077 0001:000BD3D3  4078 0001:000BD412
  4079 0001:000BD451  4080 0001:000BD490  4081 0001:000BD4D2  4082 0001:000BD514
  4083 0001:000BD542  4084 0001:000BD584  4085 0001:000BD5C6  4086 0001:000BD5F6
  4087 0001:000BD638  4088 0001:000BD67A  4089 0001:000BD6B9  4090 0001:000BD6E5
  4091 0001:000BD713  4092 0001:000BD741  4093 0001:000BD783  4094 0001:000BD7C5
  4095 0001:000BD807  4096 0001:000BD849  4097 0001:000BD879  4098 0001:000BD8C1
  4099 0001:000BD8F1  4100 0001:000BD933  4101 0001:000BD961  4102 0001:000BD98F
  4103 0001:000BD9CA  4104 0001:000BD9D7  4107 0001:000BD9DC  4109 0001:000BDA37
  4113 0001:000BDA3C  4120 0001:000BDA41  4124 0001:000BDA4B  4125 0001:000BDA59
  4126 0001:000BDA87  4128 0001:000BDA98  4130 0001:000BDA9E  4133 0001:000BDACC
  4135 0001:000BDAD2  4138 0001:000BDB1B  4140 0001:000BDB1D  4142 0001:000BDB3E
  4144 0001:000BDB4D  4149 0001:000BDBEF  4166 0001:000BE184  4167 0001:000BE1A8
  4168 0001:000BE1B7  4171 0001:000BE1C1  4173 0001:000BE1D6  4174 0001:000BE1E6
  4176 0001:000BE1FF  4177 0001:000BE212  4178 0001:000BE225  4179 0001:000BE238
  4180 0001:000BE24B  4182 0001:000BE25E  4183 0001:000BE27F  4184 0001:000BE28A
  4185 0001:000BE29D  4186 0001:000BE2A8  4188 0001:000BE2BB  4189 0001:000BE2CF
  4190 0001:000BE2E6  4191 0001:000BE2FE  4193 0001:000BE316  4196 0001:000BE31F
  4198 0001:000BE332  4199 0001:000BE393  4203 0001:000BE3C6  4204 0001:000BE427
  4208 0001:000BE455  4211 0001:000BE45E  4213 0001:000BE471  4214 0001:000BE4D2
  4218 0001:000BE505  4219 0001:000BE566  4223 0001:000BE594  4225 0001:000BE5A7
  4226 0001:000BE5B4  4227 0001:000BE5C1  4228 0001:000BE5F7  4229 0001:000BE63E
  4230 0001:000BE685  4231 0001:000BE6BB  4232 0001:000BE702  4233 0001:000BE749
  4234 0001:000BE790  4235 0001:000BE7D7  4236 0001:000BE81E  4237 0001:000BE854
  4238 0001:000BE89B  4239 0001:000BE8E2  4240 0001:000BE918  4241 0001:000BE95F
  4242 0001:000BE9A6  4243 0001:000BE9ED  4244 0001:000BEA23  4245 0001:000BEA59
  4246 0001:000BEA8F  4247 0001:000BEAD6  4248 0001:000BEB1D  4249 0001:000BEB64
  4250 0001:000BEBAB  4251 0001:000BEBE1  4252 0001:000BEC28  4253 0001:000BEC5E
  4254 0001:000BECA5  4255 0001:000BECDB  4256 0001:000BED11  4257 0001:000BED58
  4258 0001:000BED81  4259 0001:000BEDAA  4260 0001:000BEDD3  4261 0001:000BEDFC
  4265 0001:000BEE49  4266 0001:000BEE56  4267 0001:000BEE63  4268 0001:000BEE99
  4269 0001:000BEEE0  4270 0001:000BEF27  4271 0001:000BEF5D  4272 0001:000BEFA4
  4273 0001:000BEFEB  4274 0001:000BF032  4275 0001:000BF079  4276 0001:000BF0C0
  4277 0001:000BF0F6  4278 0001:000BF13D  4279 0001:000BF184  4280 0001:000BF1BA
  4281 0001:000BF201  4282 0001:000BF248  4283 0001:000BF28F  4284 0001:000BF2C5
  4285 0001:000BF2FB  4286 0001:000BF331  4287 0001:000BF378  4288 0001:000BF3BF
  4289 0001:000BF406  4290 0001:000BF44D  4291 0001:000BF483  4292 0001:000BF4CA
  4293 0001:000BF500  4294 0001:000BF547  4295 0001:000BF57D  4296 0001:000BF5B3
  4297 0001:000BF5FA  4298 0001:000BF623  4299 0001:000BF64C  4300 0001:000BF675
  4301 0001:000BF69E  4304 0001:000BF6E6  4306 0001:000BF6F1  4307 0001:000BF6FF
  4308 0001:000BF72D  4309 0001:000BF782  4311 0001:000BF7B8  4313 0001:000BF7BA
  4314 0001:000BF7C9  4315 0001:000BF7EA  4317 0001:000BF7F9  4324 0001:000BF80B
  4327 0001:000BF933  4331 0001:000C0040  4333 0001:000C0049  4335 0001:000C0062
  4340 0001:000C0064  4341 0001:000C006C  4342 0001:000C007A  4343 0001:000C0080
  4345 0001:000C008C  4346 0001:000C0093  4347 0001:000C00AA  4349 0001:000C00B9
  4350 0001:000C00C6  4353 0001:000C00DC  4354 0001:000C00E1  4362 0001:000C00E8
  4363 0001:000C010B  4364 0001:000C0119  4365 0001:000C0135  4366 0001:000C0140
  4367 0001:000C0143  4368 0001:000C0150  4369 0001:000C018F  4370 0001:000C01CE
  4372 0001:000C020D  4375 0001:000C024A  4376 0001:000C028A  4377 0001:000C02CA
  4378 0001:000C0307  4379 0001:000C0346  4384 0001:000C0388  4385 0001:000C03C7
  4386 0001:000C0407  4391 0001:000C0449  4392 0001:000C0486  4393 0001:000C04C3
  4394 0001:000C0500  4395 0001:000C0540  4396 0001:000C0580  4397 0001:000C05C0
  4398 0001:000C0600  4399 0001:000C063D  4400 0001:000C067D  4401 0001:000C06BD
  4402 0001:000C06FD  4403 0001:000C073D  4404 0001:000C077A  4405 0001:000C07BA
  4406 0001:000C07FA  4407 0001:000C083D  4412 0001:000C0885  4413 0001:000C08C5
  4418 0001:000C0909  4419 0001:000C0949  4420 0001:000C0986  4421 0001:000C09C3
  4422 0001:000C0A03  4423 0001:000C0A43  4424 0001:000C0A83  4425 0001:000C0AC0
  4427 0001:000C0AC6  4431 0001:000C0B0B  4432 0001:000C0B1B  4433 0001:000C0B2E
  4435 0001:000C0BA8  4440 0001:000C0BED  4441 0001:000C0C2D  4455 0001:000C0C7B
  4456 0001:000C0CA5  4460 0001:000C0F38  4461 0001:000C0F40  4462 0001:000C0F4E
  4463 0001:000C0F55  4465 0001:000C0F6B  4466 0001:000C0F70  4471 0001:000C0F78
  4485 0001:000C0F7B  4490 0001:000C0F80  4491 0001:000C0F85  4496 0001:000C0F88
  4497 0001:000C0F8B  4498 0001:000C0F92  4499 0001:000C0F99  4500 0001:000C0FA0
  4503 0001:000C0FA4  4504 0001:000C0FBE  4505 0001:000C0FCC  4507 0001:000C0FE4
  4508 0001:000C102B  4511 0001:000C1048  4512 0001:000C106F  4517 0001:000C10B0
  4518 0001:000C10BA  4519 0001:000C10C8  4521 0001:000C10E6  4522 0001:000C1104
  4523 0001:000C1121  4519 0001:000C1122  4525 0001:000C1125  4526 0001:000C1139
  4527 0001:000C1147  4529 0001:000C1165  4532 0001:000C1190  4533 0001:000C1195
  4559 0001:000C119C  4562 0001:000C11A0  4563 0001:000C11BE  4564 0001:000C11CC
  4566 0001:000C11EB  4567 0001:000C11FB  4569 0001:000C120D  4573 0001:000C1221
  4574 0001:000C123A  4575 0001:000C1254  4576 0001:000C1262  4577 0001:000C126D
  4579 0001:000C129C  4581 0001:000C129E  4584 0001:000C12C7  4589 0001:000C12D6
  4591 0001:000C12F5  4592 0001:000C1305  4594 0001:000C1317  4598 0001:000C132B
  4599 0001:000C1345  4600 0001:000C135F  4601 0001:000C136D  4602 0001:000C1378
  4604 0001:000C13A7  4606 0001:000C13A9  4609 0001:000C13D2  4614 0001:000C13E1
  4616 0001:000C1400  4617 0001:000C1410  4619 0001:000C1422  4623 0001:000C1436
  4624 0001:000C1450  4625 0001:000C146A  4626 0001:000C1478  4627 0001:000C1483
  4629 0001:000C14B2  4631 0001:000C14B4  4634 0001:000C14DD  4639 0001:000C14EC
  4641 0001:000C150B  4642 0001:000C151B  4644 0001:000C152D  4648 0001:000C1541
  4649 0001:000C155B  4650 0001:000C1575  4651 0001:000C1583  4652 0001:000C158E
  4654 0001:000C15BD  4656 0001:000C15BF  4659 0001:000C15E8  4664 0001:000C1606
  4665 0001:000C160B  4666 0001:000C163D  4674 0001:000C16B0  4675 0001:000C16D3
  4676 0001:000C16E1  4678 0001:000C16E9  4679 0001:000C16FD  4680 0001:000C1721
  4681 0001:000C172E  4682 0001:000C1770  4683 0001:000C17AF  4684 0001:000C17F1
  4685 0001:000C1833  4686 0001:000C1861  4687 0001:000C188F  4688 0001:000C18D1
  4689 0001:000C18EB  4690 0001:000C192D  4691 0001:000C1958  4692 0001:000C1983
  4693 0001:000C19C5  4694 0001:000C19F2  4695 0001:000C1A0D  4696 0001:000C1A1A
  4697 0001:000C1A62  4698 0001:000C1AAA  4699 0001:000C1AF2  4700 0001:000C1B00
  4701 0001:000C1B2E  4703 0001:000C1B4B  4705 0001:000C1B93  4731 0001:000C1CE8
  4732 0001:000C1D0B  4733 0001:000C1D19  4735 0001:000C1D21  4736 0001:000C1D35
  4737 0001:000C1D59  4738 0001:000C1D66  4739 0001:000C1D98  4740 0001:000C1DD7
  4741 0001:000C1E19  4742 0001:000C1E5B  4743 0001:000C1E89  4744 0001:000C1EB7
  4745 0001:000C1EF9  4746 0001:000C1F13  4747 0001:000C1F55  4748 0001:000C1F80
  4749 0001:000C1FAB  4750 0001:000C1FED  4751 0001:000C201A  4752 0001:000C2038
  4753 0001:000C2045  4754 0001:000C208D  4755 0001:000C20D5  4756 0001:000C211D
  4757 0001:000C212B  4758 0001:000C2159  4760 0001:000C2176  4762 0001:000C21BE
  4835 0001:000C2314  4836 0001:000C2337  4837 0001:000C2348  4838 0001:000C2359
  4839 0001:000C236A  4840 0001:000C237B  4841 0001:000C2383  4844 0001:000C2390
  4848 0001:000C23A2  4849 0001:000C23AA  4850 0001:000C23B8  4852 0001:000C23CF
  4853 0001:000C23D4  4856 0001:000C23E1  4857 0001:000C2420  4858 0001:000C245A
  4861 0001:000C2493  4862 0001:000C24A8  4868 0001:000C24B8  4869 0001:000C24F7
  4870 0001:000C2504  4871 0001:000C251E  4872 0001:000C2538  4873 0001:000C253F
  4874 0001:000C254F  4876 0001:000C255F  4878 0001:000C259E  4882 0001:000C25DD
  4883 0001:000C261C  4884 0001:000C265B  4885 0001:000C2695  4886 0001:000C26D4
  4887 0001:000C26E4  4888 0001:000C26F1  4890 0001:000C2700  4891 0001:000C2717
  4892 0001:000C272D  4895 0001:000C2748  4899 0001:000C275C  4907 0001:000C276E
  4908 0001:000C2776  4909 0001:000C2783  4910 0001:000C27B5  4912 0001:000C27BD
  4854 0001:000C27C5  4915 0001:000C27D5  4916 0001:000C27DD  4917 0001:000C2812
  4923 0001:000C294C  4924 0001:000C296B  4926 0001:000C297E  4927 0001:000C299D
  4928 0001:000C29A8  4929 0001:000C29BB  4930 0001:000C29C6  4932 0001:000C29D5
  4936 0001:000C29FE  4937 0001:000C2A0E  4939 0001:000C2A35  4942 0001:000C2A3C
  4943 0001:000C2A72  4944 0001:000C2A93  4945 0001:000C2AC3  4946 0001:000C2AF3
  4947 0001:000C2B23  4948 0001:000C2B44  4949 0001:000C2B74  4950 0001:000C2B95
  4951 0001:000C2B96  4940 0001:000C2BA6  4953 0001:000C2BB9  4955 0001:000C2BE6
  4958 0001:000C2CF8  4959 0001:000C2CFE  4960 0001:000C2D0C  4962 0001:000C2D20
  4963 0001:000C2D25  4967 0001:000C2D2C  4968 0001:000C2D34  4969 0001:000C2D42
  4971 0001:000C2D4B  4972 0001:000C2D55  4974 0001:000C2D5C  4976 0001:000C2D65
  4977 0001:000C2D6F  4979 0001:000C2D76  4980 0001:000C2D89  4981 0001:000C2D98
  4982 0001:000C2DA2  4983 0001:000C2DB5  4986 0001:000C2DCE  4987 0001:000C2DD3
  4990 0001:000C2DD8  4991 0001:000C2DDE  4992 0001:000C2DEC  4993 0001:000C2DFC
  4995 0001:000C2E05  4996 0001:000C2E0F  4998 0001:000C2E16  5000 0001:000C2E1F
  5001 0001:000C2E29  5004 0001:000C2E3F  5005 0001:000C2E44  5008 0001:000C2E64
  5009 0001:000C2E6C  5010 0001:000C2E7A  5012 0001:000C2E83  5013 0001:000C2E8D
  5015 0001:000C2E94  5017 0001:000C2E9D  5018 0001:000C2EA7  5020 0001:000C2EAE
  5021 0001:000C2EC1  5022 0001:000C2ED0  5023 0001:000C2EDA  5024 0001:000C2EED
  5027 0001:000C2F06  5028 0001:000C2F0B  5031 0001:000C2F10  5032 0001:000C2F16
  5033 0001:000C2F24  5034 0001:000C2F34  5036 0001:000C2F3D  5037 0001:000C2F47
  5040 0001:000C2F4E  5042 0001:000C2F57  5043 0001:000C2F61  5046 0001:000C2F77
  5047 0001:000C2F7C  5050 0001:000C2F9C  5051 0001:000C2FA4  5052 0001:000C2FB2
  5054 0001:000C2FBB  5055 0001:000C2FC5  5058 0001:000C2FCC  5060 0001:000C2FD5
  5061 0001:000C2FDF  5063 0001:000C2FE6  5064 0001:000C2FF9  5065 0001:000C3008
  5066 0001:000C3012  5067 0001:000C3025  5070 0001:000C303E  5071 0001:000C3043
  5074 0001:000C3048  5075 0001:000C304E  5076 0001:000C305C  5077 0001:000C306C
  5079 0001:000C3075  5080 0001:000C307F  5082 0001:000C3086  5084 0001:000C308F
  5085 0001:000C3099  5088 0001:000C30AF  5089 0001:000C30B4  5091 0001:000C3104
  5091 0001:000C310B

Line numbers for GATEWAY(E:\ÖÐÑ¶sp\Suntek\st\GATEWAY.dpr) segment .text

    15 0001:000C349C    16 0001:000C34AC    17 0001:000C34B8    18 0001:000C34D0
    19 0001:000C34DC

Bound resource files

e:\program files\borland\delphi7\Lib\Buttons.res
e:\program files\borland\delphi7\Lib\ExtDlgs.res
e:\program files\borland\delphi7\Lib\Controls.res
main.dfm
GATEWAY.res
GATEWAY.drf


Program entry point at 0001:000C349C
