
 Start         Length     Name                   Class
 0001:00000000 0004FE14H .text                   CODE
 0002:00000000 00001174H .data                   DATA
 0002:00001174 00000BD9H .bss                    BSS


Detailed map of segments

 0001:00000000 00004B4B C=CODE     S=.text    G=(none)   M=System   ACBP=A9
 0001:00004B4C 00000140 C=CODE     S=.text    G=(none)   M=SysInit  ACBP=A9
 0001:00004C8C 00000078 C=CODE     S=.text    G=(none)   M=Types    ACBP=A9
 0001:00004D04 00000BFC C=CODE     S=.text    G=(none)   M=Windows  ACBP=A9
 0001:00005900 00000038 C=CODE     S=.text    G=(none)   M=Messages ACBP=A9
 0001:00005938 00000318 C=CODE     S=.text    G=(none)   M=SysConst ACBP=A9
 0001:00005C50 000063B4 C=CODE     S=.text    G=(none)   M=SysUtils ACBP=A9
 0001:0000C004 000007FB C=CODE     S=.text    G=(none)   M=VarUtils ACBP=A9
 0001:0000C800 00002A42 C=CODE     S=.text    G=(none)   M=Variants ACBP=A9
 0001:0000F244 00000120 C=CODE     S=.text    G=(none)   M=RTLConsts ACBP=A9
 0001:0000F364 000007E8 C=CODE     S=.text    G=(none)   M=TypInfo  ACBP=A9
 0001:0000FB4C 00000038 C=CODE     S=.text    G=(none)   M=ActiveX  ACBP=A9
 0001:0000FB84 0000978A C=CODE     S=.text    G=(none)   M=Classes  ACBP=A9
 0001:00019310 00000290 C=CODE     S=.text    G=(none)   M=Consts   ACBP=A9
 0001:000195A0 00007283 C=CODE     S=.text    G=(none)   M=Graphics ACBP=A9
 0001:00020824 000000C0 C=CODE     S=.text    G=(none)   M=Math     ACBP=A9
 0001:000208E4 000002B8 C=CODE     S=.text    G=(none)   M=Contnrs  ACBP=A9
 0001:00020B9C 000000F4 C=CODE     S=.text    G=(none)   M=CommCtrl ACBP=A9
 0001:00020C90 00000787 C=CODE     S=.text    G=(none)   M=MultiMon ACBP=A9
 0001:00021418 00000038 C=CODE     S=.text    G=(none)   M=Imm      ACBP=A9
 0001:00021450 00000FF8 C=CODE     S=.text    G=(none)   M=HelpIntfs ACBP=A9
 0001:00022448 00000038 C=CODE     S=.text    G=(none)   M=WinSpool ACBP=A9
 0001:00022480 00000044 C=CODE     S=.text    G=(none)   M=Printers ACBP=A9
 0001:000224C4 0000031F C=CODE     S=.text    G=(none)   M=FlatSB   ACBP=A9
 0001:000227E4 000001A4 C=CODE     S=.text    G=(none)   M=SyncObjs ACBP=A9
 0001:00022988 000009BB C=CODE     S=.text    G=(none)   M=UxTheme  ACBP=A9
 0001:00023344 00000038 C=CODE     S=.text    G=(none)   M=RichEdit ACBP=A9
 0001:0002337C 00000038 C=CODE     S=.text    G=(none)   M=ToolWin  ACBP=A9
 0001:000233B4 00000038 C=CODE     S=.text    G=(none)   M=ShellAPI ACBP=A9
 0001:000233EC 00000038 C=CODE     S=.text    G=(none)   M=RegStr   ACBP=A9
 0001:00023424 00000038 C=CODE     S=.text    G=(none)   M=WinInet  ACBP=A9
 0001:0002345C 00000038 C=CODE     S=.text    G=(none)   M=UrlMon   ACBP=A9
 0001:00023494 00000038 C=CODE     S=.text    G=(none)   M=ShlObj   ACBP=A9
 0001:000234CC 00000038 C=CODE     S=.text    G=(none)   M=CommDlg  ACBP=A9
 0001:00023504 00000038 C=CODE     S=.text    G=(none)   M=Dlgs     ACBP=A9
 0001:0002353C 0000066D C=CODE     S=.text    G=(none)   M=Dialogs  ACBP=A9
 0001:00023BAC 00000652 C=CODE     S=.text    G=(none)   M=ExtCtrls ACBP=A9
 0001:00024200 00000038 C=CODE     S=.text    G=(none)   M=ComStrs  ACBP=A9
 0001:00024238 00000094 C=CODE     S=.text    G=(none)   M=Clipbrd  ACBP=A9
 0001:000242CC 00000038 C=CODE     S=.text    G=(none)   M=StrUtils ACBP=A9
 0001:00024304 000000F5 C=CODE     S=.text    G=(none)   M=Buttons  ACBP=A9
 0001:000243FC 00000038 C=CODE     S=.text    G=(none)   M=ExtDlgs  ACBP=A9
 0001:00024434 00000068 C=CODE     S=.text    G=(none)   M=IniFiles ACBP=A9
 0001:0002449C 00000068 C=CODE     S=.text    G=(none)   M=Registry ACBP=A9
 0001:00024504 0000006C C=CODE     S=.text    G=(none)   M=Mapi     ACBP=A9
 0001:00024570 00000058 C=CODE     S=.text    G=(none)   M=ExtActns ACBP=A9
 0001:000245C8 00000038 C=CODE     S=.text    G=(none)   M=ListActns ACBP=A9
 0001:00024600 00000180 C=CODE     S=.text    G=(none)   M=ComCtrls ACBP=A9
 0001:00024780 00000A0C C=CODE     S=.text    G=(none)   M=Themes   ACBP=A9
 0001:0002518C 000031E8 C=CODE     S=.text    G=(none)   M=StdCtrls ACBP=A9
 0001:00028374 00000168 C=CODE     S=.text    G=(none)   M=StdActns ACBP=A9
 0001:000284DC 00000D1F C=CODE     S=.text    G=(none)   M=WinHelpViewer ACBP=A9
 0001:000291FC 00010B37 C=CODE     S=.text    G=(none)   M=Controls ACBP=A9
 0001:00039D34 00001292 C=CODE     S=.text    G=(none)   M=ActnList ACBP=A9
 0001:0003AFC8 000016E4 C=CODE     S=.text    G=(none)   M=ImgList  ACBP=A9
 0001:0003C6AC 00006639 C=CODE     S=.text    G=(none)   M=Menus    ACBP=A9
 0001:00042CE8 0000C408 C=CODE     S=.text    G=(none)   M=Forms    ACBP=A9
 0001:0004F0F0 00000AD4 C=CODE     S=.text    G=(none)   M=Unit1    ACBP=A9
 0001:0004FBC4 0000024D C=CODE     S=.text    G=(none)   M=Project1 ACBP=A9
 0002:00000000 0000009C C=DATA     S=.data    G=DGROUP   M=System   ACBP=A9
 0002:0000009C 00000020 C=DATA     S=.data    G=DGROUP   M=SysInit  ACBP=A9
 0002:000000BC 00000254 C=DATA     S=.data    G=DGROUP   M=SysUtils ACBP=A9
 0002:00000310 00000008 C=DATA     S=.data    G=DGROUP   M=VarUtils ACBP=A9
 0002:00000318 0000008E C=DATA     S=.data    G=DGROUP   M=Variants ACBP=A9
 0002:000003A8 0000000C C=DATA     S=.data    G=DGROUP   M=TypInfo  ACBP=A9
 0002:000003B4 00000064 C=DATA     S=.data    G=DGROUP   M=Classes  ACBP=A9
 0002:00000418 00000304 C=DATA     S=.data    G=DGROUP   M=Graphics ACBP=A9
 0002:0000071C 00000004 C=DATA     S=.data    G=DGROUP   M=Printers ACBP=A9
 0002:00000720 00000074 C=DATA     S=.data    G=DGROUP   M=Dialogs  ACBP=A9
 0002:00000794 00000178 C=DATA     S=.data    G=DGROUP   M=ExtCtrls ACBP=A9
 0002:0000090C 0000002C C=DATA     S=.data    G=DGROUP   M=Buttons  ACBP=A9
 0002:00000938 00000008 C=DATA     S=.data    G=DGROUP   M=IniFiles ACBP=A9
 0002:00000940 00000008 C=DATA     S=.data    G=DGROUP   M=Registry ACBP=A9
 0002:00000948 00000008 C=DATA     S=.data    G=DGROUP   M=Mapi     ACBP=A9
 0002:00000950 00000018 C=DATA     S=.data    G=DGROUP   M=ComCtrls ACBP=A9
 0002:00000968 00000068 C=DATA     S=.data    G=DGROUP   M=Themes   ACBP=A9
 0002:000009D0 0000004C C=DATA     S=.data    G=DGROUP   M=StdCtrls ACBP=A9
 0002:00000A1C 0000013C C=DATA     S=.data    G=DGROUP   M=Controls ACBP=A9
 0002:00000B58 00000020 C=DATA     S=.data    G=DGROUP   M=ImgList  ACBP=A9
 0002:00000B78 000000EC C=DATA     S=.data    G=DGROUP   M=Menus    ACBP=A9
 0002:00000C64 0000011C C=DATA     S=.data    G=DGROUP   M=Forms    ACBP=A9
 0002:00002000 00000660 C=BSS      S=.bss     G=DGROUP   M=System   ACBP=A9
 0002:00002660 00000010 C=BSS      S=.bss     G=DGROUP   M=SysInit  ACBP=A9
 0002:00002670 00000004 C=BSS      S=.bss     G=DGROUP   M=Types    ACBP=A9
 0002:00002674 00000004 C=BSS      S=.bss     G=DGROUP   M=Windows  ACBP=A9
 0002:00002678 00000004 C=BSS      S=.bss     G=DGROUP   M=Messages ACBP=A9
 0002:0000267C 00000004 C=BSS      S=.bss     G=DGROUP   M=SysConst ACBP=A9
 0002:00002680 00000120 C=BSS      S=.bss     G=DGROUP   M=SysUtils ACBP=A9
 0002:000027A0 0000005C C=BSS      S=.bss     G=DGROUP   M=VarUtils ACBP=A9
 0002:000027FC 00000040 C=BSS      S=.bss     G=DGROUP   M=Variants ACBP=A9
 0002:0000283C 00000004 C=BSS      S=.bss     G=DGROUP   M=RTLConsts ACBP=A9
 0002:00002840 00000004 C=BSS      S=.bss     G=DGROUP   M=TypInfo  ACBP=A9
 0002:00002844 00000004 C=BSS      S=.bss     G=DGROUP   M=ActiveX  ACBP=A9
 0002:00002848 00000040 C=BSS      S=.bss     G=DGROUP   M=Classes  ACBP=A9
 0002:00002888 00000004 C=BSS      S=.bss     G=DGROUP   M=Consts   ACBP=A9
 0002:0000288C 00000060 C=BSS      S=.bss     G=DGROUP   M=Graphics ACBP=A9
 0002:000028EC 00000004 C=BSS      S=.bss     G=DGROUP   M=Math     ACBP=A9
 0002:000028F0 00000004 C=BSS      S=.bss     G=DGROUP   M=Contnrs  ACBP=A9
 0002:000028F4 00000004 C=BSS      S=.bss     G=DGROUP   M=CommCtrl ACBP=A9
 0002:000028F8 00000031 C=BSS      S=.bss     G=DGROUP   M=MultiMon ACBP=A9
 0002:0000292C 00000004 C=BSS      S=.bss     G=DGROUP   M=Imm      ACBP=A9
 0002:00002930 00000008 C=BSS      S=.bss     G=DGROUP   M=HelpIntfs ACBP=A9
 0002:00002938 00000004 C=BSS      S=.bss     G=DGROUP   M=WinSpool ACBP=A9
 0002:0000293C 00000004 C=BSS      S=.bss     G=DGROUP   M=Printers ACBP=A9
 0002:00002940 00000034 C=BSS      S=.bss     G=DGROUP   M=FlatSB   ACBP=A9
 0002:00002974 00000004 C=BSS      S=.bss     G=DGROUP   M=SyncObjs ACBP=A9
 0002:00002978 000000CC C=BSS      S=.bss     G=DGROUP   M=UxTheme  ACBP=A9
 0002:00002A44 00000004 C=BSS      S=.bss     G=DGROUP   M=RichEdit ACBP=A9
 0002:00002A48 00000004 C=BSS      S=.bss     G=DGROUP   M=ToolWin  ACBP=A9
 0002:00002A4C 00000004 C=BSS      S=.bss     G=DGROUP   M=ShellAPI ACBP=A9
 0002:00002A50 00000004 C=BSS      S=.bss     G=DGROUP   M=RegStr   ACBP=A9
 0002:00002A54 00000004 C=BSS      S=.bss     G=DGROUP   M=WinInet  ACBP=A9
 0002:00002A58 00000004 C=BSS      S=.bss     G=DGROUP   M=UrlMon   ACBP=A9
 0002:00002A5C 00000004 C=BSS      S=.bss     G=DGROUP   M=ShlObj   ACBP=A9
 0002:00002A60 00000004 C=BSS      S=.bss     G=DGROUP   M=CommDlg  ACBP=A9
 0002:00002A64 00000004 C=BSS      S=.bss     G=DGROUP   M=Dlgs     ACBP=A9
 0002:00002A68 0000000C C=BSS      S=.bss     G=DGROUP   M=Dialogs  ACBP=A9
 0002:00002A74 00000004 C=BSS      S=.bss     G=DGROUP   M=ExtCtrls ACBP=A9
 0002:00002A78 00000004 C=BSS      S=.bss     G=DGROUP   M=ComStrs  ACBP=A9
 0002:00002A7C 0000000C C=BSS      S=.bss     G=DGROUP   M=Clipbrd  ACBP=A9
 0002:00002A88 00000004 C=BSS      S=.bss     G=DGROUP   M=StrUtils ACBP=A9
 0002:00002A8C 00000030 C=BSS      S=.bss     G=DGROUP   M=Buttons  ACBP=A9
 0002:00002ABC 00000004 C=BSS      S=.bss     G=DGROUP   M=ExtDlgs  ACBP=A9
 0002:00002AC0 00000004 C=BSS      S=.bss     G=DGROUP   M=IniFiles ACBP=A9
 0002:00002AC4 00000004 C=BSS      S=.bss     G=DGROUP   M=Registry ACBP=A9
 0002:00002AC8 00000004 C=BSS      S=.bss     G=DGROUP   M=Mapi     ACBP=A9
 0002:00002ACC 00000009 C=BSS      S=.bss     G=DGROUP   M=ExtActns ACBP=A9
 0002:00002AD8 00000004 C=BSS      S=.bss     G=DGROUP   M=ListActns ACBP=A9
 0002:00002ADC 00000010 C=BSS      S=.bss     G=DGROUP   M=ComCtrls ACBP=A9
 0002:00002AEC 00000008 C=BSS      S=.bss     G=DGROUP   M=Themes   ACBP=A9
 0002:00002AF4 00000004 C=BSS      S=.bss     G=DGROUP   M=StdCtrls ACBP=A9
 0002:00002AF8 00000004 C=BSS      S=.bss     G=DGROUP   M=StdActns ACBP=A9
 0002:00002AFC 00000014 C=BSS      S=.bss     G=DGROUP   M=WinHelpViewer ACBP=A9
 0002:00002B10 00000080 C=BSS      S=.bss     G=DGROUP   M=Controls ACBP=A9
 0002:00002B90 00000004 C=BSS      S=.bss     G=DGROUP   M=ActnList ACBP=A9
 0002:00002B94 0000000C C=BSS      S=.bss     G=DGROUP   M=ImgList  ACBP=A9
 0002:00002BA0 00000010 C=BSS      S=.bss     G=DGROUP   M=Menus    ACBP=A9
 0002:00002BB0 00000020 C=BSS      S=.bss     G=DGROUP   M=Forms    ACBP=A9
 0002:00002BD0 00000008 C=BSS      S=.bss     G=DGROUP   M=Unit1    ACBP=A9


  Address         Publics by Name

 0002:00002A60       .1
 0002:00002A64       .1
 0002:0000267C       .1
 0002:00002678       .1
 0002:00002888       .1
 0002:00002A58       .1
 0002:00002A54       .1
 0002:00002A78       .1
 0002:00002B04       .1
 0002:00002668       .1
 0002:00002A50       .1
 0002:00002A4C       .1
 0002:000028F4       .1
 0002:00002A88       .1
 0002:00002918       .1
 0002:00002670       .1
 0002:00002A44       .1
 0002:0000292C       .1
 0002:00002A34       .1
 0002:00002AC8       .1
 0002:00002960       .1
 0002:0000283C       .1
 0002:00002A5C       .1
 0002:00002A68       .11
 0002:00002890       .12
 0002:00002A74       .12
 0002:00002BD4       .2
 0002:00002A80       .2
 0002:00002AEC       .2
 0002:000028EC       .2
 0002:00002930       .2
 0002:000028F0       .21
 0002:00002844       .3
 0002:00002ABC       .3
 0002:00002B94       .3
 0002:00002938       .3
 0002:0000293C       .3
 0002:00002674       .3
 0002:00002790       .35
 0002:00002ADC       .36
 0002:00002A8C       .4
 0002:00002A48       .4
 0002:00002BB8       .41
 0002:00002AF4       .42
 0002:00002854       .45
 0002:00002AC4       .5
 0002:000027F8       .5
 0002:000025B8       .5
 0002:00002840       .6
 0002:00002974       .6
 0002:00002B18       .72
 0002:00002ACC       .72
 0002:00002AF8       .73
 0002:00002B90       .8
 0002:00002AC0       .8
 0002:00002AD8       .8
 0002:0000281C       .81
 0002:00002BA8       .9
 0001:00001964       @AbstractError
 0001:00002484       @AfterConstruction
 0001:000022D0       @AsClass
 0001:00001ACC       @AStrCmp
 0001:00002494       @BeforeDestruction
 0001:0000231C       @CallDynaInst
 0001:0000242C       @ClassCreate
 0001:0000247C       @ClassDestroy
 0001:000019D4       @Close
 0001:00001854       @Copy
 0001:00003B00       @CopyArray
 0001:000039E4       @CopyRecord
 0001:00003BF4       @DispCallByIDError
 0001:0000D2A0       @DispInvokeError
 0001:00002910       @DoneExcept
 0001:00003E24       @DynArrayAsg
 0001:00003DE8       @DynArrayClear
 0001:00003C28       @DynArrayHigh
 0001:00003C20       @DynArrayLength
 0001:00003DDC       @DynArraySetLength
 0001:000029F8       @ExceptionHandler
 0001:00001B3C       @FillChar
 0001:000039C0       @Finalize
 0001:000038D4       @FinalizeArray
 0001:00003888       @FinalizeRecord
 0001:0000205C       @FpuInit
 0001:00001F98       @FpuMaskInit
 0001:00001910       @FRAC
 0001:000016DC       @FreeMem
 0001:000016BC       @GetMem
 0001:00004BC4       @GetTls
 0001:00002E40       @Halt
 0001:00002D68       @Halt0
 0001:000025A8       @HandleAnyException
 0001:0000285C       @HandleFinally
 0001:000026D4       @HandleOnException
 0001:00004C10       @InitExe
 0001:000037F4       @InitializeArray
 0001:000037C4       @InitializeRecord
 0001:00002C2C       @InitImports
 0001:00002C04       @InitResStringImports
 0001:00002BE0       @InitResStrings
 0001:00004508       @IntfAddRef
 0001:000044D8       @IntfCast
 0001:00004494       @IntfClear
 0001:000044AC       @IntfCopy
 0001:000022AC       @IsClass
 0001:00001F68       @isNECWindows
 0001:00003308       @LStrAddRef
 0001:00002E7C       @LStrArrayClr
 0001:00002EAC       @LStrAsg
 0001:00003120       @LStrCat
 0001:00003164       @LStrCat3
 0001:000031D8       @LStrCatN
 0001:00002E58       @LStrClr
 0001:00003264       @LStrCmp
 0001:00003378       @LStrCopy
 0001:000033B8       @LStrDelete
 0001:000030C8       @LStrFromArray
 0001:00003040       @LStrFromChar
 0001:00003050       @LStrFromPChar
 0001:00002F48       @LStrFromPCharLen
 0001:00003080       @LStrFromPWChar
 0001:00002FB4       @LStrFromPWCharLen
 0001:000030BC       @LStrFromString
 0001:000030E0       @LStrFromWStr
 0001:00003400       @LStrInsert
 0001:00002EF0       @LStrLAsg
 0001:00003118       @LStrLen
 0001:0000345C       @LStrPos
 0001:000034A4       @LStrSetLength
 0001:00003318       @LStrToPChar
 0001:000030F4       @LStrToString
 0001:00002F1C       @NewAnsiString
 0001:00003510       @NewWideString
 0001:00001C7C       @Pow10
 0001:00001A48       @PStrCmp
 0001:00001A2C       @PStrNCpy
 0001:000028BC       @RaiseAgain
 0001:00002894       @RaiseExcept
 0001:000016FC       @ReallocMem
 0001:00001934       @ROUND
 0001:00002E4C       @RunError
 0001:00001C60       @SetEq
 0001:00002BA0       @StartExe
 0001:0000029C       @strlen
 0001:00001940       @TRUNC
 0001:00002940       @TryFinallyExit
 0001:00003370       @UniqueStringA
 0001:00001B5C       @ValLong
 0001:0000E998       @VarAddRef
 0001:0000D58C       @VarClear
 0001:000038BC       @VarClr
 0001:0000D5A0       @VarClr
 0001:000039CC       @VarCopy
 0001:0000D8B4       @VarCopy
 0001:0000E8D0       @VarFromBool
 0001:0000E920       @VarFromCurr
 0001:0000E868       @VarFromInt
 0001:0000E8A4       @VarFromInt64
 0001:0000E934       @VarFromLStr
 0001:0000E8F8       @VarFromReal
 0001:0000E90C       @VarFromTDateTime
 0001:0000E960       @VarFromWStr
 0001:0000D2F4       @VarNull
 0001:0000DBE0       @VarToLStr
 0001:0000E308       @VarToWStr
 0001:00003550       @WStrArrayClr
 0001:00003574       @WStrAsg
 0001:00003538       @WStrClr
 0001:000036B0       @WStrCmp
 0001:00003734       @WStrCopy
 0001:00003684       @WStrFromLStr
 0001:00003598       @WStrFromPCharLen
 0001:00003648       @WStrFromPWChar
 0001:00003624       @WStrFromPWCharLen
 0001:000036A4       @WStrLen
 0001:00003780       @WStrSetLength
 0001:00003694       @WStrToPWChar
 0001:00001C3C       @_CLenToPasStr
 0001:00001C30       @_CToPasStr
 0001:00001824       @_IOTest
 0001:00003BFC       @_llmul
 0001:0002BD48       AbsMin
 0001:0000A468       AbstractErrorHandler
 0002:00002028       AbstractErrorProc
 0002:00000140       AccessMode
 0001:0000178C       AcquireExceptionObject
 0001:00011EE0       ActivateClassGroup
 0001:000051A0       ActivateKeyboardLayout
 0002:00002B4C       ActiveDrag
 0001:0000FB7C       ActiveX
 0001:0003AF9C       ActnList
 0001:000003C8       AddBlockAfter
 0002:000003B4       AddDataModule
 0001:00006878       AddExitProc
 0001:00014FA0       AddFinished
 0001:0003E2E0       AddIn
 0001:00004328       AddModuleUnloadProc
 0001:00004338       AddModuleUnloadProc
 0001:00014FD8       AddNotFinished
 0001:000159FC       AddSubComponentsToLoaded
 0001:0001CBC8       AdjustColor
 0001:000452F0       Adjustment
 0001:000051A8       AdjustWindowRectEx
 0002:00000C3C       Alignments
 0002:00000C4C       Alignments
 0002:000009D8       Alignments
 0001:0004C1E8       AlignWork
 0001:000313A8       AlignWork
 0001:000190F0       AllocateHWnd
 0001:0000682C       AllocMem
 0002:000025B0       AllocMemCount
 0002:000025B4       AllocMemSize
 0001:0002061C       AllocPatternBitmap
 0001:00004B6C       AllocTlsBuffer
 0002:00000A28       AnchorAlign
 0002:00000A1C       AnimateWindowProc
 0002:00000B24       AnimationStyle
 0001:000069F0       AnsiCompareStr
 0001:00006A28       AnsiCompareText
 0001:00007018       AnsiLastChar
 0001:000051B0       AnsiLower
 0001:0000AD68       AnsiPos
 0001:00042AF4       AnsiSameCaption
 0001:00006A60       AnsiSameText
 0001:00006A78       AnsiStrLIComp
 0001:0000ADA0       AnsiStrPos
 0001:0000AE40       AnsiStrRScan
 0001:0000AE68       AnsiStrScan
 0001:00004908       AnsiToUtf8
 0001:0000845C       AppendChars
 0001:00008820       AppendFormat
 0001:000084C0       AppendNumber
 0001:000084A0       AppendString
 0002:00002BB0       Application
 0002:000003C4       ApplicationHandleException
 0002:000003CC       ApplicationShowException
 0002:00000D78       AppVisible
 0001:0000A44C       AssertErrorHandler
 0002:00002020       AssertErrorProc
 0001:0000F614       AssignLongStr
 0001:0000F9B8       AssignVariant
 0002:00002608       avail
 0001:0000710C       BackfillGetDiskFreeSpaceEx
 0001:0002E8DC       BackgroundClipped
 0001:0000C294       BackupVarBoolFromStr
 0001:0000C3F4       BackupVarBStrFromBool
 0001:0000C314       BackupVarBStrFromCy
 0001:0000C384       BackupVarBStrFromDate
 0001:0000C228       BackupVarCyFromStr
 0001:0000C1BC       BackupVarDateFromStr
 0001:0000C078       BackupVarI4FromStr
 0001:0000C024       BackupVariantChangeTypeEx
 0001:0000C0E4       BackupVarR4FromStr
 0001:0000C150       BackupVarR8FromStr
 0001:00012238       BeginGlobalLoading
 0001:000051B8       BeginPaint
 0001:0001CBD4       BetterSize
 0001:0003F154       BiDiDraw
 0001:00004FF0       BitBlt
 0002:0000090C       BitBtnCaptions
 0002:00002A90       BitBtnGlyphs
 0002:000006D0       BitmapCanvasList
 0002:000028A8       BitmapImageLock
 0001:0000C060       BiUnimplemented
 0002:000003EC       BlockCode
 0002:000025E0       blockDescBlockList
 0002:000025E4       blockDescFreeList
 0002:000003A8       BooleanIdents
 0002:00000324       BooleanToStringRule
 0001:00006EB0       BoolToStr
 0001:0000D968       BoolToWStrViaOS
 0002:000009D0       BorderStyles
 0001:000111F8       Bounds
 0001:00004CB0       Bounds
 0002:00000BE4       Breaks
 0002:000028E0       BrushManager
 0001:00041908       BuildImage
 0002:00000768       ButtonCaptions
 0002:0000073C       ButtonNames
 0002:00000C60       Buttons
 0001:000243D4       Buttons
 0002:00000A14       ButtonStyles
 0001:0001C3B4       BytesPerScanline
 0001:0001C70C       ByteSwapColors
 0001:0000AB1C       ByteToCharIndex
 0001:0000AAF4       ByteToCharLen
 0001:0000AAB8       ByteType
 0001:0000AA40       ByteTypeTest
 0002:00002B98       CachedComCtrlVer
 0001:0001902C       CalcJmpOffset
 0001:00039024       CalcSplitterPos
 0001:000051C0       CallNextHookEx
 0001:0000B534       CallTerminateProcs
 0001:000051C8       CallWindowProc
 0001:0002CD80       CancelDrag
 0002:000028E4       CanvasList
 0002:00002B60       CanvasList
 0002:00000728       Captions
 0002:00000AE0       CaptureControl
 0002:00000B84       cBooleanToItemAutoFlag
 0002:00002A7E       CF_COMPONENT
 0002:00002A7C       CF_PICTURE
 0002:00002814       ChangeAnyProc
 0001:0002B300       ChangeBiDiModeAlignment
 0002:000009F8       CharCases
 0001:00002F78       CharFromWChar
 0001:0000ACF0       CharLength
 0001:0000021C       CharNext
 0001:000051D0       CharNext
 0001:0001AD38       CharsetToIdent
 0001:0000AC04       CharToByteIndex
 0001:0000AC68       CharToByteLen
 0001:000051D8       CharToOemA
 0001:0001D184       CheckBool
 0001:00002524       CheckJmp
 0001:000051E0       CheckMenuItem
 0002:00000BD4       Checks
 0001:00015A38       CheckSubComponents
 0001:00017E04       CheckSynchronize
 0001:00044D2C       CheckTaskWindow
 0001:0002CA34       CheckUndock
 0001:0000A934       CheckWin32Version
 0002:00000328       CInvalidCustomVariantType
 0002:00000B88       cItemAutoFlagToBoolean
 0002:00000B80       cItemAutoFlagToMenu
 0001:0001927C       Classes
 0001:00011CA4       ClassNotFound
 0002:00002810       ClearAnyProc
 0001:0001A5C8       ClearColor
 0001:0000ECD4       ClearVariantTypeList
 0001:000051E8       ClientToScreen
 0001:0003660C       ClientToWindow
 0002:000006C8       ClipboardFormats
 0001:00024274       Clipbrd
 0001:00004DE8       CloseHandle
 0002:0000297C       CloseThemeData
 0002:0000203C       CmdLine
 0002:00002038       CmdShow
 0002:00000B7C       cMenuAutoFlagToItem
 0001:0000C06C       CmpUnimplemented
 0002:00000448       Colors
 0001:0001AB30       ColorToIdent
 0002:00000794       ColorToPretyName
 0001:0001AB20       ColorToRGB
 0002:00002AE8       ComCtlVersion
 0001:00024778       ComCtrls
 0002:00002BAC       CommandPool
 0001:00020C88       CommCtrl
 0001:000234FC       CommDlg
 0001:000006A8       Commit
 0002:00002624       committedRoot
 0001:0003D8C4       CompareFront
 0001:00006958       CompareMem
 0001:00006928       CompareStr
 0001:00004DF0       CompareString
 0001:00006978       CompareText
 0001:00006DD8       CompareWith
 0001:00015B18       ComponentCreated
 0001:00024230       ComStrs
 0001:00019598       Consts
 0001:00020B94       Contnrs
 0002:00002B1E       ControlAtom
 0002:00002B24       ControlAtomString
 0001:00049AB8       ControlHasHelp
 0001:00039CA4       Controls
 0001:00009EA8       ConvertAddr
 0001:000085B0       ConvertEraString
 0001:00006808       ConvertErrorFmt
 0001:00008718       ConvertYearString
 0001:00003C30       CopyArray
 0001:0001DC5C       CopyBitmap
 0001:0001E324       CopyBitmapAsMask
 0001:0001E2C0       CopyPalette
 0002:0000096C       Copyright
 0001:000409B4       CopyToBest
 0001:0000AB74       CountChars
 0002:000028C0       CounterLock
 0002:0000032C       CRangeToType
 0001:0000A390       CreateAssertException
 0001:0000A518       CreateAVObject
 0001:00004FF8       CreateBitmap
 0001:00005000       CreateBrushIndirect
 0001:00005008       CreateCompatibleBitmap
 0001:00005010       CreateCompatibleDC
 0001:00015B98       CreateComponent
 0001:00005020       CreateDIBitmap
 0001:00005018       CreateDIBSection
 0001:00004DF8       CreateEvent
 0001:00004E00       CreateFile
 0001:00005028       CreateFontIndirect
 0001:00005030       CreateHalftonePalette
 0001:000051F0       CreateIcon
 0001:0000A2BC       CreateInOutError
 0001:000051F8       CreateMenu
 0001:00005038       CreatePalette
 0001:00005040       CreatePenIndirect
 0001:00005200       CreatePopupMenu
 0001:00005048       CreateSolidBrush
 0001:0001C764       CreateSystemPalette
 0001:00004E08       CreateThread
 0001:00005778       CreateWindow
 0001:00005720       CreateWindowEx
 0002:00000A20       CreationControl
 0002:00000720       CreationControl
 0002:00000394       CRelationshipToBoolean
 0002:00000310       CResult
 0002:00000138       cSimpleBoolStrs
 0002:00000340       CText
 0002:00000B1C       Ctl3DStyles
 0002:0000261C       curAlloc
 0002:00002688       CurrencyDecimals
 0002:00002684       CurrencyFormat
 0002:00002680       CurrencyString
 0001:00008448       CurrentYear
 0001:00007FA4       CurrToStr
 0001:0000D8F8       CurrToWStrViaOS
 0002:00000CFC       CursorMap
 0002:00000A30       Cursors
 0001:0002B620       CursorToIdent
 0002:00000CEC       cUseAlpha
 0002:00000CF4       cUseColorKey
 0001:00006B4C       CvtInt
 0001:00006BB8       CvtInt64
 0002:00000178       CWNear
 0002:00002689       DateSeparator
 0001:00009030       DateTimeToStr
 0001:00008FD4       DateTimeToString
 0001:000080A0       DateTimeToTimeStamp
 0001:0000D930       DateToWStrViaOS
 0001:00008420       DayOfWeek
 0002:00000174       DCon10
 0002:00000444       DDBsOnly
 0001:000191A4       DeallocateHWnd
 0002:00000028       DebugHook
 0002:00002687       DecimalSeparator
 0001:00008400       DecodeDate
 0001:000082B4       DecodeDateFully
 0001:00008154       DecodeTime
 0001:0000073C       Decommit
 0001:00000D58       DecommitFree
 0002:000025F8       decommittedRoot
 0001:00047740       Default
 0001:0004CE10       Default
 0002:00000020       Default8087CW
 0002:00000A24       DefaultDockTreeClass
 0002:000025BC       DefaultUserCodePage
 0002:00000698       DefBrushData
 0002:00000418       DefFontData
 0001:00005208       DefFrameProc
 0002:00000204       DefLongDayNames
 0002:000001B8       DefLongMonthNames
 0001:00005210       DefMDIChildProc
 0002:00000678       DefPenData
 0002:000001E8       DefShortDayNames
 0002:00000188       DefShortMonthNames
 0001:00005218       DefWindowProc
 0001:00003E7C       DelayLoadResourceModule
 0001:000003F8       DeleteBlock
 0001:00000368       DeleteCriticalSection
 0001:00004E10       DeleteCriticalSection
 0001:00005050       DeleteDC
 0001:00000BA0       DeleteFree
 0001:00005220       DeleteMenu
 0001:00005058       DeleteObject
 0001:0001D818       DeselectBitmap
 0001:00005228       DestroyCursor
 0001:00005230       DestroyIcon
 0001:00024304       DestroyLocals
 0001:00005238       DestroyMenu
 0001:00005240       DestroyWindow
 0001:00028EB0       DialogEnumerationTester
 0001:00023B6C       Dialogs
 0002:000006D4       DIBPalSizes
 0002:0000008C       dig
 0001:00044B80       DisableTaskWindows
 0001:00005248       DispatchMessage
 0001:0004AD98       DispatchShortCut
 0002:00002000       DispCallByIDProc
 0001:000067EC       DivMod
 0001:00023534       Dlgs
 0001:00031238       DoAlign
 0001:0004C09C       DoAlign
 0001:000352EC       DoCalcConstraints
 0002:00002B54       DockSiteList
 0001:000415D4       DoClick
 0001:0003297C       DoControlMsg
 0001:00044B30       DoDisableWindow
 0001:0002C360       DoDragOver
 0001:0000684C       DoExitProc
 0001:000372F8       DoFindControlZone
 0001:00044C6C       DoFindWindow
 0001:00037884       DoFindZone
 0001:0003737C       DoForEach
 0001:00038C88       DoGetNextLimit
 0001:00044AF8       DoneApplication
 0001:000399E8       DoneControls
 0001:0000A844       DoneExceptions
 0001:00049114       DoNestedActivation
 0001:00017DC4       DoneThreadSynchronization
 0001:0004BEEC       DoPosition
 0001:00030DF8       DoPosition
 0001:000382B0       DoPrune
 0001:00038788       DoSaveZone
 0001:0003898C       DoSetNewBounds
 0002:000003B0       DotSep
 0001:0003BF24       DoWrite
 0001:0001306C       DoWrite
 0001:0001D3DC       DoWrite
 0001:00031F64       DoWriteDesignSize
 0001:0002F9D0       DoWriteIsControl
 0002:00002B38       DragCapture
 0002:00002B2C       DragControl
 0001:0002CAA8       DragDone
 0001:0002C310       DragFindTarget
 0001:0002C2E4       DragFindWindow
 0002:00002B50       DragImageList
 0001:0002C700       DragInit
 0001:0002C870       DragInitControl
 0002:00002B34       DragInternalObject
 0001:0002C22C       DragMessage
 0002:00002B30       DragObject
 0002:00002B5C       DragSave
 0002:00002B44       DragSaveCursor
 0002:00002B3C       DragStartPos
 0002:00002B48       DragThreshold
 0001:0002C430       DragTo
 0001:0004CE4C       DrawAppIcon
 0001:00037E1C       DrawCloseButton
 0001:00005250       DrawEdge
 0001:00005258       DrawFrameControl
 0001:00037E74       DrawGrabberLine
 0001:00005260       DrawIcon
 0001:00005268       DrawIconEx
 0002:00000B58       DrawingStyles
 0001:00005270       DrawMenuBar
 0001:00042914       DrawMenuItem
 0001:00005278       DrawText
 0002:00002980       DrawThemeBackground
 0002:000029A4       DrawThemeEdge
 0002:000029A8       DrawThemeIcon
 0002:00002A2C       DrawThemeParentBackground
 0002:00002984       DrawThemeText
 0001:0001C234       DupBits
 0001:00003C48       DynArrayClear
 0001:00003C50       DynArraySetLength
 0002:00000C44       EdgeStyle
 0002:00000B0C       EdgeStyles
 0001:0000A290       EHeapException.FreeInstance
 0002:000027FC       EmptyParam
 0002:000000BC       EmptyStr
 0002:000000C0       EmptyWideStr
 0001:00005280       EnableMenuItem
 0002:00000BDC       Enables
 0001:00005288       EnableScrollBar
 0001:00044C34       EnableTaskWindows
 0002:00002A14       EnableThemeDialogTexture
 0002:00002A30       EnableTheming
 0001:00005290       EnableWindow
 0001:000122C0       EndGlobalLoading
 0001:00005298       EndPaint
 0001:00000358       EnterCriticalSection
 0001:00004E18       EnterCriticalSection
 0001:00004E20       EnumCalendarInfoA
 0002:00002914       EnumDisplayMonitors
 0001:00009B1C       EnumEraNames
 0001:00009B58       EnumEraYearOffsets
 0001:00047D04       EnumMonitorsProc
 0001:000052A0       EnumThreadWindows
 0001:00015348       EnumValue
 0001:000052A8       EnumWindows
 0001:000052B0       EqualRect
 0002:00002750       EraNames
 0001:000092A8       EraToYear
 0002:0000276C       EraYearOffsets
 0002:00000064       errCaption
 0001:00014B2C       Error
 0001:00011848       Error
 0001:0003D614       Error
 0001:00001818       Error
 0002:00000004       ErrorAddr
 0001:000017CC       ErrorAt
 0001:0000A33C       ErrorHandler
 0002:00000220       ErrorMap
 0002:00002008       ErrorProc
 0002:000023E4       ErrOutput
 0001:0000176C       ExceptAddr
 0002:0000200C       ExceptClsProc
 0001:0000A7B0       ExceptHandler
 0001:0000A104       Exception.Create
 0001:0000A140       Exception.CreateFmt
 0001:0000A1C0       Exception.CreateRes
 0001:0000A1FC       Exception.CreateResFmt
 0002:0000201C       ExceptionClass
 0001:00009EB4       ExceptionErrorMessage
 0002:00000258       ExceptMap
 0001:0000174C       ExceptObject
 0002:00002010       ExceptObjProc
 0002:00002004       ExceptProc
 0001:00005060       ExcludeClipRect
 0002:00000000       ExitCode
 0001:00002CAC       ExitDll
 0002:00002044       ExitProc
 0001:00000224       ExitProcess
 0002:00002024       ExitProcessProc
 0002:00000134       ExitProcList
 0001:000070D0       ExpandFileName
 0001:000245C0       ExtActns
 0001:000241D0       ExtCtrls
 0001:0002442C       ExtDlgs
 0001:00007098       ExtractFileName
 0002:0000278C       FalseBoolStrs
 0002:00002A84       FClipboard
 0002:00000168       FCon1E18
 0001:00007010       FileClose
 0001:00006F54       FileCreate
 0001:00006F78       FileCreate
 0002:000006CC       FileFormats
 0002:00000008       FileMode
 0001:00006EFC       FileOpen
 0001:00006F80       FileRead
 0002:000003DC       FilerSignature
 0001:00006FD8       FileSeek
 0001:00006FAC       FileWrite
 0001:00000C88       FillAfterGap
 0001:00000C34       FillBeforeGap
 0001:00000D20       FillerSizeAfterGap
 0001:00000CB0       FillerSizeBeforeGap
 0001:000052B8       FillRect
 0001:00004CCC       Finalization
 0001:00004C54       Finalization
 0001:000232D4       Finalization
 0001:00025140       Finalization
 0001:00024518       Finalization
 0001:0002833C       Finalization
 0001:00020654       Finalization
 0001:00023344       Finalization
 0001:0002337C       Finalization
 0001:000208AC       Finalization
 0001:000233B4       Finalization
 0001:00019568       Finalization
 0001:00020B64       Finalization
 0001:000233EC       Finalization
 0001:000191CC       Finalization
 0001:00039C3C       Finalization
 0001:00023424       Finalization
 0001:00020C58       Finalization
 0001:0004FB8C       Finalization
 0001:000284A4       Finalization
 0001:0002345C       Finalization
 0001:000244B4       Finalization
 0001:00023494       Finalization
 0001:0002444C       Finalization
 0001:0000F120       Finalization
 0001:0000F32C       Finalization
 0001:000234CC       Finalization
 0001:00023504       Finalization
 0001:000213D8       Finalization
 0001:000058C8       Finalization
 0001:000243FC       Finalization
 0001:00005900       Finalization
 0001:00021418       Finalization
 0001:00005C18       Finalization
 0001:00029128       Finalization
 0001:00022400       Finalization
 0001:0002439C       Finalization
 0001:00022448       Finalization
 0001:000242CC       Finalization
 0001:0004F050       Finalization
 0001:00024238       Finalization
 0001:00004A24       Finalization
 0001:00024200       Finalization
 0001:00022480       Finalization
 0001:0000FAF4       Finalization
 0001:00042BF0       Finalization
 0001:0000BE04       Finalization
 0001:000227A4       Finalization
 0001:00024188       Finalization
 0001:00023B10       Finalization
 0001:0000FB4C       Finalization
 0001:00022950       Finalization
 0001:00024700       Finalization
 0001:00024570       Finalization
 0001:0004FBC4       Finalization
 0001:0000C7C0       Finalization
 0001:0003AF6C       Finalization
 0001:000245C8       Finalization
 0001:0003C674       Finalization
 0001:00003C40       FinalizeArray
 0001:00002AE0       FinalizeUnits
 0001:00041394       Find
 0001:00003EEC       FindBS
 0001:00011D64       FindClass
 0001:00003E74       FindClassHInstance
 0001:00000234       FindClose
 0001:00000C04       FindCommitted
 0001:0002B400       FindControl
 0001:00037AB0       FindControlAtPos
 0001:0000EF78       FindCustomVariantType
 0001:0000F030       FindCustomVariantType
 0001:0002CDCC       FindDragTarget
 0001:00015D48       FindExistingComponent
 0001:0000023C       FindFirstFile
 0001:00012150       FindGlobalComponent
 0001:00044D78       FindGlobalComponent
 0002:00002860       FindGlobalComponentProcs
 0001:00003E4C       FindHInstance
 0001:00011FF8       FindIdentToInt
 0002:00002A70       FindMsg
 0001:00014ED8       FindNestedComponent
 0001:0003D5DC       FindPopupControl
 0001:0000C488       FindProc
 0001:00004E28       FindResource
 0001:00003EC4       FindResourceHInstance
 0001:0004E8A4       FindScanline
 0001:00044CD0       FindTopMostWindow
 0001:00016C2C       FindUniqueName
 0001:0002CD98       FindVCLWindow
 0001:000052C0       FindWindow
 0001:00028F08       FindWinHelp
 0001:0001DC10       FixupBitFields
 0002:00000C54       Flags
 0002:0000279C       FLanguages
 0001:000227D4       FlatSB
 0002:00002940       FlatSB_EnableScrollBar
 0002:0000294C       FlatSB_GetScrollInfo
 0002:00002950       FlatSB_GetScrollPos
 0002:00002948       FlatSB_GetScrollRange
 0002:00002958       FlatSB_SetScrollInfo
 0002:00002954       FlatSB_SetScrollPos
 0001:000224C4       FlatSB_SetScrollProp
 0002:0000295C       FlatSB_SetScrollRange
 0002:00002944       FlatSB_ShowScrollBar
 0001:00007C34       FloatToDecimal
 0001:00007F74       FloatToStr
 0001:00007960       FloatToText
 0001:000019C8       Flush
 0002:0000017C       FMSecsPerDay
 0001:0000785C       FmtStr
 0002:00000C70       FocusCount
 0002:00000C6C       FocusMessages
 0002:000005E8       FontCharsets
 0002:000028D8       FontManager
 0001:00044D4C       ForegroundTask
 0002:00002BD0       Form1
 0001:00007848       Format
 0002:00000184       Format
 0001:00007450       FormatBuf
 0001:00007444       FormatClearStr
 0001:000073C8       FormatError
 0002:00000160       FormatErrorStrs
 0001:00004E30       FormatMessage
 0001:00007420       FormatVarToStr
 0001:0004F0AC       Forms
 0001:00001C74       FPower10
 0002:0000071C       FPrinter
 0001:000052C8       FrameRect
 0001:0000B9E4       FreeAndNil
 0001:00000970       FreeCommitted
 0001:00000E90       FreeCurAlloc
 0001:0002CE8C       FreeDeviceContext
 0001:0002CF48       FreeDeviceContexts
 0001:00018F98       FreeIntConstList
 0001:00004E38       FreeLibrary
 0001:00000244       FreeLibrary
 0001:0001D76C       FreeMemoryContexts
 0001:000190CC       FreeObjectInstance
 0001:00004E48       FreeResource
 0001:000005F0       FreeSpace
 0001:0000B550       FreeTerminateProcs
 0001:00022988       FreeThemeLibrary
 0002:00002AE4       FRichEditModule
 0001:0001C224       GDICheck
 0001:0001C17C       GDIError
 0001:00001908       Get8087CW
 0001:00004E50       GetACP
 0001:000052D0       GetActiveWindow
 0001:0004C578       GetAnimation
 0001:00005068       GetBitmapBits
 0001:00000370       GetBlockDesc
 0001:00005070       GetBrushOrgEx
 0001:000052D8       GetCapture
 0001:0002B6C8       GetCaptureControl
 0001:00011D10       GetClass
 0001:000052E0       GetClassInfo
 0001:000052E8       GetClassName
 0001:000052F0       GetClientRect
 0001:00005078       GetClipBox
 0001:0000030C       GetCmdShow
 0001:0003B13C       GetColor
 0001:000246A0       GetComCtlVersion
 0001:0000024C       GetCommandLine
 0001:000007BC       GetCommitted
 0001:0000084C       GetCommittedAt
 0001:00032530       GetControlAtPos
 0001:0000850C       GetCount
 0001:00004E58       GetCPInfo
 0001:00005080       GetCurrentPositionEx
 0001:00004E60       GetCurrentProcessId
 0002:00002A24       GetCurrentThemeName
 0001:000002FC       GetCurrentThreadId
 0001:00004E68       GetCurrentThreadId
 0001:0000568C       GetCurrentTime
 0001:000052F8       GetCursor
 0001:0004E8B4       GetCursorHeightMargin
 0001:00005300       GetCursorPos
 0001:00008538       GetDate
 0001:00004E70       GetDateFormat
 0001:000091C0       GetDateOrder
 0001:00005308       GetDC
 0001:00005310       GetDCEx
 0001:00005088       GetDCOrgEx
 0001:00020264       GetDefFontCharSet
 0001:00005318       GetDesktopWindow
 0001:000050A0       GetDeviceCaps
 0001:0001D16C       GetDIB
 0001:00005090       GetDIBColorTable
 0001:00005098       GetDIBits
 0001:0001D0B4       GetDIBSizes
 0001:0001C394       GetDInColors
 0001:00004E78       GetDiskFreeSpaceA
 0002:00000130       GetDiskFreeSpaceEx
 0001:00038D68       GetDockAlign
 0001:0002C070       GetDockSiteAtPos
 0001:0002C39C       GetDropCtl
 0001:000022EC       GetDynaMethod
 0001:0000F39C       GetEnumNameValue
 0001:0000F3E8       GetEnumValue
 0001:00009BD0       GetEraNamesAndYearOffsets
 0001:00009254       GetEraYearOffset
 0001:0000A500       GetExceptionClass
 0001:0000A6E4       GetExceptionObject
 0001:00011C98       GetFieldClassTable
 0001:0000A954       GetFileVersion
 0001:00004FD8       GetFileVersionInfo
 0001:00004FE0       GetFileVersionInfoSize
 0001:00005320       GetFocus
 0001:0001AD58       GetFontData
 0001:00005328       GetForegroundWindow
 0001:0000B108       GetFormatSettings
 0001:00004E80       GetFullPathName
 0001:0001A2C4       GetHashCode
 0001:00049AF0       GetHelpInfo
 0001:00021898       GetHelpSystem
 0001:0004C35C       GetHint
 0001:0004C394       GetHintControl
 0001:00042A90       GetHotkey
 0001:00005330       GetIconInfo
 0001:00005348       GetKeyboardLayout
 0001:00005350       GetKeyboardLayoutList
 0001:00005358       GetKeyboardState
 0001:00001F60       GetKeyboardType
 0001:00005338       GetKeyNameText
 0001:00005340       GetKeyState
 0001:00005360       GetLastActivePopup
 0001:00037030       GetLastChildZone
 0001:00004E88       GetLastError
 0001:00009994       GetLocaleChar
 0001:00000254       GetLocaleInfo
 0001:00004E98       GetLocaleInfo
 0001:00009948       GetLocaleStr
 0001:00004E90       GetLocalTime
 0001:0002B684       GetLongHint
 0001:00005368       GetMenu
 0001:00049A78       GetMenuHelpContext
 0001:00005370       GetMenuItemCount
 0001:00005378       GetMenuItemID
 0001:00005380       GetMenuItemInfo
 0001:0003FBE0       GetMenuSize
 0001:00005388       GetMenuState
 0001:00005390       GetMenuString
 0001:00004EA0       GetModuleFileName
 0001:0000025C       GetModuleFileName
 0001:00004B4C       GetModuleHandle
 0001:00000264       GetModuleHandle
 0001:00004EA8       GetModuleHandle
 0002:00002908       GetMonitorInfo
 0002:0000290C       GetMonitorInfoA
 0002:00002910       GetMonitorInfoW
 0001:000099F8       GetMonthDayNames
 0001:00005398       GetNextWindow
 0001:000050A8       GetObject
 0001:0000F4BC       GetOrdProp
 0001:000050B0       GetPaletteEntries
 0001:000053A0       GetParent
 0001:00044F44       GetParentForm
 0001:000050B8       GetPixel
 0001:0000026C       GetProcAddress
 0001:00004EB0       GetProcAddress
 0001:000053A8       GetProp
 0001:0000F44C       GetPropInfo
 0001:00045404       GetRealScrollPosition
 0001:0003B11C       GetRGBColor
 0001:000053B0       GetScrollInfo
 0001:000053B8       GetScrollPos
 0001:000053C0       GetScrollRange
 0001:0002B640       GetShortHint
 0001:00000514       GetSpace
 0001:00000578       GetSpaceAt
 0001:0003D66C       GetSpecialName
 0001:00000274       GetStartupInfo
 0001:000001F4       GetStdHandle
 0001:00004EB8       GetStdHandle
 0001:000050C0       GetStockObject
 0001:00004EC0       GetStringTypeEx
 0001:000053C8       GetSubMenu
 0001:000053D0       GetSysColor
 0001:000053D8       GetSysColorBrush
 0001:00004EC8       GetSystemInfo
 0001:000053E0       GetSystemMenu
 0001:000053E8       GetSystemMetrics
 0002:000028F8       GetSystemMetrics
 0001:000050C8       GetSystemPaletteEntries
 0001:000050D0       GetTextExtentPoint32
 0001:000050D8       GetTextMetrics
 0002:00002A1C       GetThemeAppProperties
 0002:00002988       GetThemeBackgroundContentRect
 0002:0000298C       GetThemeBackgroundExtent
 0002:0000299C       GetThemeBackgroundRegion
 0002:000029C0       GetThemeBool
 0002:000029B4       GetThemeColor
 0002:00002A28       GetThemeDocumentationProperty
 0002:000029C8       GetThemeEnumValue
 0002:000029E8       GetThemeFilename
 0002:000029D0       GetThemeFont
 0002:000029C4       GetThemeInt
 0002:000029DC       GetThemeIntList
 0002:000029D8       GetThemeMargins
 0002:000029B8       GetThemeMetric
 0002:00002990       GetThemePartSize
 0002:000029CC       GetThemePosition
 0002:000029E0       GetThemePropertyOrigin
 0002:000029D4       GetThemeRect
 0002:000029BC       GetThemeString
 0002:000029F4       GetThemeSysBool
 0002:000029EC       GetThemeSysColor
 0002:000029F0       GetThemeSysColorBrush
 0002:000029FC       GetThemeSysFont
 0002:00002A04       GetThemeSysInt
 0002:000029F8       GetThemeSysSize
 0002:00002A00       GetThemeSysString
 0002:00002994       GetThemeTextExtent
 0002:00002998       GetThemeTextMetrics
 0001:00004ED0       GetThreadLocale
 0001:0000027C       GetThreadLocale
 0001:00004ED8       GetTickCount
 0001:00008570       GetTime
 0001:00004B78       GetTlsSize
 0001:0004CB28       GetTopMostWindows
 0001:0002B7D0       GetTopParent
 0001:000053F0       GetTopWindow
 0001:0000F390       GetTypeData
 0001:00000304       GetVersion
 0001:00004EE0       GetVersion
 0001:00004EE8       GetVersionEx
 0001:000053F8       GetWindow
 0001:00005400       GetWindowDC
 0001:00005408       GetWindowLong
 0001:000050E0       GetWindowOrgEx
 0001:00005410       GetWindowPlacement
 0001:00005418       GetWindowRect
 0001:00005420       GetWindowText
 0002:00002A10       GetWindowTheme
 0001:00005428       GetWindowThreadProcessId
 0001:00005430       GetWindowThreadProcessId
 0001:00004EF0       GlobalAddAtom
 0001:00004EF8       GlobalAlloc
 0001:00005698       GlobalAllocPtr
 0001:00004F00       GlobalDeleteAtom
 0001:00004F08       GlobalFindAtom
 0002:00002864       GlobalFixupList
 0001:00015020       GlobalFixupReferences
 0001:00004F10       GlobalFree
 0001:000056C4       GlobalFreePtr
 0001:00004F20       GlobalHandle
 0001:00004F18       GlobalLock
 0002:00002848       GlobalNameSpace
 0001:00004F28       GlobalReAlloc
 0001:000056A8       GlobalReAllocPtr
 0001:00004F30       GlobalUnlock
 0001:00020728       Graphics
 0001:00011E8C       GroupDescendentsWith
 0001:00049CF8       HandleEdge
 0001:00016484       HandleException
 0002:00000024       HeapAllocFlags
 0002:000025C4       heapErrorCode
 0002:000025C8       heapLock
 0001:00022440       HelpIntfs
 0002:00002934       HelpManager
 0002:00002A6C       HelpMsg
 0002:00002B08       HelpViewer
 0002:00002B0C       HelpViewerIntf
 0002:0000012C       HexDisplayPrefix
 0002:00000A04       HideSelections
 0001:00038DE4       HideZone
 0002:00002664       HInstance
 0002:00002BC4       HintDoneEvent
 0001:0004C464       HintGetMsgHook
 0002:00002BC8       HintHook
 0001:0004C408       HintMouseThread
 0002:00002BCC       HintThread
 0002:00002BC0       HintThreadID
 0001:0004C3B4       HintTimerProc
 0002:00000C64       HintWindowClass
 0002:000029A0       HitTestThemeBackground
 0001:0004C4A8       HookHintHooks
 0001:000057D0       HwndMSWheel
 0002:00000BF8       IBreaks
 0002:00000C04       IChecks
 0002:00000C0C       IDefaults
 0001:0001AD48       IdentToCharset
 0001:0001AB40       IdentToColor
 0001:0002B630       IdentToCursor
 0001:00012074       IdentToInt
 0002:00000C14       IEnables
 0001:00040984       IfHotkeyAvailable
 0002:00002B9C       ImageListWriteExProc
 0001:00020BB4       ImageList_Add
 0001:00020BD4       ImageList_AddIcon
 0001:00020BF8       ImageList_BeginDrag
 0001:00020B9C       ImageList_Create
 0001:00020BA4       ImageList_Destroy
 0001:00020C08       ImageList_DragEnter
 0001:00020C10       ImageList_DragLeave
 0001:00020C18       ImageList_DragMove
 0001:00020C28       ImageList_DragShowNolock
 0001:00020BE0       ImageList_Draw
 0001:00020BE8       ImageList_DrawEx
 0001:00020C00       ImageList_EndDrag
 0001:00020BCC       ImageList_GetBkColor
 0001:00020C30       ImageList_GetDragImage
 0001:00020C48       ImageList_GetIconSize
 0001:00020BAC       ImageList_GetImageCount
 0001:00020C38       ImageList_Read
 0001:00020BF0       ImageList_Remove
 0001:00020BBC       ImageList_ReplaceIcon
 0001:00020BC4       ImageList_SetBkColor
 0001:00020C20       ImageList_SetDragCursorImage
 0001:00020C50       ImageList_SetIconSize
 0001:00020C40       ImageList_Write
 0002:00000B68       Images
 0001:0003C6A4       ImgList
 0001:00021448       Imm
 0002:00000B4C       IMM32DLL
 0001:000399D4       Imm32IsIME
 0002:00000180       IMSecsPerDay
 0001:0000D5A8       InBounds
 0001:0000D308       InBounds
 0001:0000D338       Increment
 0001:0000D5D8       Increment
 0001:00005438       InflateRect
 0001:00024494       IniFiles
 0001:000009FC       InitAllocator
 0001:00020C90       InitAnApi
 0002:00002920       InitApis
 0001:0001231C       InitComponent
 0002:00002634       InitContext
 0001:00039A70       InitControls
 0001:000202A8       InitDefFontData
 0001:0000B570       InitDriveSpacePtr
 0001:0000A7C0       InitExceptions
 0001:00022520       InitFlatSB
 0001:000239BC       InitGlobals
 0001:0001CF6C       InitializeBitmapInfoHeader
 0001:00000350       InitializeCriticalSection
 0001:00004F38       InitializeCriticalSection
 0002:000025C0       initialized
 0001:000224F8       InitializeFlatSB
 0001:00004C04       InitializeModule
 0001:0000C4B4       InitializeVarUtils
 0001:00039674       InitIMM32
 0001:000123C4       InitInheritedComponent
 0001:0000AF1C       InitLeadBytes
 0001:0002136C       InitMultiMonStubs
 0001:0000A8C4       InitPlatformId
 0002:00002040       InitProc
 0001:0004EFC4       InitProcs
 0001:0002022C       InitScreenLogPixels
 0001:0000AF94       InitSysLocale
 0001:00022B48       InitThemeLibrary
 0001:00017D90       InitThreadSynchronization
 0001:00004B80       InitThreadTLS
 0001:00002B40       InitUnits
 0001:0002B314       InitWndProc
 0002:00000AEC       InnerStyles
 0002:0000204C       Input
 0001:0004BE8C       InsertBefore
 0001:00030D6C       InsertBefore
 0001:00000E08       InsertFree
 0001:00040A38       InsertHotkeyFarEastFormat
 0001:00005440       InsertMenu
 0001:00005448       InsertMenuItem
 0002:00002880       InstBlockList
 0002:00002884       InstFreeList
 0002:00002858       IntConstList
 0001:0000B5D8       InterlockedDecrement
 0001:000002F4       InterlockedDecrement
 0001:0000B5E4       InterlockedExchange
 0001:00004E40       InterlockedExchange
 0001:0000B5EC       InterlockedExchangeAdd
 0001:000002EC       InterlockedIncrement
 0001:0000B5CC       InterlockedIncrement
 0001:0001A250       InternalDeletePalette
 0001:00001980       InternalFlush
 0001:00000C64       InternalFreeMem
 0001:0001D0BC       InternalGetDIB
 0001:0001D050       InternalGetDIBSizes
 0001:000121B4       InternalReadComponentRes
 0002:00002AF0       InternalServices
 0001:00003324       InternalUniqueString
 0001:000050E8       IntersectClipRect
 0001:00005450       IntersectRect
 0001:0002086C       IntPower
 0001:00006CAC       IntToHex
 0001:000120B4       IntToIdent
 0001:00006C84       IntToStr
 0001:00006B98       IntToStr
 0001:00005458       InvalidateRect
 0001:0001C110       InvalidBitmap
 0001:0001C0F8       InvalidGraphic
 0001:0001C11C       InvalidIcon
 0001:0001C0E0       InvalidOperation
 0001:00011220       InvalidPoint
 0002:00002798       InvalidPointer
 0001:000021A4       InvokeImplGetter
 0001:00001898       IOResult
 0002:00000C34       IOwnerDraw
 0002:00000C1C       IRadios
 0002:00000C2C       IRTL
 0001:00044ED4       IsAccel
 0001:00041BE8       IsAccelChar
 0002:00002A0C       IsAppThemed
 0001:0002BE28       IsBeforeTargetWindow
 0001:00005460       IsChild
 0002:00002048       IsConsole
 0001:0002C284       IsDelphiHandle
 0001:00005468       IsDialogMessage
 0002:00000C24       ISeparators
 0001:00005470       IsIconic
 0001:00041C44       IsInitialChar
 0001:000081B0       IsLeapYear
 0002:00002034       IsLibrary
 0002:00002049       IsMultiThread
 0001:00036A94       IsOrientationSet
 0001:00005478       IsRectEmpty
 0001:0002C02C       IsSiteChildOfClient
 0002:00002A08       IsThemeActive
 0002:000029B0       IsThemeBackgroundPartiallyTransparent
 0002:00002A18       IsThemeDialogTextureEnabled
 0002:000029AC       IsThemePartDefined
 0001:00012190       IsUniqueGlobalComponentName
 0002:0000284C       IsUniqueGlobalComponentNameProc
 0001:00006AE8       IsValidIdent
 0001:0000AF7C       IsWesternGroup
 0001:00005480       IsWindow
 0001:00005488       IsWindowEnabled
 0001:00005490       IsWindowVisible
 0001:00005498       IsZoomed
 0001:0003DA38       Iterate
 0001:0003DA98       IterateMenus
 0002:0000002C       JITEnable
 0001:00044E88       KeyboardStateToShiftState
 0001:00044E4C       KeyDataToShiftState
 0001:00044DF8       KeysToShiftState
 0001:000054A0       KillTimer
 0001:00007048       LastDelimiter
 0001:0000AEA8       LCIDToCodePage
 0001:000049B0       LCIDToCodePage
 0002:0000010C       LeadBytes
 0001:00004F40       LeaveCriticalSection
 0001:00000360       LeaveCriticalSection
 0002:00000034       LibModuleList
 0001:000050F0       LineTo
 0001:000245F8       ListActns
 0001:0002CE14       ListAdd
 0001:0002CE3C       ListRemove
 0002:0000274E       ListSeparator
 0001:000054A8       LoadBitmap
 0001:000054B0       LoadCursor
 0001:000054B8       LoadIcon
 0001:000054C0       LoadKeyboardLayout
 0001:00004F48       LoadLibrary
 0001:00000284       LoadLibraryEx
 0001:00004F50       LoadResource
 0001:000040B8       LoadResourceModule
 0001:00004958       LoadResString
 0001:0000028C       LoadString
 0001:000054C8       LoadString
 0001:00000330       LocalAlloc
 0001:00004B54       LocalAlloc
 0001:00000338       LocalFree
 0001:000099BC       LocalGetLocaleStr
 0002:00002A40       Lock
 0001:00004F58       LockResource
 0002:00002690       LongDateFormat
 0002:00002724       LongDayNames
 0002:000026D8       LongMonthNames
 0002:000026A4       LongTimeFormat
 0001:000068EC       LowerCase
 0001:00004FD0       lstrcpy
 0001:00000294       lstrcpyn
 0002:00002820       LVarTypes
 0002:00002824       LVarTypeSync
 0002:0000202C       MainInstance
 0002:00002030       MainThreadID
 0001:000003C0       MakeEmpty
 0001:00002C50       MakeErrorMessage
 0002:00000B38       MakeLast
 0001:00005680       MakeLong
 0001:00019034       MakeObjectInstance
 0001:000056D8       MakeROP4
 0001:00005710       MakeWParam
 0001:0000A480       MapException
 0001:00024568       Mapi
 0002:00000948       MAPIDLL
 0002:0000094C       MAPIModule
 0001:00002958       MapToRunError
 0001:000054D0       MapVirtualKey
 0001:000054D8       MapWindowPoints
 0002:00000B70       Mask
 0001:000050F8       MaskBlt
 0001:000208DC       Math
 0001:000208A4       Max
 0001:0004778C       MaximizedChildren
 0002:0000003C       MemoryManager
 0002:00000B8C       MenuKeyCaps
 0001:00042C60       Menus
 0001:00000410       MergeBlockAfter
 0001:00000EDC       MergeCommit
 0001:0000022C       MessageBox
 0001:000054E0       MessageBox
 0001:00005930       Messages
 0001:00012A28       Min
 0001:0002089C       Min
 0001:000306B4       MinVar
 0002:00002928       MMAvailable
 0002:00000B50       ModeMap
 0001:00049484       ModifySystemMenu
 0002:000000A4       Module
 0002:00002661       ModuleIsCpp
 0002:00002660       ModuleIsLib
 0001:00019004       ModuleUnload
 0002:00000038       ModuleUnloadList
 0002:00002904       MonitorFromPoint
 0002:00002900       MonitorFromRect
 0002:000028FC       MonitorFromWindow
 0002:000000DC       MonthDays
 0002:00002B10       Mouse
 0001:000018B8       Move
 0001:00005100       MoveToEx
 0001:0002CE5C       MoveWindowOrg
 0001:00004F60       MulDiv
 0001:000002A4       MultiByteToWideChar
 0001:0004EA68       MultiLineWidth
 0001:00021408       MultiMon
 0002:00002685       NegCurrFormat
 0001:00000F68       NewCommit
 0001:00000F94       NewCommitAt
 0002:00002B14       NewStyleControls
 0001:0000AD2C       NextCharIndex
 0001:00036A78       NextVisibleZone
 0002:000003E0       NilMethod
 0002:00000030       NoErrMsg
 0001:0003E84C       NormalDraw
 0001:00002510       NotifyAnyExcept
 0001:000024E4       NotifyExcept
 0001:00002544       NotifyExceptFinally
 0001:00012290       NotifyGlobalLoading
 0001:000043B8       NotifyModuleUnload
 0001:000024C0       NotifyNonDelphiException
 0001:000024FC       NotifyOnExcept
 0001:000024A4       NotifyReRaise
 0001:0000256C       NotifyTerminate
 0001:00002588       NotifyUnhandled
 0001:000415C4       NthParentOf
 0001:0000F118       Null
 0002:0000031C       NullAsStringValue
 0002:00000318       NullStrictConvert
 0001:0002B3CC       ObjectFromHWnd
 0002:00000A0C       OEMConverts
 0001:000054E8       OemToAnsi
 0001:000054F0       OffsetRect
 0002:00002978       OpenThemeData
 0002:00000B30       OrientArray
 0002:00000AFC       OuterStyles
 0002:00002794       OutOfMemory
 0001:0001C128       OutOfResources
 0002:00002218       Output
 0002:00000320       PackVarCreation
 0002:000006DC       Pal16
 0001:0001A634       PaletteChanged
 0001:0001C914       PaletteFromDIBColorTable
 0001:0001C9B8       PaletteToDIBColorTable
 0002:000006D8       PalSize
 0001:00036E5C       ParentNotLast
 0002:000009E8       Passwords
 0001:00005108       PatBlt
 0002:000028E8       PatternManager
 0001:000054F8       PeekMessage
 0002:000028DC       PenManager
 0002:000006A8       PenModes
 0002:00000688       PenStyles
 0001:00004CA8       Point
 0001:000111A8       Point
 0001:000115E0       PointerInModule
 0001:00031F50       PointsEqual
 0001:000056F8       PointToSmallPoint
 0002:00002BA0       PopupList
 0001:00005500       PostMessage
 0001:00005508       PostQuitMessage
 0001:000224BC       Printers
 0001:0004AB98       ProcessExecute
 0001:00045104       ProcessHorz
 0001:0004AC98       ProcessUpdate
 0001:00045170       ProcessVert
 0001:0004FDCC       Project1
 0001:0001531C       PropertyNotFound
 0001:00016584       PropPathError
 0002:00000C94       Props
 0001:00015310       PropValueError
 0001:00005510       PtInRect
 0002:000000A0       PtrToNil
 0001:0000791C       PutExponent
 0002:00002B58       QualifyingSites
 0001:0000A43C       RaiseAssertException
 0001:00014330       RaiseException
 0001:000001FC       RaiseException
 0002:00002014       RaiseExceptionProc
 0001:0000B488       RaiseLastOSError
 0001:00037BCC       ReadControlName
 0001:000177C4       ReadCustomVariant
 0001:000152F8       ReadError
 0001:00004F68       ReadFile
 0001:0001CC64       ReadIcon
 0002:000009F0       ReadOnlys
 0001:00005110       RealizePalette
 0001:00015B38       Recover
 0001:000111D0       Rect
 0001:00004C8C       Rect
 0001:00005118       RectVisible
 0001:00005518       RedrawWindow
 0002:00002818       RefAnyProc
 0002:00002A3C       ReferenceCount
 0001:00004DD0       RegCloseKey
 0001:000002AC       RegCloseKey
 0002:0000285C       RegGroups
 0001:00005520       RegisterClass
 0001:00011D84       RegisterClass
 0001:00005528       RegisterClipboardFormat
 0001:0002C1CC       RegisterDockSite
 0001:000120F8       RegisterFindGlobalComponentProc
 0001:00011FCC       RegisterIntegerConsts
 0001:00004414       RegisterModule
 0001:00021814       RegisterViewer
 0001:00005530       RegisterWindowMessage
 0001:000244FC       Registry
 0001:000002B4       RegOpenKeyEx
 0001:00004DD8       RegOpenKeyEx
 0001:000002BC       RegQueryValueEx
 0001:00004DE0       RegQueryValueEx
 0001:0002341C       RegStr
 0001:00005538       ReleaseCapture
 0001:00005540       ReleaseDC
 0002:00000048       reMap
 0002:00002618       remBytes
 0001:00000480       RemoveBlock
 0002:000003BC       RemoveDataModule
 0001:000151C8       RemoveFixupReferences
 0001:00015274       RemoveFixups
 0001:0001556C       RemoveGlobalFixup
 0001:00005548       RemoveMenu
 0001:00004358       RemoveModuleUnloadProc
 0001:00004330       RemoveModuleUnloadProc
 0001:00005550       RemoveProp
 0001:00004F70       ResetEvent
 0001:00017DDC       ResetSyncEvent
 0001:0000141C       ResizeInPlace
 0001:00005120       RestoreDC
 0001:00044AA4       RestoreFocusState
 0001:00012554       ReturnAddr
 0001:0003D60C       ReturnAddr
 0001:000131CC       ReturnAddr
 0001:0001C694       RGBQuadToTriple
 0001:0001C65C       RGBTripleToQuad
 0001:00023374       RichEdit
 0002:00002B28       RM_GetObjectInstance
 0002:00002BBC       RM_TaskbarCreated
 0001:00020824       RoundTo
 0002:00002614       rover
 0002:00000950       RTFConversionFormat
 0001:0000F35C       RTLConsts
 0001:00000204       RtlUnwind
 0002:00002018       RTLUnwindProc
 0002:0000006C       runErrMsg
 0001:000017C0       RunErrorAt
 0001:0000C468       SafeArrayCreate
 0001:0000C470       SafeArrayGetLBound
 0001:0000C478       SafeArrayGetUBound
 0001:0000C480       SafeArrayPtrOfIndex
 0001:0000BAB0       SafeLoadLibrary
 0001:000069CC       SameText
 0001:00005128       SaveDC
 0001:00044A9C       SaveFocusState
 0001:00009044       ScanBlanks
 0001:00009188       ScanChar
 0001:00009304       ScanDate
 0001:00009068       ScanNumber
 0001:000090FC       ScanString
 0001:00009648       ScanTime
 0001:0000920C       ScanToNumber
 0002:00002BB4       Screen
 0002:00002894       ScreenLogPixels
 0001:00005558       ScreenToClient
 0001:000452BC       ScrollBarVisible
 0001:00005560       ScrollWindow
 0001:00000FC8       SearchSmallBlocks
 0001:00005130       SelectObject
 0001:00005138       SelectPalette
 0001:0002B45C       SendAppMessage
 0001:00044D0C       SendFocusMessage
 0001:00005568       SendMessage
 0002:00000BF0       Separators
 0001:000018F8       Set8087CW
 0001:00005570       SetActiveWindow
 0001:0004C5A8       SetAnimation
 0001:00005140       SetBkColor
 0001:00005148       SetBkMode
 0001:00005150       SetBrushOrgEx
 0001:00005578       SetCapture
 0001:0002B6F0       SetCaptureControl
 0001:00005580       SetClassLong
 0001:0000ECA4       SetClearVarToEmptyParam
 0001:00015CA8       SetCompName
 0001:00005588       SetCursor
 0001:00005158       SetDIBColorTable
 0001:00004F78       SetEndOfFile
 0001:00004F80       SetErrorMode
 0001:00004F88       SetEvent
 0001:00002A98       SetExceptionHandler
 0001:00004F90       SetFilePointer
 0001:0000F7C0       SetFloatProp
 0001:00005590       SetFocus
 0001:00005598       SetForegroundWindow
 0001:000398F8       SetImeMode
 0001:00001844       SetInOutRes
 0001:0000FA44       SetInt64Prop
 0001:0000FA80       SetInterfaceProp
 0001:00016864       SetInterfaceReference
 0001:00016780       SetIntIdent
 0002:00000C68       SetLayeredWindowAttributes
 0001:0000F628       SetLongStrProp
 0001:000055A0       SetMenu
 0001:000055A8       SetMenuItemInfo
 0001:0000FA0C       SetMethodProp
 0001:000167C8       SetObjectIdent
 0001:0000F530       SetOrdProp
 0001:000055B0       SetParent
 0001:00005160       SetPixel
 0001:000055B8       SetProp
 0001:000055C0       SetRect
 0001:00005168       SetROP2
 0001:000055C8       SetScrollInfo
 0001:000055D0       SetScrollPos
 0001:000055D8       SetScrollRange
 0001:0000F58C       SetShortStrProp
 0001:0000F5E0       SetShortStrPropAsLongStr
 0001:00005170       SetStretchBltMode
 0001:0000F6C0       SetStrProp
 0001:00015AB0       SetSubComponentState
 0001:00005178       SetTextColor
 0002:00002A20       SetThemeAppProperties
 0001:00004F98       SetThreadLocale
 0001:000055E0       SetTimer
 0001:0000EC8C       SetVarAsError
 0001:0000F9CC       SetVariantProp
 0001:00016808       SetVariantReference
 0001:00005180       SetViewportOrgEx
 0001:0004E578       SetVisible
 0001:0000F6EC       SetWideStrProp
 0001:0000F668       SetWideStrPropAsLongStr
 0001:000055E8       SetWindowLong
 0001:00005188       SetWindowOrgEx
 0001:000055F0       SetWindowPlacement
 0001:000055F8       SetWindowPos
 0001:00005608       SetWindowsHookEx
 0001:00005600       SetWindowText
 0002:000029E4       SetWindowTheme
 0002:0000014C       ShareMode
 0001:000233E4       ShellAPI
 0002:00002AE0       ShellModule
 0001:000234C4       ShlObj
 0001:0003D634       ShortCut
 0002:00002BA4       ShortCutItems
 0001:0003D6C0       ShortCutToText
 0002:0000268C       ShortDateFormat
 0002:00002708       ShortDayNames
 0002:000026A8       ShortMonthNames
 0002:000026A0       ShortTimeFormat
 0002:00000CC8       ShowCommands
 0002:00000CD4       ShowCommands
 0002:00000CE0       ShowCommands
 0001:00005610       ShowCursor
 0001:0000A03C       ShowException
 0002:00000D7C       ShowFlags
 0002:00000AE4       ShowFlags
 0001:00044AAC       ShowMDIClientEdge
 0001:00005618       ShowOwnedPopups
 0001:00005620       ShowScrollBar
 0001:00005628       ShowWindow
 0001:0004C5D0       ShowWinNoAnimate
 0001:00038E64       ShowZone
 0002:00000B44       SizeCursors
 0001:00004FA0       SizeofResource
 0001:000172F8       SkipBinary
 0001:00017328       SkipCollection
 0001:000172D0       SkipList
 0001:0000B480       Sleep
 0001:00004FA8       Sleep
 0001:000111C0       SmallPoint
 0001:000056E4       SmallPointToPoint
 0002:00002620       smallTab
 0002:000025E8       spaceRoot
 0001:00011E40       StartClassGroup
 0001:000284D4       StdActns
 0001:0002836C       StdCtrls
 0001:0001900C       StdWndProc
 0002:0000289C       StockBrush
 0002:000028A0       StockFont
 0002:000028A4       StockIcon
 0002:00002898       StockPen
 0001:0000736C       StrAlloc
 0001:00007380       StrBufSize
 0001:0000AADC       StrByteType
 0001:0000ACC8       StrCharLength
 0001:0000725C       StrComp
 0001:000071BC       StrCopy
 0001:000073B8       StrDispose
 0001:0003BDF0       StreamsEqual
 0001:00007198       StrEnd
 0001:00005190       StretchBlt
 0001:000077C8       StrFmt
 0001:00007280       StrIComp
 0001:000141CC       StringListCompareStrings
 0001:000429FC       StripHotkey
 0001:000071E4       StrLCopy
 0001:00007180       StrLen
 0001:00007808       StrLFmt
 0001:000072C0       StrLIComp
 0001:000071AC       StrMove
 0001:0000738C       StrNew
 0001:0000ACE8       StrNextChar
 0001:00007218       StrPCopy
 0001:0000723C       StrPLCopy
 0001:00007318       StrPos
 0001:00007304       StrScan
 0001:00007FD4       StrToFloat
 0001:00006CD4       StrToInt
 0001:00006D10       StrToIntDef
 0001:000242FC       StrUtils
 0002:00000CBC       Styles
 0001:0000BA18       Supports
 0001:0000B9F4       Supports
 0002:00002850       SyncEvent
 0002:000003E8       SyncList
 0001:00022980       SyncObjs
 0001:000002D4       SysAllocStringLen
 0001:00005C48       SysConst
 0002:00000C84       SysConsts
 0002:00000C8C       SysConsts
 0001:000098FC       SysErrorMessage
 0001:00001278       SysFreeMem
 0001:000002E4       SysFreeString
 0001:000010E8       SysGetMem
 0001:00004C84       SysInit
 0002:00002740       SysLocale
 0001:000015F8       SysReallocMem
 0001:000002DC       SysReAllocStringLen
 0001:00004A78       System
 0002:0000288C       SystemPalette16
 0001:0001C87C       SystemPaletteOverride
 0001:00005630       SystemParametersInfo
 0001:0000BF84       SysUtils
 0001:0003A78C       TActionLink.IsCaptionLinked
 0001:0003A7A0       TActionLink.IsCheckedLinked
 0001:0003A7B4       TActionLink.IsEnabledLinked
 0001:0003A7C8       TActionLink.IsGroupIndexLinked
 0001:0003A7DC       TActionLink.IsHelpContextLinked
 0001:0003A7F0       TActionLink.IsHelpLinked
 0001:0003A804       TActionLink.IsHintLinked
 0001:0003A818       TActionLink.IsImageIndexLinked
 0001:0003A82C       TActionLink.IsShortCutLinked
 0001:0003A840       TActionLink.IsVisibleLinked
 0001:0003A854       TActionLink.SetAutoCheck
 0001:0003A858       TActionLink.SetCaption
 0001:0003A85C       TActionLink.SetChecked
 0001:0003A860       TActionLink.SetEnabled
 0001:0003A864       TActionLink.SetGroupIndex
 0001:0003A868       TActionLink.SetHelpContext
 0001:0003A86C       TActionLink.SetHelpKeyword
 0001:0003A870       TActionLink.SetHelpType
 0001:0003A874       TActionLink.SetHint
 0001:0003A878       TActionLink.SetImageIndex
 0001:0003A87C       TActionLink.SetShortCut
 0001:0003A880       TActionLink.SetVisible
 0001:0004EB14       TApplication.ActivateHint
 0001:0004D768       TApplication.BringToFront
 0001:0004E87C       TApplication.CancelHint
 0001:0004CD4C       TApplication.CheckIniChange
 0001:0004CAC8       TApplication.ControlDestroyed
 0001:0004C610       TApplication.Create
 0001:0004DB68       TApplication.CreateForm
 0001:0004C918       TApplication.CreateHandle
 0001:0004C7FC       TApplication.Destroy
 0001:0004EEE4       TApplication.DispatchAction
 0001:0004E248       TApplication.DoActionIdle
 0001:0004E2AC       TApplication.DoMouseIdle
 0001:0004CB98       TApplication.DoNormalizeTopMosts
 0001:0004EF74       TApplication.ExecuteAction
 0001:0004EEA8       TApplication.GetCurrentHelpFile
 0001:0004D59C       TApplication.GetIconHandle
 0001:0004D7A4       TApplication.GetTitle
 0001:0004DCE8       TApplication.HandleException
 0001:0004DA54       TApplication.HandleMessage
 0001:0004E1F0       TApplication.HelpCommand
 0001:0004E188       TApplication.HelpContext
 0001:0004E120       TApplication.HelpKeyword
 0001:0004E838       TApplication.HideHint
 0001:0004E6F0       TApplication.HintMouseMessage
 0001:0004E800       TApplication.HintTimerExpired
 0001:0004DA78       TApplication.HookMainWindow
 0001:0004F020       TApplication.HookSynchronizeWakeup
 0001:0004E480       TApplication.IconChanged
 0001:0004E324       TApplication.Idle
 0001:0004DB50       TApplication.Initialize
 0001:0004DFB8       TApplication.InvokeHelp
 0001:0004D7F0       TApplication.IsDlgMsg
 0001:0004D91C       TApplication.IsHintMsg
 0001:0004D864       TApplication.IsKeyMsg
 0001:0004D814       TApplication.IsMDIMsg
 0001:0004D950       TApplication.IsShortCut
 0001:0004DD78       TApplication.MessageBox
 0001:0004D5B8       TApplication.Minimize
 0001:0004CC74       TApplication.ModalFinished
 0001:0004CC48       TApplication.ModalStarted
 0001:0004CCA8       TApplication.NormalizeAllTopMosts
 0001:0004CCA0       TApplication.NormalizeTopMosts
 0001:0004E444       TApplication.NotifyForms
 0001:0004D9BC       TApplication.ProcessMessage
 0001:0004D668       TApplication.Restore
 0001:0004CCB0       TApplication.RestoreTopMosts
 0001:0004DBE8       TApplication.Run
 0001:0004E4E4       TApplication.SetHint
 0001:0004E1F8       TApplication.SetShowHint
 0001:0004CDA4       TApplication.SettingChange
 0001:0004DEE0       TApplication.ShowException
 0001:0004E684       TApplication.StartHintTimer
 0001:0004E6C8       TApplication.StopHintTimer
 0001:0004DCD4       TApplication.Terminate
 0001:0004DAD4       TApplication.UnhookMainWindow
 0001:0004F030       TApplication.UnhookSynchronizeWakeup
 0001:0004EF9C       TApplication.UpdateAction
 0001:0004E5D4       TApplication.UpdateVisible
 0001:0004CD34       TApplication.UseRightToLeftAlignment
 0001:0004CD1C       TApplication.UseRightToLeftReading
 0001:0004E65C       TApplication.ValidateHelpSystem
 0001:0004F010       TApplication.WakeMainThread
 0001:0004CE98       TApplication.WndProc
 0002:00000C74       TaskActiveWindow
 0002:00000C7C       TaskFirstTopMost
 0002:00000C78       TaskFirstWindow
 0002:00000C80       TaskWindowList
 0001:0002BB40       TBaseDragControlObject.Assign
 0001:0002BB1C       TBaseDragControlObject.Create
 0001:0002BB6C       TBaseDragControlObject.EndDrag
 0001:0002BB98       TBaseDragControlObject.Finished
 0001:00018A10       TBasicAction.Change
 0001:000188AC       TBasicAction.Create
 0001:000188F0       TBasicAction.Destroy
 0001:0001897C       TBasicAction.Execute
 0001:0001894C       TBasicAction.ExecuteTarget
 0001:00018948       TBasicAction.HandlesTarget
 0001:00018950       TBasicAction.Notification
 0001:00018A24       TBasicAction.RegisterChanges
 0001:00018A70       TBasicAction.SetActionComponent
 0001:000189B4       TBasicAction.SetOnExecute
 0001:00018A30       TBasicAction.UnRegisterChanges
 0001:00018998       TBasicAction.Update
 0001:00018978       TBasicAction.UpdateTarget
 0001:000187FC       TBasicActionLink.AssignClient
 0001:00018834       TBasicActionLink.Change
 0001:000187B8       TBasicActionLink.Create
 0001:00018800       TBasicActionLink.Destroy
 0001:0001884C       TBasicActionLink.Execute
 0001:00018894       TBasicActionLink.IsOnExecuteLinked
 0001:00018868       TBasicActionLink.SetAction
 0001:00018898       TBasicActionLink.SetOnExecute
 0001:000188A0       TBasicActionLink.Update
 0001:0001E5D4       TBitmap.Assign
 0001:0001E7A8       TBitmap.Changed
 0001:0001E784       TBitmap.Changing
 0001:0001E6C4       TBitmap.CopyImage
 0001:0001E530       TBitmap.Create
 0001:0001E598       TBitmap.Destroy
 0001:0001EC34       TBitmap.DIBNeeded
 0001:0001E7B4       TBitmap.Dormant
 0001:0001E828       TBitmap.Draw
 0001:0001ECA8       TBitmap.FreeContext
 0001:0001EA78       TBitmap.FreeImage
 0001:0001EAF8       TBitmap.GetCanvas
 0001:0001EADC       TBitmap.GetEmpty
 0001:0001EB40       TBitmap.GetHandle
 0001:0001EB64       TBitmap.GetHandleType
 0001:0001EB90       TBitmap.GetHeight
 0001:0001EBA0       TBitmap.GetMaskHandle
 0001:0001EBB4       TBitmap.GetMonochrome
 0001:0001EBD0       TBitmap.GetPalette
 0001:0001EBE4       TBitmap.GetTransparentColor
 0001:0001EC2C       TBitmap.GetWidth
 0001:0001ECB8       TBitmap.HandleNeeded
 0001:0001EE70       TBitmap.LoadFromClipboardFormat
 0001:0001EEF4       TBitmap.LoadFromStream
 0001:0001ED58       TBitmap.MaskHandleNeeded
 0001:0001EF18       TBitmap.NewImage
 0001:0001EDB8       TBitmap.PaletteNeeded
 0001:0001F018       TBitmap.ReadData
 0001:0001F040       TBitmap.ReadDIB
 0001:0001F5A8       TBitmap.ReadStream
 0001:0001FCD8       TBitmap.SaveToClipboardFormat
 0001:0001FCD0       TBitmap.SaveToStream
 0001:0001F618       TBitmap.SetHandle
 0001:0001F6DC       TBitmap.SetHandleType
 0001:0001F814       TBitmap.SetHeight
 0001:0001F868       TBitmap.SetMonochrome
 0001:0001F8E8       TBitmap.SetPalette
 0001:0001F9BC       TBitmap.SetWidth
 0001:0001FA10       TBitmap.WriteData
 0001:0001FA18       TBitmap.WriteStream
 0001:0001D894       TBitmapCanvas.Create
 0001:0001D99C       TBitmapCanvas.CreateHandle
 0001:0001D8D0       TBitmapCanvas.Destroy
 0001:0001D8FC       TBitmapCanvas.FreeContext
 0001:0001DAAC       TBitmapImage.Destroy
 0001:0001DB08       TBitmapImage.FreeHandle
 0001:000129E0       TBits.Destroy
 0001:00012A10       TBits.Error
 0001:00012B04       TBits.OpenBit
 0001:00012AD8       TBits.SetBit
 0001:00012A34       TBits.SetSize
 0001:0001B66C       TBrush.Assign
 0001:0001B604       TBrush.Create
 0001:0001B644       TBrush.Destroy
 0001:0001B7A4       TBrush.GetColor
 0001:0001B714       TBrush.GetData
 0001:0001B7E0       TBrush.GetHandle
 0001:0001B8C0       TBrush.GetStyle
 0001:0001B780       TBrush.SetBitmap
 0001:0001B7AC       TBrush.SetColor
 0001:0001B730       TBrush.SetData
 0001:0001B8C8       TBrush.SetStyle
 0001:00028064       TButton.Click
 0001:000281EC       TButton.CMDialogChar
 0001:0002817C       TButton.CMDialogKey
 0001:00028270       TButton.CMFocusChanged
 0001:00028168       TButton.CNCommand
 0001:000282F0       TButton.CNCtlColorBtn
 0001:00028000       TButton.Create
 0001:00028114       TButton.CreateParams
 0001:00028150       TButton.CreateWnd
 0001:0002808C       TButton.SetButtonStyle
 0001:000280E0       TButton.SetDefault
 0001:00028088       TButton.UseRightToLeftAlignment
 0001:000282C4       TButton.WMEraseBkgnd
 0001:00027D6C       TButtonActionLink.AssignClient
 0001:00027D90       TButtonActionLink.IsCheckedLinked
 0001:00027DC8       TButtonActionLink.SetChecked
 0001:00027E80       TButtonControl.ActionChange
 0001:00027F50       TButtonControl.CNCtlColorStatic
 0001:00027E2C       TButtonControl.Create
 0001:00027FC8       TButtonControl.CreateParams
 0001:00027EC8       TButtonControl.GetActionLinkClass
 0001:00027ED0       TButtonControl.GetChecked
 0001:00027ED4       TButtonControl.SetChecked
 0001:00027FEC       TButtonControl.SetWordWrap
 0001:00027F9C       TButtonControl.WMEraseBkGnd
 0001:00027ED8       TButtonControl.WndProc
 0001:0001C0C0       TCanvas.BrushChanged
 0001:0001BF94       TCanvas.Changed
 0001:0001BF80       TCanvas.Changing
 0001:0001BA1C       TCanvas.CopyRect
 0001:0001B8FC       TCanvas.Create
 0001:0001C004       TCanvas.CreateBrush
 0001:0001BFA8       TCanvas.CreateFont
 0001:0001BEB4       TCanvas.CreateHandle
 0001:0001BFD4       TCanvas.CreatePen
 0001:0001BE58       TCanvas.DeselectHandles
 0001:0001B9C0       TCanvas.Destroy
 0001:0001BAA4       TCanvas.Draw
 0001:0001BB50       TCanvas.FillRect
 0001:0001C080       TCanvas.FontChanged
 0001:0001BE38       TCanvas.GetHandle
 0001:0001BD80       TCanvas.GetPenPos
 0001:0001BDC4       TCanvas.GetPixel
 0001:0001BB8C       TCanvas.LineTo
 0001:0001BBC4       TCanvas.Lock
 0001:0001BBEC       TCanvas.MoveTo
 0001:0001C0A0       TCanvas.PenChanged
 0001:0001BF0C       TCanvas.RequiredState
 0001:0001BD74       TCanvas.SetBrush
 0001:0001BD58       TCanvas.SetFont
 0001:0001BEB8       TCanvas.SetHandle
 0001:0001BD68       TCanvas.SetPen
 0001:0001BDA4       TCanvas.SetPenPos
 0001:0001BDF0       TCanvas.SetPixel
 0001:0001BC18       TCanvas.StretchDraw
 0001:0001BC54       TCanvas.TextExtent
 0001:0001BCB4       TCanvas.TextHeight
 0001:0001BC98       TCanvas.TextWidth
 0001:0001BCD4       TCanvas.TryLock
 0001:0001BD30       TCanvas.Unlock
 0001:0003C65C       TChangeLink.Change
 0001:0003C628       TChangeLink.Destroy
 0001:00011AB4       TClassFinder.Create
 0001:00011BE0       TClassFinder.Destroy
 0001:00011C10       TClassFinder.GetClass
 0001:00012E04       TCollection.Add
 0001:00012E24       TCollection.Clear
 0001:000236A8       TCommonDialog.Create
 0001:0002374C       TCommonDialog.DefaultHandler
 0001:000236F0       TCommonDialog.Destroy
 0001:000238F0       TCommonDialog.DoClose
 0001:00023904       TCommonDialog.DoShow
 0001:00023784       TCommonDialog.MainWndProc
 0001:00023724       TCommonDialog.MessageHook
 0001:0002381C       TCommonDialog.TaskModalDialog
 0001:000237D8       TCommonDialog.WMDestroy
 0001:000237F0       TCommonDialog.WMInitDialog
 0001:00023808       TCommonDialog.WMNCDestroy
 0001:000237D0       TCommonDialog.WndProc
 0001:00018068       TComponent.BeforeDestruction
 0001:00018588       TComponent.ChangeName
 0001:00017FA4       TComponent.Create
 0001:0001831C       TComponent.DefineProperties
 0001:00017FF0       TComponent.Destroy
 0001:000181EC       TComponent.DestroyComponents
 0001:00018244       TComponent.Destroying
 0001:000186C4       TComponent.ExecuteAction
 0001:000184AC       TComponent.FindComponent
 0001:00018074       TComponent.FreeNotification
 0001:000183B0       TComponent.GetChildOwner
 0001:000183B4       TComponent.GetChildParent
 0001:000183A8       TComponent.GetChildren
 0001:0001859C       TComponent.GetComponent
 0001:000185C8       TComponent.GetComponentCount
 0001:000183B8       TComponent.GetNamePath
 0001:000183CC       TComponent.GetOwner
 0001:000183D4       TComponent.GetParentComponent
 0001:000183A4       TComponent.HasParent
 0001:00018108       TComponent.Insert
 0001:0001815C       TComponent.InsertComponent
 0001:000187B4       TComponent.IntfGetComponent
 0001:000183F4       TComponent.Loaded
 0001:000182C0       TComponent.Notification
 0001:00018400       TComponent.PaletteCreated
 0001:00018734       TComponent.QueryInterface
 0001:000180C8       TComponent.ReadLeft
 0001:00018404       TComponent.ReadState
 0001:000180DC       TComponent.ReadTop
 0001:00018134       TComponent.Remove
 0001:000181B4       TComponent.RemoveComponent
 0001:000182A4       TComponent.RemoveFreeNotification
 0001:00018280       TComponent.RemoveNotification
 0001:00018714       TComponent.SafeCallException
 0001:000183D0       TComponent.SetChildOrder
 0001:000185D8       TComponent.SetComponentIndex
 0001:0001862C       TComponent.SetDesigning
[...]
 0001:0004EF9C       TApplication.UpdateAction
 0001:0004EFC4       InitProcs
 0001:0004F010       TApplication.WakeMainThread
 0001:0004F020       TApplication.HookSynchronizeWakeup
 0001:0004F030       TApplication.UnhookSynchronizeWakeup
 0001:0004F050       Finalization
 0001:0004F0AC       Forms
 0001:0004F2C0       TForm1.ConvertMoney
 0001:0004FB14       TForm1.Button1Click
 0001:0004FB8C       Finalization
 0001:0004FBBC       Unit1
 0001:0004FBC4       Finalization
 0001:0004FDCC       Project1
 0002:00000000       ExitCode
 0002:00000004       ErrorAddr
 0002:00000008       FileMode
 0002:0000000C       VarClearProc
 0002:00000010       VarAddRefProc
 0002:00000014       VarCopyProc
 0002:00000018       VarToLStrProc
 0002:0000001C       VarToWStrProc
 0002:00000020       Default8087CW
 0002:00000024       HeapAllocFlags
 0002:00000028       DebugHook
 0002:0000002C       JITEnable
 0002:00000030       NoErrMsg
 0002:00000034       LibModuleList
 0002:00000038       ModuleUnloadList
 0002:0000003C       MemoryManager
 0002:00000048       reMap
 0002:00000064       errCaption
 0002:0000006C       runErrMsg
 0002:0000008C       dig
 0002:0000009C       TlsIndex
 0002:000000A0       PtrToNil
 0002:000000A4       Module
 0002:000000BC       EmptyStr
 0002:000000C0       EmptyWideStr
 0002:000000C4       Win32Platform
 0002:000000C8       Win32MajorVersion
 0002:000000CC       Win32MinorVersion
 0002:000000D0       Win32BuildNumber
 0002:000000D4       Win32CSDVersion
 0002:000000D8       TwoDigitYearCenturyWindow
 0002:000000DC       MonthDays
 0002:0000010C       LeadBytes
 0002:0000012C       HexDisplayPrefix
 0002:00000130       GetDiskFreeSpaceEx
 0002:00000134       ExitProcList
 0002:00000138       cSimpleBoolStrs
 0002:00000140       AccessMode
 0002:0000014C       ShareMode
 0002:00000160       FormatErrorStrs
 0002:00000168       FCon1E18
 0002:00000174       DCon10
 0002:00000178       CWNear
 0002:0000017C       FMSecsPerDay
 0002:00000180       IMSecsPerDay
 0002:00000184       Format
 0002:00000188       DefShortMonthNames
 0002:000001B8       DefLongMonthNames
 0002:000001E8       DefShortDayNames
 0002:00000204       DefLongDayNames
 0002:00000220       ErrorMap
 0002:00000258       ExceptMap
 0002:00000308       WesternGroups
 0002:0000030C       TerminateProcList
 0002:00000310       CResult
 0002:00000318       NullStrictConvert
 0002:0000031C       NullAsStringValue
 0002:00000320       PackVarCreation
 0002:00000324       BooleanToStringRule
 0002:00000328       CInvalidCustomVariantType
 0002:0000032C       CRangeToType
 0002:00000340       CText
 0002:00000394       CRelationshipToBoolean
 0002:000003A8       BooleanIdents
 0002:000003B0       DotSep
 0002:000003B4       AddDataModule
 0002:000003BC       RemoveDataModule
 0002:000003C4       ApplicationHandleException
 0002:000003CC       ApplicationShowException
 0002:000003D4       WakeMainThread
 0002:000003DC       FilerSignature
 0002:000003E0       NilMethod
 0002:000003E8       SyncList
 0002:000003EC       BlockCode
 0002:000003F0       UtilWindowClass
 0002:00000418       DefFontData
 0002:00000444       DDBsOnly
 0002:00000448       Colors
 0002:000005E8       FontCharsets
 0002:00000678       DefPenData
 0002:00000688       PenStyles
 0002:00000698       DefBrushData
 0002:000006A8       PenModes
 0002:000006C8       ClipboardFormats
 0002:000006CC       FileFormats
 0002:000006D0       BitmapCanvasList
 0002:000006D4       DIBPalSizes
 0002:000006D8       PalSize
 0002:000006DC       Pal16
 0002:0000071C       FPrinter
 0002:00000720       CreationControl
 0002:00000724       WndProcPtrAtom
 0002:00000728       Captions
 0002:0000073C       ButtonNames
 0002:00000768       ButtonCaptions
 0002:00000794       ColorToPretyName
 0002:0000090C       BitBtnCaptions
 0002:00000938       Values
 0002:00000940       Values
 0002:00000948       MAPIDLL
 0002:0000094C       MAPIModule
 0002:00000950       RTFConversionFormat
 0002:0000095C       TextConversionFormat
 0002:00000968       ThemeServicesClass
 0002:0000096C       Copyright
 0002:00000970       ThemeDataNames
 0002:000009D0       BorderStyles
 0002:000009D8       Alignments
 0002:000009E0       WordWraps
 0002:000009E4       WordWraps
 0002:000009E8       Passwords
 0002:000009F0       ReadOnlys
 0002:000009F8       CharCases
 0002:00000A04       HideSelections
 0002:00000A0C       OEMConverts
 0002:00000A14       ButtonStyles
 0002:00000A1C       AnimateWindowProc
 0002:00000A20       CreationControl
 0002:00000A24       DefaultDockTreeClass
 0002:00000A28       AnchorAlign
 0002:00000A30       Cursors
 0002:00000AE0       CaptureControl
 0002:00000AE4       ShowFlags
 0002:00000AE8       WindowPos
 0002:00000AEC       InnerStyles
 0002:00000AFC       OuterStyles
 0002:00000B0C       EdgeStyles
 0002:00000B1C       Ctl3DStyles
 0002:00000B24       AnimationStyle
 0002:00000B30       OrientArray
 0002:00000B38       MakeLast
 0002:00000B40       TreeStreamEndFlag
 0002:00000B44       SizeCursors
 0002:00000B4C       IMM32DLL
 0002:00000B50       ModeMap
 0002:00000B58       DrawingStyles
 0002:00000B68       Images
 0002:00000B70       Mask
 0002:00000B78       ValidMenuHotkeys
 0002:00000B7C       cMenuAutoFlagToItem
 0002:00000B80       cItemAutoFlagToMenu
 0002:00000B84       cBooleanToItemAutoFlag
 0002:00000B88       cItemAutoFlagToBoolean
 0002:00000B8C       MenuKeyCaps
 0002:00000BD4       Checks
 0002:00000BDC       Enables
 0002:00000BE4       Breaks
 0002:00000BF0       Separators
 0002:00000BF8       IBreaks
 0002:00000C04       IChecks
 0002:00000C0C       IDefaults
 0002:00000C14       IEnables
 0002:00000C1C       IRadios
 0002:00000C24       ISeparators
 0002:00000C2C       IRTL
 0002:00000C34       IOwnerDraw
 0002:00000C3C       Alignments
 0002:00000C44       EdgeStyle
 0002:00000C4C       Alignments
 0002:00000C54       Flags
 0002:00000C60       Buttons
 0002:00000C64       HintWindowClass
 0002:00000C68       SetLayeredWindowAttributes
 0002:00000C6C       FocusMessages
 0002:00000C70       FocusCount
 0002:00000C74       TaskActiveWindow
 0002:00000C78       TaskFirstWindow
 0002:00000C7C       TaskFirstTopMost
 0002:00000C80       TaskWindowList
 0002:00000C84       SysConsts
 0002:00000C8C       SysConsts
 0002:00000C94       Props
 0002:00000CBC       Styles
 0002:00000CC8       ShowCommands
 0002:00000CD4       ShowCommands
 0002:00000CE0       ShowCommands
 0002:00000CEC       cUseAlpha
 0002:00000CF4       cUseColorKey
 0002:00000CFC       CursorMap
 0002:00000D50       WindowClass
 0002:00000D78       AppVisible
 0002:00000D7C       ShowFlags
 0002:00002000       DispCallByIDProc
 0002:00002004       ExceptProc
 0002:00002008       ErrorProc
 0002:0000200C       ExceptClsProc
 0002:00002010       ExceptObjProc
 0002:00002014       RaiseExceptionProc
 0002:00002018       RTLUnwindProc
 0002:0000201C       ExceptionClass
 0002:00002020       AssertErrorProc
 0002:00002024       ExitProcessProc
 0002:00002028       AbstractErrorProc
 0002:0000202C       MainInstance
 0002:00002030       MainThreadID
 0002:00002034       IsLibrary
 0002:00002038       CmdShow
 0002:0000203C       CmdLine
 0002:00002040       InitProc
 0002:00002044       ExitProc
 0002:00002048       IsConsole
 0002:00002049       IsMultiThread
 0002:0000204A       Test8086
 0002:0000204C       Input
 0002:00002218       Output
 0002:000023E4       ErrOutput
 0002:000025B0       AllocMemCount
 0002:000025B4       AllocMemSize
 0002:000025B8       .5
 0002:000025BC       DefaultUserCodePage
 0002:000025C0       initialized
 0002:000025C4       heapErrorCode
 0002:000025C8       heapLock
 0002:000025E0       blockDescBlockList
 0002:000025E4       blockDescFreeList
 0002:000025E8       spaceRoot
 0002:000025F8       decommittedRoot
 0002:00002608       avail
 0002:00002614       rover
 0002:00002618       remBytes
 0002:0000261C       curAlloc
 0002:00002620       smallTab
 0002:00002624       committedRoot
 0002:00002634       InitContext
 0002:00002660       ModuleIsLib
 0002:00002661       ModuleIsCpp
 0002:00002664       HInstance
 0002:00002668       .1
 0002:0000266C       tlsBuffer
 0002:00002670       .1
 0002:00002674       .3
 0002:00002678       .1
 0002:0000267C       .1
 0002:00002680       CurrencyString
 0002:00002684       CurrencyFormat
 0002:00002685       NegCurrFormat
 0002:00002686       ThousandSeparator
 0002:00002687       DecimalSeparator
 0002:00002688       CurrencyDecimals
 0002:00002689       DateSeparator
 0002:0000268C       ShortDateFormat
 0002:00002690       LongDateFormat
 0002:00002694       TimeSeparator
 0002:00002698       TimeAMString
 0002:0000269C       TimePMString
 0002:000026A0       ShortTimeFormat
 0002:000026A4       LongTimeFormat
 0002:000026A8       ShortMonthNames
 0002:000026D8       LongMonthNames
 0002:00002708       ShortDayNames
 0002:00002724       LongDayNames
 0002:00002740       SysLocale
 0002:0000274E       ListSeparator
 0002:00002750       EraNames
 0002:0000276C       EraYearOffsets
 0002:00002788       TrueBoolStrs
 0002:0000278C       FalseBoolStrs
 0002:00002790       .35
 0002:00002794       OutOfMemory
 0002:00002798       InvalidPointer
 0002:0000279C       FLanguages
 0002:000027A0       VariantChangeTypeEx
 0002:000027A4       VarNeg
 0002:000027A8       VarNot
 0002:000027AC       VarAdd
 0002:000027B0       VarSub
 0002:000027B4       VarMul
 0002:000027B8       VarDiv
 0002:000027BC       VarIDiv
 0002:000027C0       VarMod
 0002:000027C4       VarAnd
 0002:000027C8       VarOr
 0002:000027CC       VarXor
 0002:000027D0       VarCmp
 0002:000027D4       VarI4FromStr
 0002:000027D8       VarR4FromStr
 0002:000027DC       VarR8FromStr
 0002:000027E0       VarDateFromStr
 0002:000027E4       VarCyFromStr
 0002:000027E8       VarBoolFromStr
 0002:000027EC       VarBstrFromCy
 0002:000027F0       VarBstrFromDate
 0002:000027F4       VarBstrFromBool
 0002:000027F8       .5
 0002:000027FC       EmptyParam
 0002:0000280C       VarDispProc
 0002:00002810       ClearAnyProc
 0002:00002814       ChangeAnyProc
 0002:00002818       RefAnyProc
 0002:0000281C       .81
 0002:00002820       LVarTypes
 0002:00002824       LVarTypeSync
 0002:0000283C       .1
 0002:00002840       .6
 0002:00002844       .3
 0002:00002848       GlobalNameSpace
 0002:0000284C       IsUniqueGlobalComponentNameProc
 0002:00002850       SyncEvent
 0002:00002854       .45
 0002:00002858       IntConstList
 0002:0000285C       RegGroups
 0002:00002860       FindGlobalComponentProcs
 0002:00002864       GlobalFixupList
 0002:00002868       ThreadLock
 0002:00002880       InstBlockList
 0002:00002884       InstFreeList
 0002:00002888       .1
 0002:0000288C       SystemPalette16
 0002:00002890       .12
 0002:00002894       ScreenLogPixels
 0002:00002898       StockPen
 0002:0000289C       StockBrush
 0002:000028A0       StockFont
 0002:000028A4       StockIcon
 0002:000028A8       BitmapImageLock
 0002:000028C0       CounterLock
 0002:000028D8       FontManager
 0002:000028DC       PenManager
 0002:000028E0       BrushManager
 0002:000028E4       CanvasList
 0002:000028E8       PatternManager
 0002:000028EC       .2
 0002:000028F0       .21
 0002:000028F4       .1
 0002:000028F8       GetSystemMetrics
 0002:000028FC       MonitorFromWindow
 0002:00002900       MonitorFromRect
 0002:00002904       MonitorFromPoint
 0002:00002908       GetMonitorInfo
 0002:0000290C       GetMonitorInfoA
 0002:00002910       GetMonitorInfoW
 0002:00002914       EnumDisplayMonitors
 0002:00002918       .1
 0002:0000291C       User32Dll
 0002:00002920       InitApis
 0002:00002928       MMAvailable
 0002:0000292C       .1
 0002:00002930       .2
 0002:00002934       HelpManager
 0002:00002938       .3
 0002:0000293C       .3
 0002:00002940       FlatSB_EnableScrollBar
 0002:00002944       FlatSB_ShowScrollBar
 0002:00002948       FlatSB_GetScrollRange
 0002:0000294C       FlatSB_GetScrollInfo
 0002:00002950       FlatSB_GetScrollPos
 0002:00002954       FlatSB_SetScrollPos
 0002:00002958       FlatSB_SetScrollInfo
 0002:0000295C       FlatSB_SetScrollRange
 0002:00002960       .1
 0002:00002964       _FlatSB_GetScrollProp
 0002:00002968       _FlatSB_SetScrollProp
 0002:0000296C       _InitializeFlatSB
 0002:00002970       _UninitializeFlatSB
 0002:00002974       .6
 0002:00002978       OpenThemeData
 0002:0000297C       CloseThemeData
 0002:00002980       DrawThemeBackground
 0002:00002984       DrawThemeText
 0002:00002988       GetThemeBackgroundContentRect
 0002:0000298C       GetThemeBackgroundExtent
 0002:00002990       GetThemePartSize
 0002:00002994       GetThemeTextExtent
 0002:00002998       GetThemeTextMetrics
 0002:0000299C       GetThemeBackgroundRegion
 0002:000029A0       HitTestThemeBackground
 0002:000029A4       DrawThemeEdge
 0002:000029A8       DrawThemeIcon
 0002:000029AC       IsThemePartDefined
 0002:000029B0       IsThemeBackgroundPartiallyTransparent
 0002:000029B4       GetThemeColor
 0002:000029B8       GetThemeMetric
 0002:000029BC       GetThemeString
 0002:000029C0       GetThemeBool
 0002:000029C4       GetThemeInt
 0002:000029C8       GetThemeEnumValue
 0002:000029CC       GetThemePosition
 0002:000029D0       GetThemeFont
 0002:000029D4       GetThemeRect
 0002:000029D8       GetThemeMargins
 0002:000029DC       GetThemeIntList
 0002:000029E0       GetThemePropertyOrigin
 0002:000029E4       SetWindowTheme
 0002:000029E8       GetThemeFilename
 0002:000029EC       GetThemeSysColor
 0002:000029F0       GetThemeSysColorBrush
 0002:000029F4       GetThemeSysBool
 0002:000029F8       GetThemeSysSize
 0002:000029FC       GetThemeSysFont
 0002:00002A00       GetThemeSysString
 0002:00002A04       GetThemeSysInt
 0002:00002A08       IsThemeActive
 0002:00002A0C       IsAppThemed
 0002:00002A10       GetWindowTheme
 0002:00002A14       EnableThemeDialogTexture
 0002:00002A18       IsThemeDialogTextureEnabled
 0002:00002A1C       GetThemeAppProperties
 0002:00002A20       SetThemeAppProperties
 0002:00002A24       GetCurrentThemeName
 0002:00002A28       GetThemeDocumentationProperty
 0002:00002A2C       DrawThemeParentBackground
 0002:00002A30       EnableTheming
 0002:00002A34       .1
 0002:00002A38       ThemeLibrary
 0002:00002A3C       ReferenceCount
 0002:00002A40       Lock
 0002:00002A44       .1
 0002:00002A48       .4
 0002:00002A4C       .1
 0002:00002A50       .1
 0002:00002A54       .1
 0002:00002A58       .1
 0002:00002A5C       .1
 0002:00002A60       .1
 0002:00002A64       .1
 0002:00002A68       .11
 0002:00002A6C       HelpMsg
 0002:00002A70       FindMsg
 0002:00002A74       .12
 0002:00002A78       .1
 0002:00002A7C       CF_PICTURE
 0002:00002A7E       CF_COMPONENT
 0002:00002A80       .2
 0002:00002A84       FClipboard
 0002:00002A88       .1
 0002:00002A8C       .4
 0002:00002A90       BitBtnGlyphs
 0002:00002ABC       .3
 0002:00002AC0       .8
 0002:00002AC4       .5
 0002:00002AC8       .1
 0002:00002ACC       .72
 0002:00002AD0       UrlMonHandle
 0002:00002AD4       UrlMonInitialized
 0002:00002AD8       .8
 0002:00002ADC       .36
 0002:00002AE0       ShellModule
 0002:00002AE4       FRichEditModule
 0002:00002AE8       ComCtlVersion
 0002:00002AEC       .2
 0002:00002AF0       InternalServices
 0002:00002AF4       .42
 0002:00002AF8       .73
 0002:00002AFC       WinHelpTester
 0002:00002B00       ViewerName
 0002:00002B04       .1
 0002:00002B08       HelpViewer
 0002:00002B0C       HelpViewerIntf
 0002:00002B10       Mouse
 0002:00002B14       NewStyleControls
 0002:00002B18       .72
 0002:00002B1C       WindowAtom
 0002:00002B1E       ControlAtom
 0002:00002B20       WindowAtomString
 0002:00002B24       ControlAtomString
 0002:00002B28       RM_GetObjectInstance
 0002:00002B2C       DragControl
 0002:00002B30       DragObject
 0002:00002B34       DragInternalObject
 0002:00002B38       DragCapture
 0002:00002B3C       DragStartPos
 0002:00002B44       DragSaveCursor
 0002:00002B48       DragThreshold
 0002:00002B4C       ActiveDrag
 0002:00002B50       DragImageList
 0002:00002B54       DockSiteList
 0002:00002B58       QualifyingSites
 0002:00002B5C       DragSave
 0002:00002B60       CanvasList
 0002:00002B64       _WINNLSEnableIME
 0002:00002B68       _ImmGetContext
 0002:00002B6C       _ImmReleaseContext
 0002:00002B70       _ImmGetConversionStatus
 0002:00002B74       _ImmSetConversionStatus
 0002:00002B78       _ImmSetOpenStatus
 0002:00002B7C       _ImmSetCompositionWindow
 0002:00002B80       _ImmSetCompositionFont
 0002:00002B84       _ImmGetCompositionString
 0002:00002B88       _ImmIsIME
 0002:00002B8C       _ImmNotifyIME
 0002:00002B90       .8
 0002:00002B94       .3
 0002:00002B98       CachedComCtrlVer
 0002:00002B9C       ImageListWriteExProc
 0002:00002BA0       PopupList
 0002:00002BA4       ShortCutItems
 0002:00002BA8       .9
 0002:00002BAC       CommandPool
 0002:00002BB0       Application
 0002:00002BB4       Screen
 0002:00002BB8       .41
 0002:00002BBC       RM_TaskbarCreated
 0002:00002BC0       HintThreadID
 0002:00002BC4       HintDoneEvent
 0002:00002BC8       HintHook
 0002:00002BCC       HintThread
 0002:00002BD0       Form1
 0002:00002BD4       .2


Line numbers for Unit1(Unit1.pas) segment .text

    37 0001:0004F2C0    38 0001:0004F2E4    39 0001:0004F2F6    40 0001:0004F31B
    41 0001:0004F337    42 0001:0004F343    43 0001:0004F34F    45 0001:0004F360
    47 0001:0004F3B2    48 0001:0004F3E1    50 0001:0004F3F3    51 0001:0004F402
    52 0001:0004F411    53 0001:0004F420    54 0001:0004F42F    55 0001:0004F43E
    56 0001:0004F44D    57 0001:0004F45C    58 0001:0004F46B    60 0001:0004F478
    62 0001:0004F4C7    63 0001:0004F4E6    66 0001:0004F4F8    67 0001:0004F517
    70 0001:0004F529    71 0001:0004F548    74 0001:0004F55A    78 0001:0004F579
    82 0001:0004F58B    83 0001:0004F5A6    86 0001:0004F5B8    87 0001:0004F5E3
    88 0001:0004F5FE    92 0001:0004F610    93 0001:0004F62F    96 0001:0004F641
    97 0001:0004F660   100 0001:0004F672   102 0001:0004F691   103 0001:0004F6BC
   104 0001:0004F6D7   108 0001:0004F6E9   109 0001:0004F704   112 0001:0004F716
   113 0001:0004F731   114 0001:0004F75C   116 0001:0004F76E   120 0001:0004F780
   121 0001:0004F79F   124 0001:0004F7B1   125 0001:0004F7D0   128 0001:0004F7DF
   129 0001:0004F7FA   132 0001:0004F809   133 0001:0004F834   134 0001:0004F84F
   137 0001:0004F85C    43 0001:0004F85D   138 0001:0004F866   140 0001:0004F877
   142 0001:0004F8C9   143 0001:0004F8F8   145 0001:0004F90A   146 0001:0004F919
   147 0001:0004F928   148 0001:0004F937   149 0001:0004F946   150 0001:0004F955
   151 0001:0004F964   152 0001:0004F973   153 0001:0004F982   155 0001:0004F98F
   157 0001:0004F99D   158 0001:0004F9B8   161 0001:0004F9C7   162 0001:0004F9E2
   165 0001:0004F9EF   138 0001:0004F9F0   166 0001:0004F9F9   167 0001:0004FA33
   170 0001:0004FB14   171 0001:0004FB2C   172 0001:0004FB86   174 0001:0004FBBC
   174 0001:0004FBC3

Line numbers for Project1(D:\Temp\codefans.net\513\Project1.dpr) segment .text

     9 0001:0004FDCC    10 0001:0004FDDC    11 0001:0004FDE8    12 0001:0004FE00
    13 0001:0004FE0C

Bound resource files

d:\program files\borland\delphi7\Lib\Buttons.res
d:\program files\borland\delphi7\Lib\ExtDlgs.res
d:\program files\borland\delphi7\Lib\Controls.res
Unit1.dfm
Project1.res
Project1.drf


Program entry point at 0001:0004FDCC
